Server Tests	Set up job	´╗┐2026-03-23T23:02:20.6212238Z Current runner version: '2.332.0'
Server Tests	Set up job	2026-03-23T23:02:20.6236930Z ##[group]Runner Image Provisioner
Server Tests	Set up job	2026-03-23T23:02:20.6237719Z Hosted Compute Agent
Server Tests	Set up job	2026-03-23T23:02:20.6238362Z Version: 20260213.493
Server Tests	Set up job	2026-03-23T23:02:20.6238922Z Commit: 5c115507f6dd24b8de37d8bbe0bb4509d0cc0fa3
Server Tests	Set up job	2026-03-23T23:02:20.6239654Z Build Date: 2026-02-13T00:28:41Z
Server Tests	Set up job	2026-03-23T23:02:20.6240305Z Worker ID: {cafb8e8e-bf0b-473b-8f9e-6a3e221726f3}
Server Tests	Set up job	2026-03-23T23:02:20.6241007Z Azure Region: westus
Server Tests	Set up job	2026-03-23T23:02:20.6241506Z ##[endgroup]
Server Tests	Set up job	2026-03-23T23:02:20.6243419Z ##[group]Operating System
Server Tests	Set up job	2026-03-23T23:02:20.6244071Z Ubuntu
Server Tests	Set up job	2026-03-23T23:02:20.6244538Z 24.04.3
Server Tests	Set up job	2026-03-23T23:02:20.6245039Z LTS
Server Tests	Set up job	2026-03-23T23:02:20.6245477Z ##[endgroup]
Server Tests	Set up job	2026-03-23T23:02:20.6245966Z ##[group]Runner Image
Server Tests	Set up job	2026-03-23T23:02:20.6246460Z Image: ubuntu-24.04
Server Tests	Set up job	2026-03-23T23:02:20.6247033Z Version: 20260309.50.1
Server Tests	Set up job	2026-03-23T23:02:20.6248013Z Included Software: https://github.com/actions/runner-images/blob/ubuntu24/20260309.50/images/ubuntu/Ubuntu2404-Readme.md
Server Tests	Set up job	2026-03-23T23:02:20.6249691Z Image Release: https://github.com/actions/runner-images/releases/tag/ubuntu24%2F20260309.50
Server Tests	Set up job	2026-03-23T23:02:20.6250584Z ##[endgroup]
Server Tests	Set up job	2026-03-23T23:02:20.6251676Z ##[group]GITHUB_TOKEN Permissions
Server Tests	Set up job	2026-03-23T23:02:20.6253689Z Contents: read
Server Tests	Set up job	2026-03-23T23:02:20.6254230Z Metadata: read
Server Tests	Set up job	2026-03-23T23:02:20.6254811Z Packages: read
Server Tests	Set up job	2026-03-23T23:02:20.6255306Z ##[endgroup]
Server Tests	Set up job	2026-03-23T23:02:20.6257375Z Secret source: Actions
Server Tests	Set up job	2026-03-23T23:02:20.6258179Z Prepare workflow directory
Server Tests	Set up job	2026-03-23T23:02:20.6728902Z Prepare all required actions
Server Tests	Set up job	2026-03-23T23:02:20.6770982Z Getting action download info
Server Tests	Set up job	2026-03-23T23:02:21.0808133Z Download action repository 'actions/checkout@v4' (SHA:34e114876b0b11c390a56381ad16ebd13914f8d5)
Server Tests	Set up job	2026-03-23T23:02:21.1971464Z Download action repository 'actions/setup-python@v5' (SHA:a26af69be951a213d495a4c3e4e4022e16d87065)
Server Tests	Set up job	2026-03-23T23:02:21.3858508Z Complete job name: Server Tests
Server Tests	Run actions/checkout@v4	´╗┐2026-03-23T23:02:21.4573362Z ##[group]Run actions/checkout@v4
Server Tests	Run actions/checkout@v4	2026-03-23T23:02:21.4574308Z with:
Server Tests	Run actions/checkout@v4	2026-03-23T23:02:21.4574797Z   repository: WhitehatD/thesis-iot-monitoring
Server Tests	Run actions/checkout@v4	2026-03-23T23:02:21.4575516Z   token: ***
Server Tests	Run actions/checkout@v4	2026-03-23T23:02:21.4575888Z   ssh-strict: true
Server Tests	Run actions/checkout@v4	2026-03-23T23:02:21.4576261Z   ssh-user: git
Server Tests	Run actions/checkout@v4	2026-03-23T23:02:21.4576653Z   persist-credentials: true
Server Tests	Run actions/checkout@v4	2026-03-23T23:02:21.4577082Z   clean: true
Server Tests	Run actions/checkout@v4	2026-03-23T23:02:21.4577477Z   sparse-checkout-cone-mode: true
Server Tests	Run actions/checkout@v4	2026-03-23T23:02:21.4577935Z   fetch-depth: 1
Server Tests	Run actions/checkout@v4	2026-03-23T23:02:21.4578352Z   fetch-tags: false
Server Tests	Run actions/checkout@v4	2026-03-23T23:02:21.4578793Z   show-progress: true
Server Tests	Run actions/checkout@v4	2026-03-23T23:02:21.4579175Z   lfs: false
Server Tests	Run actions/checkout@v4	2026-03-23T23:02:21.4579530Z   submodules: false
Server Tests	Run actions/checkout@v4	2026-03-23T23:02:21.4579917Z   set-safe-directory: true
Server Tests	Run actions/checkout@v4	2026-03-23T23:02:21.4580544Z env:
Server Tests	Run actions/checkout@v4	2026-03-23T23:02:21.4580903Z   REGISTRY: ghcr.io
Server Tests	Run actions/checkout@v4	2026-03-23T23:02:21.4581292Z ##[endgroup]
Server Tests	Run actions/checkout@v4	2026-03-23T23:02:21.5695089Z Syncing repository: WhitehatD/thesis-iot-monitoring
Server Tests	Run actions/checkout@v4	2026-03-23T23:02:21.5696911Z ##[group]Getting Git version info
Server Tests	Run actions/checkout@v4	2026-03-23T23:02:21.5697845Z Working directory is '/home/runner/work/thesis-iot-monitoring/thesis-iot-monitoring'
Server Tests	Run actions/checkout@v4	2026-03-23T23:02:21.5698927Z [command]/usr/bin/git version
Server Tests	Run actions/checkout@v4	2026-03-23T23:02:21.5786822Z git version 2.53.0
Server Tests	Run actions/checkout@v4	2026-03-23T23:02:21.5813658Z ##[endgroup]
Server Tests	Run actions/checkout@v4	2026-03-23T23:02:21.5829179Z Temporarily overriding HOME='/home/runner/work/_temp/db67bcee-293e-4362-aa83-20d181512f82' before making global git config changes
Server Tests	Run actions/checkout@v4	2026-03-23T23:02:21.5830571Z Adding repository directory to the temporary git global config as a safe directory
Server Tests	Run actions/checkout@v4	2026-03-23T23:02:21.5844026Z [command]/usr/bin/git config --global --add safe.directory /home/runner/work/thesis-iot-monitoring/thesis-iot-monitoring
Server Tests	Run actions/checkout@v4	2026-03-23T23:02:21.5892387Z Deleting the contents of '/home/runner/work/thesis-iot-monitoring/thesis-iot-monitoring'
Server Tests	Run actions/checkout@v4	2026-03-23T23:02:21.5896546Z ##[group]Initializing the repository
Server Tests	Run actions/checkout@v4	2026-03-23T23:02:21.5903148Z [command]/usr/bin/git init /home/runner/work/thesis-iot-monitoring/thesis-iot-monitoring
Server Tests	Run actions/checkout@v4	2026-03-23T23:02:21.6045150Z hint: Using 'master' as the name for the initial branch. This default branch name
Server Tests	Run actions/checkout@v4	2026-03-23T23:02:21.6046649Z hint: will change to "main" in Git 3.0. To configure the initial branch name
Server Tests	Run actions/checkout@v4	2026-03-23T23:02:21.6047529Z hint: to use in all of your new repositories, which will suppress this warning,
Server Tests	Run actions/checkout@v4	2026-03-23T23:02:21.6048224Z hint: call:
Server Tests	Run actions/checkout@v4	2026-03-23T23:02:21.6048562Z hint:
Server Tests	Run actions/checkout@v4	2026-03-23T23:02:21.6049203Z hint: 	git config --global init.defaultBranch <name>
Server Tests	Run actions/checkout@v4	2026-03-23T23:02:21.6050163Z hint:
Server Tests	Run actions/checkout@v4	2026-03-23T23:02:21.6050903Z hint: Names commonly chosen instead of 'master' are 'main', 'trunk' and
Server Tests	Run actions/checkout@v4	2026-03-23T23:02:21.6052025Z hint: 'development'. The just-created branch can be renamed via this command:
Server Tests	Run actions/checkout@v4	2026-03-23T23:02:21.6052761Z hint:
Server Tests	Run actions/checkout@v4	2026-03-23T23:02:21.6053128Z hint: 	git branch -m <name>
Server Tests	Run actions/checkout@v4	2026-03-23T23:02:21.6053541Z hint:
Server Tests	Run actions/checkout@v4	2026-03-23T23:02:21.6054107Z hint: Disable this message with "git config set advice.defaultBranchName false"
Server Tests	Run actions/checkout@v4	2026-03-23T23:02:21.6055199Z Initialized empty Git repository in /home/runner/work/thesis-iot-monitoring/thesis-iot-monitoring/.git/
Server Tests	Run actions/checkout@v4	2026-03-23T23:02:21.6062786Z [command]/usr/bin/git remote add origin https://github.com/WhitehatD/thesis-iot-monitoring
Server Tests	Run actions/checkout@v4	2026-03-23T23:02:21.6101471Z ##[endgroup]
Server Tests	Run actions/checkout@v4	2026-03-23T23:02:21.6102959Z ##[group]Disabling automatic garbage collection
Server Tests	Run actions/checkout@v4	2026-03-23T23:02:21.6107035Z [command]/usr/bin/git config --local gc.auto 0
Server Tests	Run actions/checkout@v4	2026-03-23T23:02:21.6138332Z ##[endgroup]
Server Tests	Run actions/checkout@v4	2026-03-23T23:02:21.6139486Z ##[group]Setting up auth
Server Tests	Run actions/checkout@v4	2026-03-23T23:02:21.6146724Z [command]/usr/bin/git config --local --name-only --get-regexp core\.sshCommand
Server Tests	Run actions/checkout@v4	2026-03-23T23:02:21.6180124Z [command]/usr/bin/git submodule foreach --recursive sh -c "git config --local --name-only --get-regexp 'core\.sshCommand' && git config --local --unset-all 'core.sshCommand' || :"
Server Tests	Run actions/checkout@v4	2026-03-23T23:02:21.6546998Z [command]/usr/bin/git config --local --name-only --get-regexp http\.https\:\/\/github\.com\/\.extraheader
Server Tests	Run actions/checkout@v4	2026-03-23T23:02:21.6577754Z [command]/usr/bin/git submodule foreach --recursive sh -c "git config --local --name-only --get-regexp 'http\.https\:\/\/github\.com\/\.extraheader' && git config --local --unset-all 'http.https://github.com/.extraheader' || :"
Server Tests	Run actions/checkout@v4	2026-03-23T23:02:21.6833208Z [command]/usr/bin/git config --local --name-only --get-regexp ^includeIf\.gitdir:
Server Tests	Run actions/checkout@v4	2026-03-23T23:02:21.6871455Z [command]/usr/bin/git submodule foreach --recursive git config --local --show-origin --name-only --get-regexp remote.origin.url
Server Tests	Run actions/checkout@v4	2026-03-23T23:02:21.7160679Z [command]/usr/bin/git config --local http.https://github.com/.extraheader AUTHORIZATION: basic ***
Server Tests	Run actions/checkout@v4	2026-03-23T23:02:21.7205807Z ##[endgroup]
Server Tests	Run actions/checkout@v4	2026-03-23T23:02:21.7207059Z ##[group]Fetching the repository
Server Tests	Run actions/checkout@v4	2026-03-23T23:02:21.7218495Z [command]/usr/bin/git -c protocol.version=2 fetch --no-tags --prune --no-recurse-submodules --depth=1 origin +ed74cd31e83301abb2b4d417c7477d2e37e9ac60:refs/remotes/origin/main
Server Tests	Run actions/checkout@v4	2026-03-23T23:02:23.1058170Z From https://github.com/WhitehatD/thesis-iot-monitoring
Server Tests	Run actions/checkout@v4	2026-03-23T23:02:23.1060054Z  * [new ref]         ed74cd31e83301abb2b4d417c7477d2e37e9ac60 -> origin/main
Server Tests	Run actions/checkout@v4	2026-03-23T23:02:23.1096258Z ##[endgroup]
Server Tests	Run actions/checkout@v4	2026-03-23T23:02:23.1097541Z ##[group]Determining the checkout info
Server Tests	Run actions/checkout@v4	2026-03-23T23:02:23.1099072Z ##[endgroup]
Server Tests	Run actions/checkout@v4	2026-03-23T23:02:23.1104801Z [command]/usr/bin/git sparse-checkout disable
Server Tests	Run actions/checkout@v4	2026-03-23T23:02:23.1151380Z [command]/usr/bin/git config --local --unset-all extensions.worktreeConfig
Server Tests	Run actions/checkout@v4	2026-03-23T23:02:23.1180895Z ##[group]Checking out the ref
Server Tests	Run actions/checkout@v4	2026-03-23T23:02:23.1186534Z [command]/usr/bin/git checkout --progress --force -B main refs/remotes/origin/main
Server Tests	Run actions/checkout@v4	2026-03-23T23:02:23.4463260Z Switched to a new branch 'main'
Server Tests	Run actions/checkout@v4	2026-03-23T23:02:23.4464288Z branch 'main' set up to track 'origin/main'.
Server Tests	Run actions/checkout@v4	2026-03-23T23:02:23.4499145Z ##[endgroup]
Server Tests	Run actions/checkout@v4	2026-03-23T23:02:23.4539547Z [command]/usr/bin/git log -1 --format=%H
Server Tests	Run actions/checkout@v4	2026-03-23T23:02:23.4563600Z ed74cd31e83301abb2b4d417c7477d2e37e9ac60
Server Tests	Set up Python 3.12	´╗┐2026-03-23T23:02:23.4797752Z ##[group]Run actions/setup-python@v5
Server Tests	Set up Python 3.12	2026-03-23T23:02:23.4798295Z with:
Server Tests	Set up Python 3.12	2026-03-23T23:02:23.4798793Z   python-version: 3.12
Server Tests	Set up Python 3.12	2026-03-23T23:02:23.4799421Z   cache: pip
Server Tests	Set up Python 3.12	2026-03-23T23:02:23.4799867Z   cache-dependency-path: server/requirements*.txt
Server Tests	Set up Python 3.12	2026-03-23T23:02:23.4800597Z   check-latest: false
Server Tests	Set up Python 3.12	2026-03-23T23:02:23.4801152Z   token: ***
Server Tests	Set up Python 3.12	2026-03-23T23:02:23.4801532Z   update-environment: true
Server Tests	Set up Python 3.12	2026-03-23T23:02:23.4802149Z   allow-prereleases: false
Server Tests	Set up Python 3.12	2026-03-23T23:02:23.4802584Z   freethreaded: false
Server Tests	Set up Python 3.12	2026-03-23T23:02:23.4802966Z env:
Server Tests	Set up Python 3.12	2026-03-23T23:02:23.4803309Z   REGISTRY: ghcr.io
Server Tests	Set up Python 3.12	2026-03-23T23:02:23.4803718Z ##[endgroup]
Server Tests	Set up Python 3.12	2026-03-23T23:02:23.6568951Z ##[group]Installed versions
Server Tests	Set up Python 3.12	2026-03-23T23:02:23.6676434Z Successfully set up CPython (3.12.13)
Server Tests	Set up Python 3.12	2026-03-23T23:02:23.6677135Z ##[endgroup]
Server Tests	Set up Python 3.12	2026-03-23T23:02:23.7005904Z [command]/opt/hostedtoolcache/Python/3.12.13/x64/bin/pip cache dir
Server Tests	Set up Python 3.12	2026-03-23T23:02:27.1513828Z /home/runner/.cache/pip
Server Tests	Set up Python 3.12	2026-03-23T23:02:27.4579374Z Cache hit for: setup-python-Linux-x64-24.04-Ubuntu-python-3.12.13-pip-ab5b0bbdc9be72874ef5827687e8b65dfd47406400c8bcf57957f6e74ec77c4d
Server Tests	Set up Python 3.12	2026-03-23T23:02:28.7389678Z Received 20971520 of 65156263 (32.2%), 20.0 MBs/sec
Server Tests	Set up Python 3.12	2026-03-23T23:02:29.1181354Z Received 65156263 of 65156263 (100.0%), 45.1 MBs/sec
Server Tests	Set up Python 3.12	2026-03-23T23:02:29.1183362Z Cache Size: ~62 MB (65156263 B)
Server Tests	Set up Python 3.12	2026-03-23T23:02:29.1312155Z [command]/usr/bin/tar -xf /home/runner/work/_temp/52e474ec-161b-48ff-b7a8-9a9180a1aee9/cache.tzst -P -C /home/runner/work/thesis-iot-monitoring/thesis-iot-monitoring --use-compress-program unzstd
Server Tests	Set up Python 3.12	2026-03-23T23:02:29.2567218Z Cache restored successfully
Server Tests	Set up Python 3.12	2026-03-23T23:02:29.2716848Z Cache restored from key: setup-python-Linux-x64-24.04-Ubuntu-python-3.12.13-pip-ab5b0bbdc9be72874ef5827687e8b65dfd47406400c8bcf57957f6e74ec77c4d
Server Tests	Install dependencies	´╗┐2026-03-23T23:02:29.2868747Z ##[group]Run pip install -r requirements.txt -r requirements-dev.txt
Server Tests	Install dependencies	2026-03-23T23:02:29.2869356Z [36;1mpip install -r requirements.txt -r requirements-dev.txt[0m
Server Tests	Install dependencies	2026-03-23T23:02:29.2925302Z shell: /usr/bin/bash -e {0}
Server Tests	Install dependencies	2026-03-23T23:02:29.2925588Z env:
Server Tests	Install dependencies	2026-03-23T23:02:29.2925766Z   REGISTRY: ghcr.io
Server Tests	Install dependencies	2026-03-23T23:02:29.2926052Z   pythonLocation: /opt/hostedtoolcache/Python/3.12.13/x64
Server Tests	Install dependencies	2026-03-23T23:02:29.2926503Z   PKG_CONFIG_PATH: /opt/hostedtoolcache/Python/3.12.13/x64/lib/pkgconfig
Server Tests	Install dependencies	2026-03-23T23:02:29.2926974Z   Python_ROOT_DIR: /opt/hostedtoolcache/Python/3.12.13/x64
Server Tests	Install dependencies	2026-03-23T23:02:29.2927341Z   Python2_ROOT_DIR: /opt/hostedtoolcache/Python/3.12.13/x64
Server Tests	Install dependencies	2026-03-23T23:02:29.2927709Z   Python3_ROOT_DIR: /opt/hostedtoolcache/Python/3.12.13/x64
Server Tests	Install dependencies	2026-03-23T23:02:29.2928080Z   LD_LIBRARY_PATH: /opt/hostedtoolcache/Python/3.12.13/x64/lib
Server Tests	Install dependencies	2026-03-23T23:02:29.2928394Z ##[endgroup]
Server Tests	Install dependencies	2026-03-23T23:02:31.5234262Z Collecting fastapi>=0.115.0 (from -r requirements.txt (line 2))
Server Tests	Install dependencies	2026-03-23T23:02:31.5249516Z   Using cached fastapi-0.135.2-py3-none-any.whl.metadata (28 kB)
Server Tests	Install dependencies	2026-03-23T23:02:31.5531466Z Collecting uvicorn>=0.34.0 (from uvicorn[standard]>=0.34.0->-r requirements.txt (line 3))
Server Tests	Install dependencies	2026-03-23T23:02:31.5544554Z   Using cached uvicorn-0.42.0-py3-none-any.whl.metadata (6.7 kB)
Server Tests	Install dependencies	2026-03-23T23:02:32.0564909Z Collecting pydantic>=2.10.0 (from -r requirements.txt (line 4))
Server Tests	Install dependencies	2026-03-23T23:02:32.0584496Z   Using cached pydantic-2.12.5-py3-none-any.whl.metadata (90 kB)
Server Tests	Install dependencies	2026-03-23T23:02:32.2523387Z Collecting pydantic-settings>=2.7.0 (from -r requirements.txt (line 5))
Server Tests	Install dependencies	2026-03-23T23:02:32.2535928Z   Using cached pydantic_settings-2.13.1-py3-none-any.whl.metadata (3.4 kB)
Server Tests	Install dependencies	2026-03-23T23:02:32.2630436Z Collecting python-multipart>=0.0.18 (from -r requirements.txt (line 6))
Server Tests	Install dependencies	2026-03-23T23:02:32.2642515Z   Using cached python_multipart-0.0.22-py3-none-any.whl.metadata (1.8 kB)
Server Tests	Install dependencies	2026-03-23T23:02:32.3427208Z Collecting fastapi-mqtt>=2.2.0 (from -r requirements.txt (line 9))
Server Tests	Install dependencies	2026-03-23T23:02:32.3439743Z   Using cached fastapi_mqtt-2.2.0-py3-none-any.whl.metadata (6.0 kB)
Server Tests	Install dependencies	2026-03-23T23:02:32.5888795Z Collecting sqlalchemy>=2.0.36 (from sqlalchemy[asyncio]>=2.0.36->-r requirements.txt (line 12))
Server Tests	Install dependencies	2026-03-23T23:02:32.5903847Z   Using cached sqlalchemy-2.0.48-cp312-cp312-manylinux2014_x86_64.manylinux_2_17_x86_64.manylinux_2_28_x86_64.whl.metadata (9.5 kB)
Server Tests	Install dependencies	2026-03-23T23:02:32.6045133Z Collecting aiosqlite>=0.20.0 (from -r requirements.txt (line 13))
Server Tests	Install dependencies	2026-03-23T23:02:32.6056763Z   Using cached aiosqlite-0.22.1-py3-none-any.whl.metadata (4.3 kB)
Server Tests	Install dependencies	2026-03-23T23:02:32.6219992Z Collecting alembic>=1.14.0 (from -r requirements.txt (line 14))
Server Tests	Install dependencies	2026-03-23T23:02:32.6231678Z   Using cached alembic-1.18.4-py3-none-any.whl.metadata (7.2 kB)
Server Tests	Install dependencies	2026-03-23T23:02:32.6659895Z Collecting openai>=1.60.0 (from -r requirements.txt (line 17))
Server Tests	Install dependencies	2026-03-23T23:02:32.6672370Z   Using cached openai-2.29.0-py3-none-any.whl.metadata (29 kB)
Server Tests	Install dependencies	2026-03-23T23:02:32.6898616Z Collecting google-genai>=1.5.0 (from -r requirements.txt (line 18))
Server Tests	Install dependencies	2026-03-23T23:02:32.6909701Z   Using cached google_genai-1.68.0-py3-none-any.whl.metadata (52 kB)
Server Tests	Install dependencies	2026-03-23T23:02:32.7075215Z Collecting httpx>=0.28.0 (from -r requirements.txt (line 21))
Server Tests	Install dependencies	2026-03-23T23:02:32.7086980Z   Using cached httpx-0.28.1-py3-none-any.whl.metadata (7.1 kB)
Server Tests	Install dependencies	2026-03-23T23:02:32.8848185Z Collecting numpy>=1.26.0 (from -r requirements.txt (line 22))
Server Tests	Install dependencies	2026-03-23T23:02:32.8861591Z   Using cached numpy-2.4.3-cp312-cp312-manylinux_2_27_x86_64.manylinux_2_28_x86_64.whl.metadata (6.6 kB)
Server Tests	Install dependencies	2026-03-23T23:02:33.0622007Z Collecting Pillow>=11.0.0 (from -r requirements.txt (line 23))
Server Tests	Install dependencies	2026-03-23T23:02:33.0635547Z   Using cached pillow-12.1.1-cp312-cp312-manylinux_2_27_x86_64.manylinux_2_28_x86_64.whl.metadata (8.8 kB)
Server Tests	Install dependencies	2026-03-23T23:02:33.0889988Z Collecting pytest>=8.0.0 (from -r requirements-dev.txt (line 2))
Server Tests	Install dependencies	2026-03-23T23:02:33.0902273Z   Using cached pytest-9.0.2-py3-none-any.whl.metadata (7.6 kB)
Server Tests	Install dependencies	2026-03-23T23:02:33.1073685Z Collecting pytest-asyncio>=0.24.0 (from -r requirements-dev.txt (line 7))
Server Tests	Install dependencies	2026-03-23T23:02:33.1085627Z   Using cached pytest_asyncio-1.3.0-py3-none-any.whl.metadata (4.1 kB)
Server Tests	Install dependencies	2026-03-23T23:02:33.4218207Z Collecting ruff>=0.8.0 (from -r requirements-dev.txt (line 8))
Server Tests	Install dependencies	2026-03-23T23:02:33.4231395Z   Using cached ruff-0.15.7-py3-none-manylinux_2_17_x86_64.manylinux2014_x86_64.whl.metadata (26 kB)
Server Tests	Install dependencies	2026-03-23T23:02:33.4442855Z Collecting starlette>=0.46.0 (from fastapi>=0.115.0->-r requirements.txt (line 2))
Server Tests	Install dependencies	2026-03-23T23:02:33.4455073Z   Using cached starlette-1.0.0-py3-none-any.whl.metadata (6.3 kB)
Server Tests	Install dependencies	2026-03-23T23:02:33.4613944Z Collecting typing-extensions>=4.8.0 (from fastapi>=0.115.0->-r requirements.txt (line 2))
Server Tests	Install dependencies	2026-03-23T23:02:33.4626221Z   Using cached typing_extensions-4.15.0-py3-none-any.whl.metadata (3.3 kB)
Server Tests	Install dependencies	2026-03-23T23:02:33.4693783Z Collecting typing-inspection>=0.4.2 (from fastapi>=0.115.0->-r requirements.txt (line 2))
Server Tests	Install dependencies	2026-03-23T23:02:33.4706483Z   Using cached typing_inspection-0.4.2-py3-none-any.whl.metadata (2.6 kB)
Server Tests	Install dependencies	2026-03-23T23:02:33.4771700Z Collecting annotated-doc>=0.0.2 (from fastapi>=0.115.0->-r requirements.txt (line 2))
Server Tests	Install dependencies	2026-03-23T23:02:33.4783644Z   Using cached annotated_doc-0.0.4-py3-none-any.whl.metadata (6.6 kB)
Server Tests	Install dependencies	2026-03-23T23:02:33.4910864Z Collecting click>=7.0 (from uvicorn>=0.34.0->uvicorn[standard]>=0.34.0->-r requirements.txt (line 3))
Server Tests	Install dependencies	2026-03-23T23:02:33.4924955Z   Using cached click-8.3.1-py3-none-any.whl.metadata (2.6 kB)
Server Tests	Install dependencies	2026-03-23T23:02:33.5002005Z Collecting h11>=0.8 (from uvicorn>=0.34.0->uvicorn[standard]>=0.34.0->-r requirements.txt (line 3))
Server Tests	Install dependencies	2026-03-23T23:02:33.5014124Z   Using cached h11-0.16.0-py3-none-any.whl.metadata (8.3 kB)
Server Tests	Install dependencies	2026-03-23T23:02:33.5154120Z Collecting annotated-types>=0.6.0 (from pydantic>=2.10.0->-r requirements.txt (line 4))
Server Tests	Install dependencies	2026-03-23T23:02:33.5166717Z   Using cached annotated_types-0.7.0-py3-none-any.whl.metadata (15 kB)
Server Tests	Install dependencies	2026-03-23T23:02:34.1589857Z Collecting pydantic-core==2.41.5 (from pydantic>=2.10.0->-r requirements.txt (line 4))
Server Tests	Install dependencies	2026-03-23T23:02:34.1605238Z   Using cached pydantic_core-2.41.5-cp312-cp312-manylinux_2_17_x86_64.manylinux2014_x86_64.whl.metadata (7.3 kB)
Server Tests	Install dependencies	2026-03-23T23:02:34.1774196Z Collecting python-dotenv>=0.21.0 (from pydantic-settings>=2.7.0->-r requirements.txt (line 5))
Server Tests	Install dependencies	2026-03-23T23:02:34.1787527Z   Using cached python_dotenv-1.2.2-py3-none-any.whl.metadata (27 kB)
Server Tests	Install dependencies	2026-03-23T23:02:34.1923980Z Collecting gmqtt>=0.6.11 (from fastapi-mqtt>=2.2.0->-r requirements.txt (line 9))
Server Tests	Install dependencies	2026-03-23T23:02:34.1936072Z   Using cached gmqtt-0.7.0-py3-none-any.whl.metadata (8.7 kB)
Server Tests	Install dependencies	2026-03-23T23:02:34.3678742Z Collecting greenlet>=1 (from sqlalchemy>=2.0.36->sqlalchemy[asyncio]>=2.0.36->-r requirements.txt (line 12))
Server Tests	Install dependencies	2026-03-23T23:02:34.3693077Z   Using cached greenlet-3.3.2-cp312-cp312-manylinux_2_24_x86_64.manylinux_2_28_x86_64.whl.metadata (3.7 kB)
Server Tests	Install dependencies	2026-03-23T23:02:34.3866245Z Collecting Mako (from alembic>=1.14.0->-r requirements.txt (line 14))
Server Tests	Install dependencies	2026-03-23T23:02:34.3879848Z   Using cached mako-1.3.10-py3-none-any.whl.metadata (2.9 kB)
Server Tests	Install dependencies	2026-03-23T23:02:34.4033178Z Collecting anyio<5,>=3.5.0 (from openai>=1.60.0->-r requirements.txt (line 17))
Server Tests	Install dependencies	2026-03-23T23:02:34.4044937Z   Using cached anyio-4.12.1-py3-none-any.whl.metadata (4.3 kB)
Server Tests	Install dependencies	2026-03-23T23:02:34.4132200Z Collecting distro<2,>=1.7.0 (from openai>=1.60.0->-r requirements.txt (line 17))
Server Tests	Install dependencies	2026-03-23T23:02:34.4143676Z   Using cached distro-1.9.0-py3-none-any.whl.metadata (6.8 kB)
Server Tests	Install dependencies	2026-03-23T23:02:34.4819867Z Collecting jiter<1,>=0.10.0 (from openai>=1.60.0->-r requirements.txt (line 17))
Server Tests	Install dependencies	2026-03-23T23:02:34.4834595Z   Using cached jiter-0.13.0-cp312-cp312-manylinux_2_17_x86_64.manylinux2014_x86_64.whl.metadata (5.2 kB)
Server Tests	Install dependencies	2026-03-23T23:02:34.4940443Z Collecting sniffio (from openai>=1.60.0->-r requirements.txt (line 17))
Server Tests	Install dependencies	2026-03-23T23:02:34.4953017Z   Using cached sniffio-1.3.1-py3-none-any.whl.metadata (3.9 kB)
Server Tests	Install dependencies	2026-03-23T23:02:34.5283332Z Collecting tqdm>4 (from openai>=1.60.0->-r requirements.txt (line 17))
Server Tests	Install dependencies	2026-03-23T23:02:34.5295532Z   Using cached tqdm-4.67.3-py3-none-any.whl.metadata (57 kB)
Server Tests	Install dependencies	2026-03-23T23:02:34.5519973Z Collecting certifi (from httpx>=0.28.0->-r requirements.txt (line 21))
Server Tests	Install dependencies	2026-03-23T23:02:34.5532065Z   Using cached certifi-2026.2.25-py3-none-any.whl.metadata (2.5 kB)
Server Tests	Install dependencies	2026-03-23T23:02:34.5729511Z Collecting httpcore==1.* (from httpx>=0.28.0->-r requirements.txt (line 21))
Server Tests	Install dependencies	2026-03-23T23:02:34.5730791Z   Using cached httpcore-1.0.9-py3-none-any.whl.metadata (21 kB)
Server Tests	Install dependencies	2026-03-23T23:02:34.5790431Z Collecting idna (from httpx>=0.28.0->-r requirements.txt (line 21))
Server Tests	Install dependencies	2026-03-23T23:02:34.5801898Z   Using cached idna-3.11-py3-none-any.whl.metadata (8.4 kB)
Server Tests	Install dependencies	2026-03-23T23:02:34.6119222Z Collecting google-auth<3.0.0,>=2.47.0 (from google-auth[requests]<3.0.0,>=2.47.0->google-genai>=1.5.0->-r requirements.txt (line 18))
Server Tests	Install dependencies	2026-03-23T23:02:34.6130389Z   Using cached google_auth-2.49.1-py3-none-any.whl.metadata (6.2 kB)
Server Tests	Install dependencies	2026-03-23T23:02:34.6343541Z Collecting requests<3.0.0,>=2.28.1 (from google-genai>=1.5.0->-r requirements.txt (line 18))
Server Tests	Install dependencies	2026-03-23T23:02:34.6355690Z   Using cached requests-2.32.5-py3-none-any.whl.metadata (4.9 kB)
Server Tests	Install dependencies	2026-03-23T23:02:34.6488822Z Collecting tenacity<9.2.0,>=8.2.3 (from google-genai>=1.5.0->-r requirements.txt (line 18))
Server Tests	Install dependencies	2026-03-23T23:02:34.6499958Z   Using cached tenacity-9.1.4-py3-none-any.whl.metadata (1.2 kB)
Server Tests	Install dependencies	2026-03-23T23:02:34.7257592Z Collecting websockets<17.0,>=13.0.0 (from google-genai>=1.5.0->-r requirements.txt (line 18))
Server Tests	Install dependencies	2026-03-23T23:02:34.7270967Z   Using cached websockets-16.0-cp312-cp312-manylinux1_x86_64.manylinux_2_28_x86_64.manylinux_2_5_x86_64.whl.metadata (6.8 kB)
Server Tests	Install dependencies	2026-03-23T23:02:34.7438489Z Collecting pyasn1-modules>=0.2.1 (from google-auth<3.0.0,>=2.47.0->google-auth[requests]<3.0.0,>=2.47.0->google-genai>=1.5.0->-r requirements.txt (line 18))
Server Tests	Install dependencies	2026-03-23T23:02:34.7449269Z   Using cached pyasn1_modules-0.4.2-py3-none-any.whl.metadata (3.5 kB)
Server Tests	Install dependencies	2026-03-23T23:02:34.9067020Z Collecting cryptography>=38.0.3 (from google-auth<3.0.0,>=2.47.0->google-auth[requests]<3.0.0,>=2.47.0->google-genai>=1.5.0->-r requirements.txt (line 18))
Server Tests	Install dependencies	2026-03-23T23:02:34.9079962Z   Using cached cryptography-46.0.5-cp311-abi3-manylinux_2_34_x86_64.whl.metadata (5.7 kB)
Server Tests	Install dependencies	2026-03-23T23:02:35.0657573Z Collecting charset_normalizer<4,>=2 (from requests<3.0.0,>=2.28.1->google-genai>=1.5.0->-r requirements.txt (line 18))
Server Tests	Install dependencies	2026-03-23T23:02:35.0674088Z   Using cached charset_normalizer-3.4.6-cp312-cp312-manylinux2014_x86_64.manylinux_2_17_x86_64.manylinux_2_28_x86_64.whl.metadata (40 kB)
Server Tests	Install dependencies	2026-03-23T23:02:35.0911671Z Collecting urllib3<3,>=1.21.1 (from requests<3.0.0,>=2.28.1->google-genai>=1.5.0->-r requirements.txt (line 18))
Server Tests	Install dependencies	2026-03-23T23:02:35.0924288Z   Using cached urllib3-2.6.3-py3-none-any.whl.metadata (6.9 kB)
Server Tests	Install dependencies	2026-03-23T23:02:35.1092817Z Collecting iniconfig>=1.0.1 (from pytest>=8.0.0->-r requirements-dev.txt (line 2))
Server Tests	Install dependencies	2026-03-23T23:02:35.1105178Z   Using cached iniconfig-2.3.0-py3-none-any.whl.metadata (2.5 kB)
Server Tests	Install dependencies	2026-03-23T23:02:35.1228104Z Collecting packaging>=22 (from pytest>=8.0.0->-r requirements-dev.txt (line 2))
Server Tests	Install dependencies	2026-03-23T23:02:35.1239652Z   Using cached packaging-26.0-py3-none-any.whl.metadata (3.3 kB)
Server Tests	Install dependencies	2026-03-23T23:02:35.1357382Z Collecting pluggy<2,>=1.5 (from pytest>=8.0.0->-r requirements-dev.txt (line 2))
Server Tests	Install dependencies	2026-03-23T23:02:35.1368908Z   Using cached pluggy-1.6.0-py3-none-any.whl.metadata (4.8 kB)
Server Tests	Install dependencies	2026-03-23T23:02:35.1520454Z Collecting pygments>=2.7.2 (from pytest>=8.0.0->-r requirements-dev.txt (line 2))
Server Tests	Install dependencies	2026-03-23T23:02:35.1532614Z   Using cached pygments-2.19.2-py3-none-any.whl.metadata (2.5 kB)
Server Tests	Install dependencies	2026-03-23T23:02:35.2533929Z Collecting cffi>=2.0.0 (from cryptography>=38.0.3->google-auth<3.0.0,>=2.47.0->google-auth[requests]<3.0.0,>=2.47.0->google-genai>=1.5.0->-r requirements.txt (line 18))
Server Tests	Install dependencies	2026-03-23T23:02:35.2547303Z   Using cached cffi-2.0.0-cp312-cp312-manylinux2014_x86_64.manylinux_2_17_x86_64.whl.metadata (2.6 kB)
Server Tests	Install dependencies	2026-03-23T23:02:35.2635085Z Collecting pycparser (from cffi>=2.0.0->cryptography>=38.0.3->google-auth<3.0.0,>=2.47.0->google-auth[requests]<3.0.0,>=2.47.0->google-genai>=1.5.0->-r requirements.txt (line 18))
Server Tests	Install dependencies	2026-03-23T23:02:35.2647070Z   Using cached pycparser-3.0-py3-none-any.whl.metadata (8.2 kB)
Server Tests	Install dependencies	2026-03-23T23:02:35.2852481Z Collecting pyasn1<0.7.0,>=0.6.1 (from pyasn1-modules>=0.2.1->google-auth<3.0.0,>=2.47.0->google-auth[requests]<3.0.0,>=2.47.0->google-genai>=1.5.0->-r requirements.txt (line 18))
Server Tests	Install dependencies	2026-03-23T23:02:35.2865657Z   Using cached pyasn1-0.6.3-py3-none-any.whl.metadata (8.4 kB)
Server Tests	Install dependencies	2026-03-23T23:02:35.3213911Z Collecting httptools>=0.6.3 (from uvicorn[standard]>=0.34.0->-r requirements.txt (line 3))
Server Tests	Install dependencies	2026-03-23T23:02:35.3226371Z   Using cached httptools-0.7.1-cp312-cp312-manylinux1_x86_64.manylinux_2_28_x86_64.manylinux_2_5_x86_64.whl.metadata (3.5 kB)
Server Tests	Install dependencies	2026-03-23T23:02:35.3566629Z Collecting pyyaml>=5.1 (from uvicorn[standard]>=0.34.0->-r requirements.txt (line 3))
Server Tests	Install dependencies	2026-03-23T23:02:35.3580549Z   Using cached pyyaml-6.0.3-cp312-cp312-manylinux2014_x86_64.manylinux_2_17_x86_64.manylinux_2_28_x86_64.whl.metadata (2.4 kB)
Server Tests	Install dependencies	2026-03-23T23:02:35.3945770Z Collecting uvloop>=0.15.1 (from uvicorn[standard]>=0.34.0->-r requirements.txt (line 3))
Server Tests	Install dependencies	2026-03-23T23:02:35.3959667Z   Using cached uvloop-0.22.1-cp312-cp312-manylinux2014_x86_64.manylinux_2_17_x86_64.manylinux_2_28_x86_64.whl.metadata (4.9 kB)
Server Tests	Install dependencies	2026-03-23T23:02:35.4638944Z Collecting watchfiles>=0.20 (from uvicorn[standard]>=0.34.0->-r requirements.txt (line 3))
Server Tests	Install dependencies	2026-03-23T23:02:35.4653449Z   Using cached watchfiles-1.1.1-cp312-cp312-manylinux_2_17_x86_64.manylinux2014_x86_64.whl.metadata (4.9 kB)
Server Tests	Install dependencies	2026-03-23T23:02:35.5189974Z Collecting MarkupSafe>=0.9.2 (from Mako->alembic>=1.14.0->-r requirements.txt (line 14))
Server Tests	Install dependencies	2026-03-23T23:02:35.5203846Z   Using cached markupsafe-3.0.3-cp312-cp312-manylinux2014_x86_64.manylinux_2_17_x86_64.manylinux_2_28_x86_64.whl.metadata (2.7 kB)
Server Tests	Install dependencies	2026-03-23T23:02:35.5259524Z Using cached fastapi-0.135.2-py3-none-any.whl (117 kB)
Server Tests	Install dependencies	2026-03-23T23:02:35.5271554Z Using cached uvicorn-0.42.0-py3-none-any.whl (68 kB)
Server Tests	Install dependencies	2026-03-23T23:02:35.5283405Z Using cached pydantic-2.12.5-py3-none-any.whl (463 kB)
Server Tests	Install dependencies	2026-03-23T23:02:35.5298197Z Using cached pydantic_core-2.41.5-cp312-cp312-manylinux_2_17_x86_64.manylinux2014_x86_64.whl (2.1 MB)
Server Tests	Install dependencies	2026-03-23T23:02:35.5323857Z Using cached pydantic_settings-2.13.1-py3-none-any.whl (58 kB)
Server Tests	Install dependencies	2026-03-23T23:02:35.5335112Z Using cached python_multipart-0.0.22-py3-none-any.whl (24 kB)
Server Tests	Install dependencies	2026-03-23T23:02:35.5346139Z Using cached fastapi_mqtt-2.2.0-py3-none-any.whl (9.3 kB)
Server Tests	Install dependencies	2026-03-23T23:02:35.5357698Z Using cached sqlalchemy-2.0.48-cp312-cp312-manylinux2014_x86_64.manylinux_2_17_x86_64.manylinux_2_28_x86_64.whl (3.3 MB)
Server Tests	Install dependencies	2026-03-23T23:02:35.5393210Z Using cached aiosqlite-0.22.1-py3-none-any.whl (17 kB)
Server Tests	Install dependencies	2026-03-23T23:02:35.5404028Z Using cached alembic-1.18.4-py3-none-any.whl (263 kB)
Server Tests	Install dependencies	2026-03-23T23:02:35.5416619Z Using cached openai-2.29.0-py3-none-any.whl (1.1 MB)
Server Tests	Install dependencies	2026-03-23T23:02:35.5435816Z Using cached httpx-0.28.1-py3-none-any.whl (73 kB)
Server Tests	Install dependencies	2026-03-23T23:02:35.5447323Z Using cached anyio-4.12.1-py3-none-any.whl (113 kB)
Server Tests	Install dependencies	2026-03-23T23:02:35.5458704Z Using cached distro-1.9.0-py3-none-any.whl (20 kB)
Server Tests	Install dependencies	2026-03-23T23:02:35.5469839Z Using cached httpcore-1.0.9-py3-none-any.whl (78 kB)
Server Tests	Install dependencies	2026-03-23T23:02:35.5481377Z Using cached jiter-0.13.0-cp312-cp312-manylinux_2_17_x86_64.manylinux2014_x86_64.whl (360 kB)
Server Tests	Install dependencies	2026-03-23T23:02:35.5494758Z Using cached typing_extensions-4.15.0-py3-none-any.whl (44 kB)
Server Tests	Install dependencies	2026-03-23T23:02:35.5505915Z Using cached google_genai-1.68.0-py3-none-any.whl (750 kB)
Server Tests	Install dependencies	2026-03-23T23:02:35.5521929Z Using cached google_auth-2.49.1-py3-none-any.whl (240 kB)
Server Tests	Install dependencies	2026-03-23T23:02:35.5534406Z Using cached requests-2.32.5-py3-none-any.whl (64 kB)
Server Tests	Install dependencies	2026-03-23T23:02:35.5546380Z Using cached charset_normalizer-3.4.6-cp312-cp312-manylinux2014_x86_64.manylinux_2_17_x86_64.manylinux_2_28_x86_64.whl (207 kB)
Server Tests	Install dependencies	2026-03-23T23:02:35.5558132Z Using cached idna-3.11-py3-none-any.whl (71 kB)
Server Tests	Install dependencies	2026-03-23T23:02:35.5569493Z Using cached tenacity-9.1.4-py3-none-any.whl (28 kB)
Server Tests	Install dependencies	2026-03-23T23:02:35.5580488Z Using cached urllib3-2.6.3-py3-none-any.whl (131 kB)
Server Tests	Install dependencies	2026-03-23T23:02:35.5592653Z Using cached websockets-16.0-cp312-cp312-manylinux1_x86_64.manylinux_2_28_x86_64.manylinux_2_5_x86_64.whl (184 kB)
Server Tests	Install dependencies	2026-03-23T23:02:35.5604589Z Using cached numpy-2.4.3-cp312-cp312-manylinux_2_27_x86_64.manylinux_2_28_x86_64.whl (16.6 MB)
Server Tests	Install dependencies	2026-03-23T23:02:35.5731321Z Using cached pillow-12.1.1-cp312-cp312-manylinux_2_27_x86_64.manylinux_2_28_x86_64.whl (7.0 MB)
Server Tests	Install dependencies	2026-03-23T23:02:35.5791106Z Using cached pytest-9.0.2-py3-none-any.whl (374 kB)
Server Tests	Install dependencies	2026-03-23T23:02:35.5804735Z Using cached pluggy-1.6.0-py3-none-any.whl (20 kB)
Server Tests	Install dependencies	2026-03-23T23:02:35.5815778Z Using cached pytest_asyncio-1.3.0-py3-none-any.whl (15 kB)
Server Tests	Install dependencies	2026-03-23T23:02:35.5827051Z Using cached ruff-0.15.7-py3-none-manylinux_2_17_x86_64.manylinux2014_x86_64.whl (11.2 MB)
Server Tests	Install dependencies	2026-03-23T23:02:35.5916018Z Using cached annotated_doc-0.0.4-py3-none-any.whl (5.3 kB)
Server Tests	Install dependencies	2026-03-23T23:02:35.5927119Z Using cached annotated_types-0.7.0-py3-none-any.whl (13 kB)
Server Tests	Install dependencies	2026-03-23T23:02:35.5938162Z Using cached certifi-2026.2.25-py3-none-any.whl (153 kB)
Server Tests	Install dependencies	2026-03-23T23:02:35.5949867Z Using cached click-8.3.1-py3-none-any.whl (108 kB)
Server Tests	Install dependencies	2026-03-23T23:02:35.5961724Z Using cached cryptography-46.0.5-cp311-abi3-manylinux_2_34_x86_64.whl (4.5 MB)
Server Tests	Install dependencies	2026-03-23T23:02:35.6004976Z Using cached cffi-2.0.0-cp312-cp312-manylinux2014_x86_64.manylinux_2_17_x86_64.whl (219 kB)
Server Tests	Install dependencies	2026-03-23T23:02:35.6016701Z Using cached gmqtt-0.7.0-py3-none-any.whl (30 kB)
Server Tests	Install dependencies	2026-03-23T23:02:35.6028115Z Using cached greenlet-3.3.2-cp312-cp312-manylinux_2_24_x86_64.manylinux_2_28_x86_64.whl (613 kB)
Server Tests	Install dependencies	2026-03-23T23:02:35.6043036Z Using cached h11-0.16.0-py3-none-any.whl (37 kB)
Server Tests	Install dependencies	2026-03-23T23:02:35.6054153Z Using cached iniconfig-2.3.0-py3-none-any.whl (7.5 kB)
Server Tests	Install dependencies	2026-03-23T23:02:35.6064939Z Using cached packaging-26.0-py3-none-any.whl (74 kB)
Server Tests	Install dependencies	2026-03-23T23:02:35.6076747Z Using cached pyasn1_modules-0.4.2-py3-none-any.whl (181 kB)
Server Tests	Install dependencies	2026-03-23T23:02:35.6088595Z Using cached pyasn1-0.6.3-py3-none-any.whl (83 kB)
Server Tests	Install dependencies	2026-03-23T23:02:35.6099953Z Using cached pygments-2.19.2-py3-none-any.whl (1.2 MB)
Server Tests	Install dependencies	2026-03-23T23:02:35.6118999Z Using cached python_dotenv-1.2.2-py3-none-any.whl (22 kB)
Server Tests	Install dependencies	2026-03-23T23:02:35.6129996Z Using cached starlette-1.0.0-py3-none-any.whl (72 kB)
Server Tests	Install dependencies	2026-03-23T23:02:35.6141275Z Using cached tqdm-4.67.3-py3-none-any.whl (78 kB)
Server Tests	Install dependencies	2026-03-23T23:02:35.6152994Z Using cached typing_inspection-0.4.2-py3-none-any.whl (14 kB)
Server Tests	Install dependencies	2026-03-23T23:02:35.6164736Z Using cached httptools-0.7.1-cp312-cp312-manylinux1_x86_64.manylinux_2_28_x86_64.manylinux_2_5_x86_64.whl (517 kB)
Server Tests	Install dependencies	2026-03-23T23:02:35.6179207Z Using cached pyyaml-6.0.3-cp312-cp312-manylinux2014_x86_64.manylinux_2_17_x86_64.manylinux_2_28_x86_64.whl (807 kB)
Server Tests	Install dependencies	2026-03-23T23:02:35.6196549Z Using cached uvloop-0.22.1-cp312-cp312-manylinux2014_x86_64.manylinux_2_17_x86_64.manylinux_2_28_x86_64.whl (4.4 MB)
Server Tests	Install dependencies	2026-03-23T23:02:35.6251409Z Using cached watchfiles-1.1.1-cp312-cp312-manylinux_2_17_x86_64.manylinux2014_x86_64.whl (456 kB)
Server Tests	Install dependencies	2026-03-23T23:02:35.6267129Z Using cached mako-1.3.10-py3-none-any.whl (78 kB)
Server Tests	Install dependencies	2026-03-23T23:02:35.6283913Z Using cached markupsafe-3.0.3-cp312-cp312-manylinux2014_x86_64.manylinux_2_17_x86_64.manylinux_2_28_x86_64.whl (22 kB)
Server Tests	Install dependencies	2026-03-23T23:02:35.6298077Z Using cached pycparser-3.0-py3-none-any.whl (48 kB)
Server Tests	Install dependencies	2026-03-23T23:02:35.6313187Z Using cached sniffio-1.3.1-py3-none-any.whl (10 kB)
Server Tests	Install dependencies	2026-03-23T23:02:35.8600461Z Installing collected packages: websockets, uvloop, urllib3, typing-extensions, tqdm, tenacity, sniffio, ruff, pyyaml, python-multipart, python-dotenv, pygments, pycparser, pyasn1, pluggy, Pillow, packaging, numpy, MarkupSafe, jiter, iniconfig, idna, httptools, h11, greenlet, gmqtt, distro, click, charset_normalizer, certifi, annotated-types, annotated-doc, aiosqlite, uvicorn, typing-inspection, sqlalchemy, requests, pytest, pydantic-core, pyasn1-modules, Mako, httpcore, cffi, anyio, watchfiles, starlette, pytest-asyncio, pydantic, httpx, cryptography, alembic, pydantic-settings, openai, google-auth, fastapi-mqtt, fastapi, google-genai
Server Tests	Install dependencies	2026-03-23T23:02:44.9448516Z 
Server Tests	Install dependencies	2026-03-23T23:02:44.9500664Z Successfully installed Mako-1.3.10 MarkupSafe-3.0.3 Pillow-12.1.1 aiosqlite-0.22.1 alembic-1.18.4 annotated-doc-0.0.4 annotated-types-0.7.0 anyio-4.12.1 certifi-2026.2.25 cffi-2.0.0 charset_normalizer-3.4.6 click-8.3.1 cryptography-46.0.5 distro-1.9.0 fastapi-0.135.2 fastapi-mqtt-2.2.0 gmqtt-0.7.0 google-auth-2.49.1 google-genai-1.68.0 greenlet-3.3.2 h11-0.16.0 httpcore-1.0.9 httptools-0.7.1 httpx-0.28.1 idna-3.11 iniconfig-2.3.0 jiter-0.13.0 numpy-2.4.3 openai-2.29.0 packaging-26.0 pluggy-1.6.0 pyasn1-0.6.3 pyasn1-modules-0.4.2 pycparser-3.0 pydantic-2.12.5 pydantic-core-2.41.5 pydantic-settings-2.13.1 pygments-2.19.2 pytest-9.0.2 pytest-asyncio-1.3.0 python-dotenv-1.2.2 python-multipart-0.0.22 pyyaml-6.0.3 requests-2.32.5 ruff-0.15.7 sniffio-1.3.1 sqlalchemy-2.0.48 starlette-1.0.0 tenacity-9.1.4 tqdm-4.67.3 typing-extensions-4.15.0 typing-inspection-0.4.2 urllib3-2.6.3 uvicorn-0.42.0 uvloop-0.22.1 watchfiles-1.1.1 websockets-16.0
Server Tests	Run tests	´╗┐2026-03-23T23:02:45.5507109Z ##[group]Run python -m pytest tests/ -v --tb=short
Server Tests	Run tests	2026-03-23T23:02:45.5507505Z [36;1mpython -m pytest tests/ -v --tb=short[0m
Server Tests	Run tests	2026-03-23T23:02:45.5559521Z shell: /usr/bin/bash -e {0}
Server Tests	Run tests	2026-03-23T23:02:45.5559767Z env:
Server Tests	Run tests	2026-03-23T23:02:45.5559928Z   REGISTRY: ghcr.io
Server Tests	Run tests	2026-03-23T23:02:45.5560206Z   pythonLocation: /opt/hostedtoolcache/Python/3.12.13/x64
Server Tests	Run tests	2026-03-23T23:02:45.5560634Z   PKG_CONFIG_PATH: /opt/hostedtoolcache/Python/3.12.13/x64/lib/pkgconfig
Server Tests	Run tests	2026-03-23T23:02:45.5561044Z   Python_ROOT_DIR: /opt/hostedtoolcache/Python/3.12.13/x64
Server Tests	Run tests	2026-03-23T23:02:45.5561401Z   Python2_ROOT_DIR: /opt/hostedtoolcache/Python/3.12.13/x64
Server Tests	Run tests	2026-03-23T23:02:45.5562001Z   Python3_ROOT_DIR: /opt/hostedtoolcache/Python/3.12.13/x64
Server Tests	Run tests	2026-03-23T23:02:45.5562435Z   LD_LIBRARY_PATH: /opt/hostedtoolcache/Python/3.12.13/x64/lib
Server Tests	Run tests	2026-03-23T23:02:45.5562752Z   DATABASE_URL: sqlite+aiosqlite://
Server Tests	Run tests	2026-03-23T23:02:45.5563023Z   MQTT_BROKER_HOST: localhost
Server Tests	Run tests	2026-03-23T23:02:45.5563242Z   MQTT_BROKER_PORT: 1883
Server Tests	Run tests	2026-03-23T23:02:45.5563435Z ##[endgroup]
Server Tests	Run tests	2026-03-23T23:02:48.7736167Z ============================= test session starts ==============================
Server Tests	Run tests	2026-03-23T23:02:48.7737221Z platform linux -- Python 3.12.13, pytest-9.0.2, pluggy-1.6.0 -- /opt/hostedtoolcache/Python/3.12.13/x64/bin/python
Server Tests	Run tests	2026-03-23T23:02:48.7738120Z cachedir: .pytest_cache
Server Tests	Run tests	2026-03-23T23:02:48.7738757Z rootdir: /home/runner/work/thesis-iot-monitoring/thesis-iot-monitoring/server
Server Tests	Run tests	2026-03-23T23:02:48.7739490Z configfile: pyproject.toml
Server Tests	Run tests	2026-03-23T23:02:48.7739952Z plugins: anyio-4.12.1, asyncio-1.3.0
Server Tests	Run tests	2026-03-23T23:02:48.7740884Z asyncio: mode=Mode.AUTO, debug=False, asyncio_default_fixture_loop_scope=None, asyncio_default_test_loop_scope=function
Server Tests	Run tests	2026-03-23T23:02:48.8285269Z collecting ... collected 30 items
Server Tests	Run tests	2026-03-23T23:02:48.8285635Z 
Server Tests	Run tests	2026-03-23T23:02:48.8405837Z tests/test_capture_flow.py::test_health PASSED                           [  3%]
Server Tests	Run tests	2026-03-23T23:02:48.8496915Z tests/test_capture_flow.py::test_server_time PASSED                      [  6%]
Server Tests	Run tests	2026-03-23T23:02:48.8584971Z tests/test_capture_flow.py::test_capture_default PASSED                  [ 10%]
Server Tests	Run tests	2026-03-23T23:02:48.8686821Z tests/test_capture_flow.py::test_capture_custom_objective PASSED         [ 13%]
Server Tests	Run tests	2026-03-23T23:02:48.8777736Z tests/test_capture_flow.py::test_capture_increments_task_id PASSED       [ 16%]
Server Tests	Run tests	2026-03-23T23:02:49.0791157Z tests/test_capture_flow.py::test_upload_image PASSED                     [ 20%]
Server Tests	Run tests	2026-03-23T23:02:49.0893497Z tests/test_capture_flow.py::test_upload_stores_any_file PASSED           [ 23%]
Server Tests	Run tests	2026-03-23T23:02:49.0996516Z tests/test_capture_flow.py::test_capture_publishes_to_mqtt PASSED        [ 26%]
Server Tests	Run tests	2026-03-23T23:02:49.1092323Z tests/test_firmware_ota.py::test_firmware_version_no_firmware PASSED     [ 30%]
Server Tests	Run tests	2026-03-23T23:02:49.1198689Z tests/test_firmware_ota.py::test_firmware_version_with_firmware PASSED   [ 33%]
Server Tests	Run tests	2026-03-23T23:02:49.1287875Z tests/test_firmware_ota.py::test_firmware_download_no_firmware PASSED    [ 36%]
Server Tests	Run tests	2026-03-23T23:02:49.1390757Z tests/test_firmware_ota.py::test_firmware_download_with_firmware PASSED  [ 40%]
Server Tests	Run tests	2026-03-23T23:02:49.1531064Z tests/test_firmware_ota.py::test_firmware_upload PASSED                  [ 43%]
Server Tests	Run tests	2026-03-23T23:02:49.2088013Z tests/test_firmware_ota.py::test_firmware_upload_auth_required PASSED    [ 46%]
Server Tests	Run tests	2026-03-23T23:02:49.2192011Z tests/test_firmware_ota.py::test_firmware_upload_auth_valid PASSED       [ 50%]
Server Tests	Run tests	2026-03-23T23:02:49.2285516Z tests/test_firmware_ota.py::test_firmware_upload_empty_binary PASSED     [ 53%]
Server Tests	Run tests	2026-03-23T23:02:49.2389937Z tests/test_firmware_ota.py::test_firmware_upload_publishes_mqtt PASSED   [ 56%]
Server Tests	Run tests	2026-03-23T23:02:49.2486877Z tests/test_firmware_ota.py::test_notify_publishes_mqtt PASSED            [ 60%]
Server Tests	Run tests	2026-03-23T23:02:49.2572726Z tests/test_firmware_ota.py::test_notify_auth_required PASSED             [ 63%]
Server Tests	Run tests	2026-03-23T23:02:49.2668569Z tests/test_firmware_ota.py::test_notify_auth_valid PASSED                [ 66%]
Server Tests	Run tests	2026-03-23T23:02:49.2937332Z tests/test_scheduler.py::test_create_schedule PASSED                     [ 70%]
Server Tests	Run tests	2026-03-23T23:02:49.3026219Z tests/test_scheduler.py::test_create_schedule_requires_tasks PASSED      [ 73%]
Server Tests	Run tests	2026-03-23T23:02:49.3110848Z tests/test_scheduler.py::test_create_schedule_requires_name PASSED       [ 76%]
Server Tests	Run tests	2026-03-23T23:02:49.3364489Z tests/test_scheduler.py::test_list_schedules PASSED                      [ 80%]
Server Tests	Run tests	2026-03-23T23:02:49.3559117Z tests/test_scheduler.py::test_get_schedule PASSED                        [ 83%]
Server Tests	Run tests	2026-03-23T23:02:49.3663952Z tests/test_scheduler.py::test_get_schedule_404 PASSED                    [ 86%]
Server Tests	Run tests	2026-03-23T23:02:49.3900703Z tests/test_scheduler.py::test_update_schedule PASSED                     [ 90%]
Server Tests	Run tests	2026-03-23T23:02:49.4112415Z tests/test_scheduler.py::test_delete_schedule PASSED                     [ 93%]
Server Tests	Run tests	2026-03-23T23:02:49.4369675Z tests/test_scheduler.py::test_activate_schedule PASSED                   [ 96%]
Server Tests	Run tests	2026-03-23T23:02:49.6779304Z tests/test_scheduler.py::test_activate_deactivates_others PASSED         [100%]
Server Tests	Run tests	2026-03-23T23:02:49.6779909Z 
Server Tests	Run tests	2026-03-23T23:02:49.6780203Z =============================== warnings summary ===============================
Server Tests	Run tests	2026-03-23T23:02:49.6780912Z tests/test_firmware_ota.py::test_firmware_upload_auth_required
Server Tests	Run tests	2026-03-23T23:02:49.6782530Z   /opt/hostedtoolcache/Python/3.12.13/x64/lib/python3.12/site-packages/aiosqlite/core.py:127: DeprecationWarning: There is no current event loop
Server Tests	Run tests	2026-03-23T23:02:49.6783769Z     future = asyncio.get_event_loop().create_future()
Server Tests	Run tests	2026-03-23T23:02:49.6784163Z 
Server Tests	Run tests	2026-03-23T23:02:49.6784504Z -- Docs: https://docs.pytest.org/en/stable/how-to/capture-warnings.html
Server Tests	Run tests	2026-03-23T23:02:49.6785138Z ======================== 30 passed, 1 warning in 0.71s =========================
Server Tests	Post Set up Python 3.12	´╗┐2026-03-23T23:02:49.8527910Z Post job cleanup.
Server Tests	Post Set up Python 3.12	2026-03-23T23:02:50.0037895Z Cache hit occurred on the primary key setup-python-Linux-x64-24.04-Ubuntu-python-3.12.13-pip-ab5b0bbdc9be72874ef5827687e8b65dfd47406400c8bcf57957f6e74ec77c4d, not saving cache.
Server Tests	Post Run actions/checkout@v4	´╗┐2026-03-23T23:02:50.0168491Z Post job cleanup.
Server Tests	Post Run actions/checkout@v4	2026-03-23T23:02:50.1135495Z [command]/usr/bin/git version
Server Tests	Post Run actions/checkout@v4	2026-03-23T23:02:50.1172655Z git version 2.53.0
Server Tests	Post Run actions/checkout@v4	2026-03-23T23:02:50.1218366Z Temporarily overriding HOME='/home/runner/work/_temp/b922af60-c351-4e7a-8a99-2e0a07a5ff9f' before making global git config changes
Server Tests	Post Run actions/checkout@v4	2026-03-23T23:02:50.1219786Z Adding repository directory to the temporary git global config as a safe directory
Server Tests	Post Run actions/checkout@v4	2026-03-23T23:02:50.1225518Z [command]/usr/bin/git config --global --add safe.directory /home/runner/work/thesis-iot-monitoring/thesis-iot-monitoring
Server Tests	Post Run actions/checkout@v4	2026-03-23T23:02:50.1264334Z [command]/usr/bin/git config --local --name-only --get-regexp core\.sshCommand
Server Tests	Post Run actions/checkout@v4	2026-03-23T23:02:50.1298610Z [command]/usr/bin/git submodule foreach --recursive sh -c "git config --local --name-only --get-regexp 'core\.sshCommand' && git config --local --unset-all 'core.sshCommand' || :"
Server Tests	Post Run actions/checkout@v4	2026-03-23T23:02:50.1557970Z [command]/usr/bin/git config --local --name-only --get-regexp http\.https\:\/\/github\.com\/\.extraheader
Server Tests	Post Run actions/checkout@v4	2026-03-23T23:02:50.1590909Z http.https://github.com/.extraheader
Server Tests	Post Run actions/checkout@v4	2026-03-23T23:02:50.1604890Z [command]/usr/bin/git config --local --unset-all http.https://github.com/.extraheader
Server Tests	Post Run actions/checkout@v4	2026-03-23T23:02:50.1640185Z [command]/usr/bin/git submodule foreach --recursive sh -c "git config --local --name-only --get-regexp 'http\.https\:\/\/github\.com\/\.extraheader' && git config --local --unset-all 'http.https://github.com/.extraheader' || :"
Server Tests	Post Run actions/checkout@v4	2026-03-23T23:02:50.1906316Z [command]/usr/bin/git config --local --name-only --get-regexp ^includeIf\.gitdir:
Server Tests	Post Run actions/checkout@v4	2026-03-23T23:02:50.1944065Z [command]/usr/bin/git submodule foreach --recursive git config --local --show-origin --name-only --get-regexp remote.origin.url
Server Tests	Complete job	´╗┐2026-03-23T23:02:50.2319475Z Cleaning up orphan processes
Server Tests	Complete job	2026-03-23T23:02:50.2634477Z ##[warning]Node.js 20 actions are deprecated. The following actions are running on Node.js 20 and may not work as expected: actions/checkout@v4, actions/setup-python@v5. Actions will be forced to run with Node.js 24 by default starting June 2nd, 2026. Please check if updated versions of these actions are available that support Node.js 24. To opt into Node.js 24 now, set the FORCE_JAVASCRIPT_ACTIONS_TO_NODE24=true environment variable on the runner or in your workflow file. Once Node.js 24 becomes the default, you can temporarily opt out by setting ACTIONS_ALLOW_USE_UNSECURE_NODE_VERSION=true. For more information see: https://github.blog/changelog/2025-09-19-deprecation-of-node-20-on-github-actions-runners/
Build & Upload Firmware	Set up job	´╗┐2026-03-23T23:02:19.7436294Z Current runner version: '2.332.0'
Build & Upload Firmware	Set up job	2026-03-23T23:02:19.7468934Z ##[group]Runner Image Provisioner
Build & Upload Firmware	Set up job	2026-03-23T23:02:19.7469904Z Hosted Compute Agent
Build & Upload Firmware	Set up job	2026-03-23T23:02:19.7470451Z Version: 20260213.493
Build & Upload Firmware	Set up job	2026-03-23T23:02:19.7471085Z Commit: 5c115507f6dd24b8de37d8bbe0bb4509d0cc0fa3
Build & Upload Firmware	Set up job	2026-03-23T23:02:19.7471907Z Build Date: 2026-02-13T00:28:41Z
Build & Upload Firmware	Set up job	2026-03-23T23:02:19.7472580Z Worker ID: {70d0b3dc-534d-49d6-8a2d-525f218d7e3a}
Build & Upload Firmware	Set up job	2026-03-23T23:02:19.7473247Z Azure Region: eastus2
Build & Upload Firmware	Set up job	2026-03-23T23:02:19.7473867Z ##[endgroup]
Build & Upload Firmware	Set up job	2026-03-23T23:02:19.7475166Z ##[group]Operating System
Build & Upload Firmware	Set up job	2026-03-23T23:02:19.7475760Z Ubuntu
Build & Upload Firmware	Set up job	2026-03-23T23:02:19.7476600Z 24.04.3
Build & Upload Firmware	Set up job	2026-03-23T23:02:19.7477150Z LTS
Build & Upload Firmware	Set up job	2026-03-23T23:02:19.7477631Z ##[endgroup]
Build & Upload Firmware	Set up job	2026-03-23T23:02:19.7478231Z ##[group]Runner Image
Build & Upload Firmware	Set up job	2026-03-23T23:02:19.7478797Z Image: ubuntu-24.04
Build & Upload Firmware	Set up job	2026-03-23T23:02:19.7479275Z Version: 20260309.50.1
Build & Upload Firmware	Set up job	2026-03-23T23:02:19.7480388Z Included Software: https://github.com/actions/runner-images/blob/ubuntu24/20260309.50/images/ubuntu/Ubuntu2404-Readme.md
Build & Upload Firmware	Set up job	2026-03-23T23:02:19.7482065Z Image Release: https://github.com/actions/runner-images/releases/tag/ubuntu24%2F20260309.50
Build & Upload Firmware	Set up job	2026-03-23T23:02:19.7483030Z ##[endgroup]
Build & Upload Firmware	Set up job	2026-03-23T23:02:19.7484132Z ##[group]GITHUB_TOKEN Permissions
Build & Upload Firmware	Set up job	2026-03-23T23:02:19.7486020Z Contents: read
Build & Upload Firmware	Set up job	2026-03-23T23:02:19.7486952Z Metadata: read
Build & Upload Firmware	Set up job	2026-03-23T23:02:19.7487428Z Packages: read
Build & Upload Firmware	Set up job	2026-03-23T23:02:19.7488058Z ##[endgroup]
Build & Upload Firmware	Set up job	2026-03-23T23:02:19.7490036Z Secret source: Actions
Build & Upload Firmware	Set up job	2026-03-23T23:02:19.7490826Z Prepare workflow directory
Build & Upload Firmware	Set up job	2026-03-23T23:02:19.8037009Z Prepare all required actions
Build & Upload Firmware	Set up job	2026-03-23T23:02:19.8091433Z Getting action download info
Build & Upload Firmware	Set up job	2026-03-23T23:02:20.0777679Z Download action repository 'actions/checkout@v4' (SHA:34e114876b0b11c390a56381ad16ebd13914f8d5)
Build & Upload Firmware	Set up job	2026-03-23T23:02:20.2901772Z Complete job name: Build & Upload Firmware
Build & Upload Firmware	Run actions/checkout@v4	´╗┐2026-03-23T23:02:20.3690396Z ##[group]Run actions/checkout@v4
Build & Upload Firmware	Run actions/checkout@v4	2026-03-23T23:02:20.3691228Z with:
Build & Upload Firmware	Run actions/checkout@v4	2026-03-23T23:02:20.3691682Z   repository: WhitehatD/thesis-iot-monitoring
Build & Upload Firmware	Run actions/checkout@v4	2026-03-23T23:02:20.3692380Z   token: ***
Build & Upload Firmware	Run actions/checkout@v4	2026-03-23T23:02:20.3692779Z   ssh-strict: true
Build & Upload Firmware	Run actions/checkout@v4	2026-03-23T23:02:20.3693165Z   ssh-user: git
Build & Upload Firmware	Run actions/checkout@v4	2026-03-23T23:02:20.3693577Z   persist-credentials: true
Build & Upload Firmware	Run actions/checkout@v4	2026-03-23T23:02:20.3694029Z   clean: true
Build & Upload Firmware	Run actions/checkout@v4	2026-03-23T23:02:20.3694425Z   sparse-checkout-cone-mode: true
Build & Upload Firmware	Run actions/checkout@v4	2026-03-23T23:02:20.3694909Z   fetch-depth: 1
Build & Upload Firmware	Run actions/checkout@v4	2026-03-23T23:02:20.3695291Z   fetch-tags: false
Build & Upload Firmware	Run actions/checkout@v4	2026-03-23T23:02:20.3695688Z   show-progress: true
Build & Upload Firmware	Run actions/checkout@v4	2026-03-23T23:02:20.3696093Z   lfs: false
Build & Upload Firmware	Run actions/checkout@v4	2026-03-23T23:02:20.3696629Z   submodules: false
Build & Upload Firmware	Run actions/checkout@v4	2026-03-23T23:02:20.3697035Z   set-safe-directory: true
Build & Upload Firmware	Run actions/checkout@v4	2026-03-23T23:02:20.3697684Z env:
Build & Upload Firmware	Run actions/checkout@v4	2026-03-23T23:02:20.3698056Z   REGISTRY: ghcr.io
Build & Upload Firmware	Run actions/checkout@v4	2026-03-23T23:02:20.3698443Z ##[endgroup]
Build & Upload Firmware	Run actions/checkout@v4	2026-03-23T23:02:20.4772982Z Syncing repository: WhitehatD/thesis-iot-monitoring
Build & Upload Firmware	Run actions/checkout@v4	2026-03-23T23:02:20.4774669Z ##[group]Getting Git version info
Build & Upload Firmware	Run actions/checkout@v4	2026-03-23T23:02:20.4775553Z Working directory is '/home/runner/work/thesis-iot-monitoring/thesis-iot-monitoring'
Build & Upload Firmware	Run actions/checkout@v4	2026-03-23T23:02:20.4776996Z [command]/usr/bin/git version
Build & Upload Firmware	Run actions/checkout@v4	2026-03-23T23:02:20.4848253Z git version 2.53.0
Build & Upload Firmware	Run actions/checkout@v4	2026-03-23T23:02:20.4874960Z ##[endgroup]
Build & Upload Firmware	Run actions/checkout@v4	2026-03-23T23:02:20.4898646Z Temporarily overriding HOME='/home/runner/work/_temp/2c57fb64-ec36-4404-80da-d22ce05e03e2' before making global git config changes
Build & Upload Firmware	Run actions/checkout@v4	2026-03-23T23:02:20.4901019Z Adding repository directory to the temporary git global config as a safe directory
Build & Upload Firmware	Run actions/checkout@v4	2026-03-23T23:02:20.4905379Z [command]/usr/bin/git config --global --add safe.directory /home/runner/work/thesis-iot-monitoring/thesis-iot-monitoring
Build & Upload Firmware	Run actions/checkout@v4	2026-03-23T23:02:20.4944729Z Deleting the contents of '/home/runner/work/thesis-iot-monitoring/thesis-iot-monitoring'
Build & Upload Firmware	Run actions/checkout@v4	2026-03-23T23:02:20.4948313Z ##[group]Initializing the repository
Build & Upload Firmware	Run actions/checkout@v4	2026-03-23T23:02:20.4953550Z [command]/usr/bin/git init /home/runner/work/thesis-iot-monitoring/thesis-iot-monitoring
Build & Upload Firmware	Run actions/checkout@v4	2026-03-23T23:02:20.5066828Z hint: Using 'master' as the name for the initial branch. This default branch name
Build & Upload Firmware	Run actions/checkout@v4	2026-03-23T23:02:20.5068318Z hint: will change to "main" in Git 3.0. To configure the initial branch name
Build & Upload Firmware	Run actions/checkout@v4	2026-03-23T23:02:20.5070204Z hint: to use in all of your new repositories, which will suppress this warning,
Build & Upload Firmware	Run actions/checkout@v4	2026-03-23T23:02:20.5071418Z hint: call:
Build & Upload Firmware	Run actions/checkout@v4	2026-03-23T23:02:20.5072040Z hint:
Build & Upload Firmware	Run actions/checkout@v4	2026-03-23T23:02:20.5072805Z hint: 	git config --global init.defaultBranch <name>
Build & Upload Firmware	Run actions/checkout@v4	2026-03-23T23:02:20.5073661Z hint:
Build & Upload Firmware	Run actions/checkout@v4	2026-03-23T23:02:20.5074204Z hint: Names commonly chosen instead of 'master' are 'main', 'trunk' and
Build & Upload Firmware	Run actions/checkout@v4	2026-03-23T23:02:20.5075068Z hint: 'development'. The just-created branch can be renamed via this command:
Build & Upload Firmware	Run actions/checkout@v4	2026-03-23T23:02:20.5075743Z hint:
Build & Upload Firmware	Run actions/checkout@v4	2026-03-23T23:02:20.5076116Z hint: 	git branch -m <name>
Build & Upload Firmware	Run actions/checkout@v4	2026-03-23T23:02:20.5076786Z hint:
Build & Upload Firmware	Run actions/checkout@v4	2026-03-23T23:02:20.5077379Z hint: Disable this message with "git config set advice.defaultBranchName false"
Build & Upload Firmware	Run actions/checkout@v4	2026-03-23T23:02:20.5078950Z Initialized empty Git repository in /home/runner/work/thesis-iot-monitoring/thesis-iot-monitoring/.git/
Build & Upload Firmware	Run actions/checkout@v4	2026-03-23T23:02:20.5084434Z [command]/usr/bin/git remote add origin https://github.com/WhitehatD/thesis-iot-monitoring
Build & Upload Firmware	Run actions/checkout@v4	2026-03-23T23:02:20.5119487Z ##[endgroup]
Build & Upload Firmware	Run actions/checkout@v4	2026-03-23T23:02:20.5120251Z ##[group]Disabling automatic garbage collection
Build & Upload Firmware	Run actions/checkout@v4	2026-03-23T23:02:20.5123443Z [command]/usr/bin/git config --local gc.auto 0
Build & Upload Firmware	Run actions/checkout@v4	2026-03-23T23:02:20.5151982Z ##[endgroup]
Build & Upload Firmware	Run actions/checkout@v4	2026-03-23T23:02:20.5152673Z ##[group]Setting up auth
Build & Upload Firmware	Run actions/checkout@v4	2026-03-23T23:02:20.5158787Z [command]/usr/bin/git config --local --name-only --get-regexp core\.sshCommand
Build & Upload Firmware	Run actions/checkout@v4	2026-03-23T23:02:20.5189693Z [command]/usr/bin/git submodule foreach --recursive sh -c "git config --local --name-only --get-regexp 'core\.sshCommand' && git config --local --unset-all 'core.sshCommand' || :"
Build & Upload Firmware	Run actions/checkout@v4	2026-03-23T23:02:20.5524067Z [command]/usr/bin/git config --local --name-only --get-regexp http\.https\:\/\/github\.com\/\.extraheader
Build & Upload Firmware	Run actions/checkout@v4	2026-03-23T23:02:20.5554879Z [command]/usr/bin/git submodule foreach --recursive sh -c "git config --local --name-only --get-regexp 'http\.https\:\/\/github\.com\/\.extraheader' && git config --local --unset-all 'http.https://github.com/.extraheader' || :"
Build & Upload Firmware	Run actions/checkout@v4	2026-03-23T23:02:20.5784651Z [command]/usr/bin/git config --local --name-only --get-regexp ^includeIf\.gitdir:
Build & Upload Firmware	Run actions/checkout@v4	2026-03-23T23:02:20.5815560Z [command]/usr/bin/git submodule foreach --recursive git config --local --show-origin --name-only --get-regexp remote.origin.url
Build & Upload Firmware	Run actions/checkout@v4	2026-03-23T23:02:20.6050136Z [command]/usr/bin/git config --local http.https://github.com/.extraheader AUTHORIZATION: basic ***
Build & Upload Firmware	Run actions/checkout@v4	2026-03-23T23:02:20.6084096Z ##[endgroup]
Build & Upload Firmware	Run actions/checkout@v4	2026-03-23T23:02:20.6085033Z ##[group]Fetching the repository
Build & Upload Firmware	Run actions/checkout@v4	2026-03-23T23:02:20.6092116Z [command]/usr/bin/git -c protocol.version=2 fetch --no-tags --prune --no-recurse-submodules --depth=1 origin +ed74cd31e83301abb2b4d417c7477d2e37e9ac60:refs/remotes/origin/main
Build & Upload Firmware	Run actions/checkout@v4	2026-03-23T23:02:21.7217518Z From https://github.com/WhitehatD/thesis-iot-monitoring
Build & Upload Firmware	Run actions/checkout@v4	2026-03-23T23:02:21.7219353Z  * [new ref]         ed74cd31e83301abb2b4d417c7477d2e37e9ac60 -> origin/main
Build & Upload Firmware	Run actions/checkout@v4	2026-03-23T23:02:21.7252232Z ##[endgroup]
Build & Upload Firmware	Run actions/checkout@v4	2026-03-23T23:02:21.7254243Z ##[group]Determining the checkout info
Build & Upload Firmware	Run actions/checkout@v4	2026-03-23T23:02:21.7256722Z ##[endgroup]
Build & Upload Firmware	Run actions/checkout@v4	2026-03-23T23:02:21.7260558Z [command]/usr/bin/git sparse-checkout disable
Build & Upload Firmware	Run actions/checkout@v4	2026-03-23T23:02:21.7303875Z [command]/usr/bin/git config --local --unset-all extensions.worktreeConfig
Build & Upload Firmware	Run actions/checkout@v4	2026-03-23T23:02:21.7332079Z ##[group]Checking out the ref
Build & Upload Firmware	Run actions/checkout@v4	2026-03-23T23:02:21.7335613Z [command]/usr/bin/git checkout --progress --force -B main refs/remotes/origin/main
Build & Upload Firmware	Run actions/checkout@v4	2026-03-23T23:02:22.0625713Z Switched to a new branch 'main'
Build & Upload Firmware	Run actions/checkout@v4	2026-03-23T23:02:22.0627229Z branch 'main' set up to track 'origin/main'.
Build & Upload Firmware	Run actions/checkout@v4	2026-03-23T23:02:22.0661001Z ##[endgroup]
Build & Upload Firmware	Run actions/checkout@v4	2026-03-23T23:02:22.0701093Z [command]/usr/bin/git log -1 --format=%H
Build & Upload Firmware	Run actions/checkout@v4	2026-03-23T23:02:22.0724424Z ed74cd31e83301abb2b4d417c7477d2e37e9ac60
Build & Upload Firmware	Install ARM GCC Toolchain	´╗┐2026-03-23T23:02:22.0903309Z ##[group]Run sudo apt-get update
Build & Upload Firmware	Install ARM GCC Toolchain	2026-03-23T23:02:22.0903769Z [36;1msudo apt-get update[0m
Build & Upload Firmware	Install ARM GCC Toolchain	2026-03-23T23:02:22.0904129Z [36;1msudo apt-get install -y gcc-arm-none-eabi make[0m
Build & Upload Firmware	Install ARM GCC Toolchain	2026-03-23T23:02:22.0958355Z shell: /usr/bin/bash -e {0}
Build & Upload Firmware	Install ARM GCC Toolchain	2026-03-23T23:02:22.0958690Z env:
Build & Upload Firmware	Install ARM GCC Toolchain	2026-03-23T23:02:22.0958908Z   REGISTRY: ghcr.io
Build & Upload Firmware	Install ARM GCC Toolchain	2026-03-23T23:02:22.0959153Z ##[endgroup]
Build & Upload Firmware	Install ARM GCC Toolchain	2026-03-23T23:02:22.1910324Z Get:1 file:/etc/apt/apt-mirrors.txt Mirrorlist [144 B]
Build & Upload Firmware	Install ARM GCC Toolchain	2026-03-23T23:02:22.2197808Z Hit:2 http://azure.archive.ubuntu.com/ubuntu noble InRelease
Build & Upload Firmware	Install ARM GCC Toolchain	2026-03-23T23:02:22.2238174Z Get:3 http://azure.archive.ubuntu.com/ubuntu noble-updates InRelease [126 kB]
Build & Upload Firmware	Install ARM GCC Toolchain	2026-03-23T23:02:22.2278475Z Get:4 http://azure.archive.ubuntu.com/ubuntu noble-backports InRelease [126 kB]
Build & Upload Firmware	Install ARM GCC Toolchain	2026-03-23T23:02:22.2305953Z Get:5 http://azure.archive.ubuntu.com/ubuntu noble-security InRelease [126 kB]
Build & Upload Firmware	Install ARM GCC Toolchain	2026-03-23T23:02:22.2320144Z Hit:6 https://packages.microsoft.com/repos/azure-cli noble InRelease
Build & Upload Firmware	Install ARM GCC Toolchain	2026-03-23T23:02:22.2361846Z Get:7 https://packages.microsoft.com/ubuntu/24.04/prod noble InRelease [3600 B]
Build & Upload Firmware	Install ARM GCC Toolchain	2026-03-23T23:02:22.3607931Z Get:8 http://azure.archive.ubuntu.com/ubuntu noble-updates/main amd64 Packages [1841 kB]
Build & Upload Firmware	Install ARM GCC Toolchain	2026-03-23T23:02:22.3770374Z Get:9 http://azure.archive.ubuntu.com/ubuntu noble-updates/main Translation-en [339 kB]
Build & Upload Firmware	Install ARM GCC Toolchain	2026-03-23T23:02:22.3794864Z Get:10 http://azure.archive.ubuntu.com/ubuntu noble-updates/main amd64 Components [177 kB]
Build & Upload Firmware	Install ARM GCC Toolchain	2026-03-23T23:02:22.3820174Z Get:11 http://azure.archive.ubuntu.com/ubuntu noble-updates/main amd64 c-n-f Metadata [16.9 kB]
Build & Upload Firmware	Install ARM GCC Toolchain	2026-03-23T23:02:22.3858345Z Get:12 http://azure.archive.ubuntu.com/ubuntu noble-updates/universe amd64 Packages [1570 kB]
Build & Upload Firmware	Install ARM GCC Toolchain	2026-03-23T23:02:22.3941907Z Get:13 http://azure.archive.ubuntu.com/ubuntu noble-updates/universe Translation-en [320 kB]
Build & Upload Firmware	Install ARM GCC Toolchain	2026-03-23T23:02:22.3968650Z Get:14 http://azure.archive.ubuntu.com/ubuntu noble-updates/universe amd64 Components [386 kB]
Build & Upload Firmware	Install ARM GCC Toolchain	2026-03-23T23:02:22.3995377Z Get:15 http://azure.archive.ubuntu.com/ubuntu noble-updates/universe amd64 c-n-f Metadata [33.1 kB]
Build & Upload Firmware	Install ARM GCC Toolchain	2026-03-23T23:02:22.4006053Z Get:16 http://azure.archive.ubuntu.com/ubuntu noble-updates/restricted amd64 Packages [2825 kB]
Build & Upload Firmware	Install ARM GCC Toolchain	2026-03-23T23:02:22.4145357Z Get:17 http://azure.archive.ubuntu.com/ubuntu noble-updates/restricted Translation-en [655 kB]
Build & Upload Firmware	Install ARM GCC Toolchain	2026-03-23T23:02:22.4602036Z Get:18 http://azure.archive.ubuntu.com/ubuntu noble-updates/restricted amd64 Components [212 B]
Build & Upload Firmware	Install ARM GCC Toolchain	2026-03-23T23:02:22.4607943Z Get:19 http://azure.archive.ubuntu.com/ubuntu noble-updates/restricted amd64 c-n-f Metadata [556 B]
Build & Upload Firmware	Install ARM GCC Toolchain	2026-03-23T23:02:22.4616791Z Get:20 http://azure.archive.ubuntu.com/ubuntu noble-updates/multiverse Translation-en [7520 B]
Build & Upload Firmware	Install ARM GCC Toolchain	2026-03-23T23:02:22.4622603Z Get:21 http://azure.archive.ubuntu.com/ubuntu noble-updates/multiverse amd64 Components [940 B]
Build & Upload Firmware	Install ARM GCC Toolchain	2026-03-23T23:02:22.4631456Z Get:22 http://azure.archive.ubuntu.com/ubuntu noble-backports/main amd64 Packages [40.4 kB]
Build & Upload Firmware	Install ARM GCC Toolchain	2026-03-23T23:02:22.4638024Z Get:23 http://azure.archive.ubuntu.com/ubuntu noble-backports/main amd64 Components [7376 B]
Build & Upload Firmware	Install ARM GCC Toolchain	2026-03-23T23:02:22.4643146Z Get:24 http://azure.archive.ubuntu.com/ubuntu noble-backports/main amd64 c-n-f Metadata [368 B]
Build & Upload Firmware	Install ARM GCC Toolchain	2026-03-23T23:02:22.4649531Z Get:25 http://azure.archive.ubuntu.com/ubuntu noble-backports/universe amd64 Packages [30.7 kB]
Build & Upload Firmware	Install ARM GCC Toolchain	2026-03-23T23:02:22.4655847Z Get:26 http://azure.archive.ubuntu.com/ubuntu noble-backports/universe Translation-en [18.2 kB]
Build & Upload Firmware	Install ARM GCC Toolchain	2026-03-23T23:02:22.4662423Z Get:27 http://azure.archive.ubuntu.com/ubuntu noble-backports/universe amd64 Components [13.2 kB]
Build & Upload Firmware	Install ARM GCC Toolchain	2026-03-23T23:02:22.4670628Z Get:28 http://azure.archive.ubuntu.com/ubuntu noble-backports/universe amd64 c-n-f Metadata [1480 B]
Build & Upload Firmware	Install ARM GCC Toolchain	2026-03-23T23:02:22.4672603Z Get:29 http://azure.archive.ubuntu.com/ubuntu noble-backports/restricted amd64 Components [212 B]
Build & Upload Firmware	Install ARM GCC Toolchain	2026-03-23T23:02:22.4682142Z Get:30 http://azure.archive.ubuntu.com/ubuntu noble-backports/multiverse amd64 Packages [780 B]
Build & Upload Firmware	Install ARM GCC Toolchain	2026-03-23T23:02:22.4691742Z Get:31 http://azure.archive.ubuntu.com/ubuntu noble-backports/multiverse Translation-en [372 B]
Build & Upload Firmware	Install ARM GCC Toolchain	2026-03-23T23:02:22.5130259Z Get:32 http://azure.archive.ubuntu.com/ubuntu noble-backports/multiverse amd64 Components [212 B]
Build & Upload Firmware	Install ARM GCC Toolchain	2026-03-23T23:02:22.5138137Z Get:33 http://azure.archive.ubuntu.com/ubuntu noble-security/main amd64 Packages [1546 kB]
Build & Upload Firmware	Install ARM GCC Toolchain	2026-03-23T23:02:22.5238657Z Get:34 http://azure.archive.ubuntu.com/ubuntu noble-security/main Translation-en [249 kB]
Build & Upload Firmware	Install ARM GCC Toolchain	2026-03-23T23:02:22.5255166Z Get:35 http://azure.archive.ubuntu.com/ubuntu noble-security/main amd64 Components [21.6 kB]
Build & Upload Firmware	Install ARM GCC Toolchain	2026-03-23T23:02:22.5262813Z Get:36 http://azure.archive.ubuntu.com/ubuntu noble-security/main amd64 c-n-f Metadata [10.7 kB]
Build & Upload Firmware	Install ARM GCC Toolchain	2026-03-23T23:02:22.5291481Z Get:37 http://azure.archive.ubuntu.com/ubuntu noble-security/universe amd64 Packages [978 kB]
Build & Upload Firmware	Install ARM GCC Toolchain	2026-03-23T23:02:22.5350421Z Get:38 http://azure.archive.ubuntu.com/ubuntu noble-security/universe Translation-en [220 kB]
Build & Upload Firmware	Install ARM GCC Toolchain	2026-03-23T23:02:22.5371626Z Get:39 http://azure.archive.ubuntu.com/ubuntu noble-security/universe amd64 Components [74.2 kB]
Build & Upload Firmware	Install ARM GCC Toolchain	2026-03-23T23:02:22.5390778Z Get:40 http://azure.archive.ubuntu.com/ubuntu noble-security/universe amd64 c-n-f Metadata [20.8 kB]
Build & Upload Firmware	Install ARM GCC Toolchain	2026-03-23T23:02:22.5410955Z Get:41 http://azure.archive.ubuntu.com/ubuntu noble-security/restricted amd64 Packages [2689 kB]
Build & Upload Firmware	Install ARM GCC Toolchain	2026-03-23T23:02:22.5557173Z Get:42 http://azure.archive.ubuntu.com/ubuntu noble-security/restricted Translation-en [625 kB]
Build & Upload Firmware	Install ARM GCC Toolchain	2026-03-23T23:02:22.5611989Z Get:43 http://azure.archive.ubuntu.com/ubuntu noble-security/restricted amd64 Components [212 B]
Build & Upload Firmware	Install ARM GCC Toolchain	2026-03-23T23:02:22.5619440Z Get:44 http://azure.archive.ubuntu.com/ubuntu noble-security/restricted amd64 c-n-f Metadata [544 B]
Build & Upload Firmware	Install ARM GCC Toolchain	2026-03-23T23:02:22.5635947Z Get:45 http://azure.archive.ubuntu.com/ubuntu noble-security/multiverse Translation-en [6980 B]
Build & Upload Firmware	Install ARM GCC Toolchain	2026-03-23T23:02:22.5645745Z Get:46 http://azure.archive.ubuntu.com/ubuntu noble-security/multiverse amd64 Components [212 B]
Build & Upload Firmware	Install ARM GCC Toolchain	2026-03-23T23:02:22.6108197Z Get:47 https://packages.microsoft.com/ubuntu/24.04/prod noble/main arm64 Packages [85.5 kB]
Build & Upload Firmware	Install ARM GCC Toolchain	2026-03-23T23:02:22.6152791Z Get:48 https://packages.microsoft.com/ubuntu/24.04/prod noble/main armhf Packages [11.4 kB]
Build & Upload Firmware	Install ARM GCC Toolchain	2026-03-23T23:02:22.6195812Z Get:49 https://packages.microsoft.com/ubuntu/24.04/prod noble/main amd64 Packages [107 kB]
Build & Upload Firmware	Install ARM GCC Toolchain	2026-03-23T23:02:28.2348969Z Fetched 15.3 MB in 2s (8786 kB/s)
Build & Upload Firmware	Install ARM GCC Toolchain	2026-03-23T23:02:29.0088932Z Reading package lists...
Build & Upload Firmware	Install ARM GCC Toolchain	2026-03-23T23:02:29.0436553Z Reading package lists...
Build & Upload Firmware	Install ARM GCC Toolchain	2026-03-23T23:02:29.2156723Z Building dependency tree...
Build & Upload Firmware	Install ARM GCC Toolchain	2026-03-23T23:02:29.2166698Z Reading state information...
Build & Upload Firmware	Install ARM GCC Toolchain	2026-03-23T23:02:29.3759921Z make is already the newest version (4.3-4.1build2).
Build & Upload Firmware	Install ARM GCC Toolchain	2026-03-23T23:02:29.3764544Z The following additional packages will be installed:
Build & Upload Firmware	Install ARM GCC Toolchain	2026-03-23T23:02:29.3765312Z   binutils-arm-none-eabi libnewlib-arm-none-eabi libnewlib-dev
Build & Upload Firmware	Install ARM GCC Toolchain	2026-03-23T23:02:29.3769178Z   libstdc++-arm-none-eabi-dev libstdc++-arm-none-eabi-newlib
Build & Upload Firmware	Install ARM GCC Toolchain	2026-03-23T23:02:29.3775831Z Suggested packages:
Build & Upload Firmware	Install ARM GCC Toolchain	2026-03-23T23:02:29.3776560Z   libnewlib-doc
Build & Upload Firmware	Install ARM GCC Toolchain	2026-03-23T23:02:29.4129554Z The following NEW packages will be installed:
Build & Upload Firmware	Install ARM GCC Toolchain	2026-03-23T23:02:29.4131518Z   binutils-arm-none-eabi gcc-arm-none-eabi libnewlib-arm-none-eabi
Build & Upload Firmware	Install ARM GCC Toolchain	2026-03-23T23:02:29.4137232Z   libnewlib-dev libstdc++-arm-none-eabi-dev libstdc++-arm-none-eabi-newlib
Build & Upload Firmware	Install ARM GCC Toolchain	2026-03-23T23:02:29.4322803Z 0 upgraded, 6 newly installed, 0 to remove and 107 not upgraded.
Build & Upload Firmware	Install ARM GCC Toolchain	2026-03-23T23:02:29.4323525Z Need to get 574 MB of archives.
Build & Upload Firmware	Install ARM GCC Toolchain	2026-03-23T23:02:29.4324128Z After this operation, 3106 MB of additional disk space will be used.
Build & Upload Firmware	Install ARM GCC Toolchain	2026-03-23T23:02:29.4324944Z Get:1 file:/etc/apt/apt-mirrors.txt Mirrorlist [144 B]
Build & Upload Firmware	Install ARM GCC Toolchain	2026-03-23T23:02:29.4518646Z Get:2 http://azure.archive.ubuntu.com/ubuntu noble/universe amd64 binutils-arm-none-eabi amd64 2.42-1ubuntu1+23 [3137 kB]
Build & Upload Firmware	Install ARM GCC Toolchain	2026-03-23T23:02:29.4774378Z Get:3 http://azure.archive.ubuntu.com/ubuntu noble/universe amd64 gcc-arm-none-eabi amd64 15:13.2.rel1-2 [57.5 MB]
Build & Upload Firmware	Install ARM GCC Toolchain	2026-03-23T23:02:29.8668713Z Get:4 http://azure.archive.ubuntu.com/ubuntu noble/universe amd64 libstdc++-arm-none-eabi-dev all 15:13.2.rel1-2+26 [1320 kB]
Build & Upload Firmware	Install ARM GCC Toolchain	2026-03-23T23:02:29.8777555Z Get:5 http://azure.archive.ubuntu.com/ubuntu noble/universe amd64 libnewlib-dev all 4.4.0.20231231-2 [140 kB]
Build & Upload Firmware	Install ARM GCC Toolchain	2026-03-23T23:02:29.8807920Z Get:6 http://azure.archive.ubuntu.com/ubuntu noble/universe amd64 libnewlib-arm-none-eabi all 4.4.0.20231231-2 [49.2 MB]
Build & Upload Firmware	Install ARM GCC Toolchain	2026-03-23T23:02:30.2232558Z Get:7 http://azure.archive.ubuntu.com/ubuntu noble/universe amd64 libstdc++-arm-none-eabi-newlib all 15:13.2.rel1-2+26 [463 MB]
Build & Upload Firmware	Install ARM GCC Toolchain	2026-03-23T23:02:34.5666227Z Fetched 574 MB in 5s (123 MB/s)
Build & Upload Firmware	Install ARM GCC Toolchain	2026-03-23T23:02:34.5892595Z Selecting previously unselected package binutils-arm-none-eabi.
Build & Upload Firmware	Install ARM GCC Toolchain	2026-03-23T23:02:34.6245222Z (Reading database ... 
Build & Upload Firmware	Install ARM GCC Toolchain	2026-03-23T23:02:34.6245879Z (Reading database ... 5%
Build & Upload Firmware	Install ARM GCC Toolchain	2026-03-23T23:02:34.6247131Z (Reading database ... 10%
Build & Upload Firmware	Install ARM GCC Toolchain	2026-03-23T23:02:34.6247518Z (Reading database ... 15%
Build & Upload Firmware	Install ARM GCC Toolchain	2026-03-23T23:02:34.6247805Z (Reading database ... 20%
Build & Upload Firmware	Install ARM GCC Toolchain	2026-03-23T23:02:34.6248163Z (Reading database ... 25%
Build & Upload Firmware	Install ARM GCC Toolchain	2026-03-23T23:02:34.6248671Z (Reading database ... 30%
Build & Upload Firmware	Install ARM GCC Toolchain	2026-03-23T23:02:34.6249170Z (Reading database ... 35%
Build & Upload Firmware	Install ARM GCC Toolchain	2026-03-23T23:02:34.6249533Z (Reading database ... 40%
Build & Upload Firmware	Install ARM GCC Toolchain	2026-03-23T23:02:34.6249882Z (Reading database ... 45%
Build & Upload Firmware	Install ARM GCC Toolchain	2026-03-23T23:02:34.6250269Z (Reading database ... 50%
Build & Upload Firmware	Install ARM GCC Toolchain	2026-03-23T23:02:34.6374357Z (Reading database ... 55%
Build & Upload Firmware	Install ARM GCC Toolchain	2026-03-23T23:02:34.6997803Z (Reading database ... 60%
Build & Upload Firmware	Install ARM GCC Toolchain	2026-03-23T23:02:34.7438461Z (Reading database ... 65%
Build & Upload Firmware	Install ARM GCC Toolchain	2026-03-23T23:02:34.7812026Z (Reading database ... 70%
Build & Upload Firmware	Install ARM GCC Toolchain	2026-03-23T23:02:34.8198224Z (Reading database ... 75%
Build & Upload Firmware	Install ARM GCC Toolchain	2026-03-23T23:02:34.9927270Z (Reading database ... 80%
Build & Upload Firmware	Install ARM GCC Toolchain	2026-03-23T23:02:35.2078039Z (Reading database ... 85%
Build & Upload Firmware	Install ARM GCC Toolchain	2026-03-23T23:02:35.4691939Z (Reading database ... 90%
Build & Upload Firmware	Install ARM GCC Toolchain	2026-03-23T23:02:35.6356735Z (Reading database ... 95%
Build & Upload Firmware	Install ARM GCC Toolchain	2026-03-23T23:02:35.6357260Z (Reading database ... 100%
Build & Upload Firmware	Install ARM GCC Toolchain	2026-03-23T23:02:35.6357875Z (Reading database ... 219144 files and directories currently installed.)
Build & Upload Firmware	Install ARM GCC Toolchain	2026-03-23T23:02:35.6404287Z Preparing to unpack .../0-binutils-arm-none-eabi_2.42-1ubuntu1+23_amd64.deb ...
Build & Upload Firmware	Install ARM GCC Toolchain	2026-03-23T23:02:35.6426701Z Unpacking binutils-arm-none-eabi (2.42-1ubuntu1+23) ...
Build & Upload Firmware	Install ARM GCC Toolchain	2026-03-23T23:02:35.7949202Z Selecting previously unselected package gcc-arm-none-eabi.
Build & Upload Firmware	Install ARM GCC Toolchain	2026-03-23T23:02:35.8109389Z Preparing to unpack .../1-gcc-arm-none-eabi_15%3a13.2.rel1-2_amd64.deb ...
Build & Upload Firmware	Install ARM GCC Toolchain	2026-03-23T23:02:35.8135744Z Unpacking gcc-arm-none-eabi (15:13.2.rel1-2) ...
Build & Upload Firmware	Install ARM GCC Toolchain	2026-03-23T23:02:37.4402248Z Selecting previously unselected package libstdc++-arm-none-eabi-dev.
Build & Upload Firmware	Install ARM GCC Toolchain	2026-03-23T23:02:37.4565259Z Preparing to unpack .../2-libstdc++-arm-none-eabi-dev_15%3a13.2.rel1-2+26_all.deb ...
Build & Upload Firmware	Install ARM GCC Toolchain	2026-03-23T23:02:37.4576322Z Unpacking libstdc++-arm-none-eabi-dev (15:13.2.rel1-2+26) ...
Build & Upload Firmware	Install ARM GCC Toolchain	2026-03-23T23:02:37.7839353Z Selecting previously unselected package libnewlib-dev.
Build & Upload Firmware	Install ARM GCC Toolchain	2026-03-23T23:02:37.8009303Z Preparing to unpack .../3-libnewlib-dev_4.4.0.20231231-2_all.deb ...
Build & Upload Firmware	Install ARM GCC Toolchain	2026-03-23T23:02:37.8021242Z Unpacking libnewlib-dev (4.4.0.20231231-2) ...
Build & Upload Firmware	Install ARM GCC Toolchain	2026-03-23T23:02:37.8439418Z Selecting previously unselected package libnewlib-arm-none-eabi.
Build & Upload Firmware	Install ARM GCC Toolchain	2026-03-23T23:02:37.8600822Z Preparing to unpack .../4-libnewlib-arm-none-eabi_4.4.0.20231231-2_all.deb ...
Build & Upload Firmware	Install ARM GCC Toolchain	2026-03-23T23:02:37.8610333Z Unpacking libnewlib-arm-none-eabi (4.4.0.20231231-2) ...
Build & Upload Firmware	Install ARM GCC Toolchain	2026-03-23T23:02:39.2721414Z Selecting previously unselected package libstdc++-arm-none-eabi-newlib.
Build & Upload Firmware	Install ARM GCC Toolchain	2026-03-23T23:02:39.2889712Z Preparing to unpack .../5-libstdc++-arm-none-eabi-newlib_15%3a13.2.rel1-2+26_all.deb ...
Build & Upload Firmware	Install ARM GCC Toolchain	2026-03-23T23:02:39.2903325Z Unpacking libstdc++-arm-none-eabi-newlib (15:13.2.rel1-2+26) ...
Build & Upload Firmware	Install ARM GCC Toolchain	2026-03-23T23:02:46.5822673Z Setting up binutils-arm-none-eabi (2.42-1ubuntu1+23) ...
Build & Upload Firmware	Install ARM GCC Toolchain	2026-03-23T23:02:46.5851626Z Setting up gcc-arm-none-eabi (15:13.2.rel1-2) ...
Build & Upload Firmware	Install ARM GCC Toolchain	2026-03-23T23:02:46.5878182Z Setting up libnewlib-dev (4.4.0.20231231-2) ...
Build & Upload Firmware	Install ARM GCC Toolchain	2026-03-23T23:02:46.5964490Z Setting up libnewlib-arm-none-eabi (4.4.0.20231231-2) ...
Build & Upload Firmware	Install ARM GCC Toolchain	2026-03-23T23:02:46.6055670Z Setting up libstdc++-arm-none-eabi-dev (15:13.2.rel1-2+26) ...
Build & Upload Firmware	Install ARM GCC Toolchain	2026-03-23T23:02:46.6144566Z Setting up libstdc++-arm-none-eabi-newlib (15:13.2.rel1-2+26) ...
Build & Upload Firmware	Install ARM GCC Toolchain	2026-03-23T23:02:46.6177250Z Processing triggers for man-db (2.12.0-4build2) ...
Build & Upload Firmware	Install ARM GCC Toolchain	2026-03-23T23:02:46.6208510Z Not building database; man-db/auto-update is not 'true'.
Build & Upload Firmware	Install ARM GCC Toolchain	2026-03-23T23:02:46.6225229Z Processing triggers for libc-bin (2.39-0ubuntu8.7) ...
Build & Upload Firmware	Install ARM GCC Toolchain	2026-03-23T23:02:47.4257036Z 
Build & Upload Firmware	Install ARM GCC Toolchain	2026-03-23T23:02:47.4257573Z Running kernel seems to be up-to-date.
Build & Upload Firmware	Install ARM GCC Toolchain	2026-03-23T23:02:47.4257966Z 
Build & Upload Firmware	Install ARM GCC Toolchain	2026-03-23T23:02:47.4258112Z No services need to be restarted.
Build & Upload Firmware	Install ARM GCC Toolchain	2026-03-23T23:02:47.4258396Z 
Build & Upload Firmware	Install ARM GCC Toolchain	2026-03-23T23:02:47.4258540Z No containers need to be restarted.
Build & Upload Firmware	Install ARM GCC Toolchain	2026-03-23T23:02:47.4258818Z 
Build & Upload Firmware	Install ARM GCC Toolchain	2026-03-23T23:02:47.4259013Z No user sessions are running outdated binaries.
Build & Upload Firmware	Install ARM GCC Toolchain	2026-03-23T23:02:47.4259718Z 
Build & Upload Firmware	Install ARM GCC Toolchain	2026-03-23T23:02:47.4260036Z No VM guests are running outdated hypervisor (qemu) binaries on this host.
Build & Upload Firmware	Build Firmware	´╗┐2026-03-23T23:02:48.3199911Z ##[group]Run make -j8
Build & Upload Firmware	Build Firmware	2026-03-23T23:02:48.3200183Z [36;1mmake -j8[0m
Build & Upload Firmware	Build Firmware	2026-03-23T23:02:48.3250678Z shell: /usr/bin/bash -e {0}
Build & Upload Firmware	Build Firmware	2026-03-23T23:02:48.3250904Z env:
Build & Upload Firmware	Build Firmware	2026-03-23T23:02:48.3251073Z   REGISTRY: ghcr.io
Build & Upload Firmware	Build Firmware	2026-03-23T23:02:48.3251265Z ##[endgroup]
Build & Upload Firmware	Build Firmware	2026-03-23T23:02:48.3858338Z arm-none-eabi-gcc -c -mcpu=cortex-m33 -mthumb -mfpu=fpv5-sp-d16 -mfloat-abi=hard -DSTM32U585xx -DUSE_HAL_DRIVER -ICore/Inc -IDrivers/BSP/B-U585I-IOT02A -IDrivers/BSP/Components/Common -IDrivers/BSP/Components/ov5640 -IDrivers/BSP/Components/mx_wifi -IDrivers/BSP/Components/mx_wifi/core -IDrivers/BSP/Components/mx_wifi/io_pattern -IDrivers/STM32U5xx_HAL_Driver/Inc -IDrivers/STM32U5xx_HAL_Driver/Inc/Legacy -IDrivers/CMSIS/Include -IDrivers/CMSIS/Device/ST/STM32U5xx/Include -O2 -Wall -Wextra -Wno-unused-parameter -fdata-sections -ffunction-sections -std=gnu11 -MMD -MP -MF"build/Core/Src/main.d" -o build/Core/Src/main.o Core/Src/main.c
Build & Upload Firmware	Build Firmware	2026-03-23T23:02:48.3866062Z arm-none-eabi-gcc -c -mcpu=cortex-m33 -mthumb -mfpu=fpv5-sp-d16 -mfloat-abi=hard -DSTM32U585xx -DUSE_HAL_DRIVER -ICore/Inc -IDrivers/BSP/B-U585I-IOT02A -IDrivers/BSP/Components/Common -IDrivers/BSP/Components/ov5640 -IDrivers/BSP/Components/mx_wifi -IDrivers/BSP/Components/mx_wifi/core -IDrivers/BSP/Components/mx_wifi/io_pattern -IDrivers/STM32U5xx_HAL_Driver/Inc -IDrivers/STM32U5xx_HAL_Driver/Inc/Legacy -IDrivers/CMSIS/Include -IDrivers/CMSIS/Device/ST/STM32U5xx/Include -O2 -Wall -Wextra -Wno-unused-parameter -fdata-sections -ffunction-sections -std=gnu11 -MMD -MP -MF"build/Core/Src/debug_log.d" -o build/Core/Src/debug_log.o Core/Src/debug_log.c
Build & Upload Firmware	Build Firmware	2026-03-23T23:02:48.3881650Z arm-none-eabi-gcc -c -mcpu=cortex-m33 -mthumb -mfpu=fpv5-sp-d16 -mfloat-abi=hard -DSTM32U585xx -DUSE_HAL_DRIVER -ICore/Inc -IDrivers/BSP/B-U585I-IOT02A -IDrivers/BSP/Components/Common -IDrivers/BSP/Components/ov5640 -IDrivers/BSP/Components/mx_wifi -IDrivers/BSP/Components/mx_wifi/core -IDrivers/BSP/Components/mx_wifi/io_pattern -IDrivers/STM32U5xx_HAL_Driver/Inc -IDrivers/STM32U5xx_HAL_Driver/Inc/Legacy -IDrivers/CMSIS/Include -IDrivers/CMSIS/Device/ST/STM32U5xx/Include -O2 -Wall -Wextra -Wno-unused-parameter -fdata-sections -ffunction-sections -std=gnu11 -MMD -MP -MF"build/Core/Src/wifi.d" -o build/Core/Src/wifi.o Core/Src/wifi.c
Build & Upload Firmware	Build Firmware	2026-03-23T23:02:48.3889843Z arm-none-eabi-gcc -c -mcpu=cortex-m33 -mthumb -mfpu=fpv5-sp-d16 -mfloat-abi=hard -DSTM32U585xx -DUSE_HAL_DRIVER -ICore/Inc -IDrivers/BSP/B-U585I-IOT02A -IDrivers/BSP/Components/Common -IDrivers/BSP/Components/ov5640 -IDrivers/BSP/Components/mx_wifi -IDrivers/BSP/Components/mx_wifi/core -IDrivers/BSP/Components/mx_wifi/io_pattern -IDrivers/STM32U5xx_HAL_Driver/Inc -IDrivers/STM32U5xx_HAL_Driver/Inc/Legacy -IDrivers/CMSIS/Include -IDrivers/CMSIS/Device/ST/STM32U5xx/Include -O2 -Wall -Wextra -Wno-unused-parameter -fdata-sections -ffunction-sections -std=gnu11 -MMD -MP -MF"build/Core/Src/camera.d" -o build/Core/Src/camera.o Core/Src/camera.c
Build & Upload Firmware	Build Firmware	2026-03-23T23:02:48.3898264Z arm-none-eabi-gcc -c -mcpu=cortex-m33 -mthumb -mfpu=fpv5-sp-d16 -mfloat-abi=hard -DSTM32U585xx -DUSE_HAL_DRIVER -ICore/Inc -IDrivers/BSP/B-U585I-IOT02A -IDrivers/BSP/Components/Common -IDrivers/BSP/Components/ov5640 -IDrivers/BSP/Components/mx_wifi -IDrivers/BSP/Components/mx_wifi/core -IDrivers/BSP/Components/mx_wifi/io_pattern -IDrivers/STM32U5xx_HAL_Driver/Inc -IDrivers/STM32U5xx_HAL_Driver/Inc/Legacy -IDrivers/CMSIS/Include -IDrivers/CMSIS/Device/ST/STM32U5xx/Include -O2 -Wall -Wextra -Wno-unused-parameter -fdata-sections -ffunction-sections -std=gnu11 -MMD -MP -MF"build/Core/Src/mqtt_handler.d" -o build/Core/Src/mqtt_handler.o Core/Src/mqtt_handler.c
Build & Upload Firmware	Build Firmware	2026-03-23T23:02:48.3913913Z arm-none-eabi-gcc -c -mcpu=cortex-m33 -mthumb -mfpu=fpv5-sp-d16 -mfloat-abi=hard -DSTM32U585xx -DUSE_HAL_DRIVER -ICore/Inc -IDrivers/BSP/B-U585I-IOT02A -IDrivers/BSP/Components/Common -IDrivers/BSP/Components/ov5640 -IDrivers/BSP/Components/mx_wifi -IDrivers/BSP/Components/mx_wifi/core -IDrivers/BSP/Components/mx_wifi/io_pattern -IDrivers/STM32U5xx_HAL_Driver/Inc -IDrivers/STM32U5xx_HAL_Driver/Inc/Legacy -IDrivers/CMSIS/Include -IDrivers/CMSIS/Device/ST/STM32U5xx/Include -O2 -Wall -Wextra -Wno-unused-parameter -fdata-sections -ffunction-sections -std=gnu11 -MMD -MP -MF"build/Core/Src/scheduler.d" -o build/Core/Src/scheduler.o Core/Src/scheduler.c
Build & Upload Firmware	Build Firmware	2026-03-23T23:02:48.3932164Z arm-none-eabi-gcc -c -mcpu=cortex-m33 -mthumb -mfpu=fpv5-sp-d16 -mfloat-abi=hard -DSTM32U585xx -DUSE_HAL_DRIVER -ICore/Inc -IDrivers/BSP/B-U585I-IOT02A -IDrivers/BSP/Components/Common -IDrivers/BSP/Components/ov5640 -IDrivers/BSP/Components/mx_wifi -IDrivers/BSP/Components/mx_wifi/core -IDrivers/BSP/Components/mx_wifi/io_pattern -IDrivers/STM32U5xx_HAL_Driver/Inc -IDrivers/STM32U5xx_HAL_Driver/Inc/Legacy -IDrivers/CMSIS/Include -IDrivers/CMSIS/Device/ST/STM32U5xx/Include -O2 -Wall -Wextra -Wno-unused-parameter -fdata-sections -ffunction-sections -std=gnu11 -MMD -MP -MF"build/Core/Src/ota_update.d" -o build/Core/Src/ota_update.o Core/Src/ota_update.c
Build & Upload Firmware	Build Firmware	2026-03-23T23:02:48.3994526Z arm-none-eabi-gcc -c -mcpu=cortex-m33 -mthumb -mfpu=fpv5-sp-d16 -mfloat-abi=hard -DSTM32U585xx -DUSE_HAL_DRIVER -ICore/Inc -IDrivers/BSP/B-U585I-IOT02A -IDrivers/BSP/Components/Common -IDrivers/BSP/Components/ov5640 -IDrivers/BSP/Components/mx_wifi -IDrivers/BSP/Components/mx_wifi/core -IDrivers/BSP/Components/mx_wifi/io_pattern -IDrivers/STM32U5xx_HAL_Driver/Inc -IDrivers/STM32U5xx_HAL_Driver/Inc/Legacy -IDrivers/CMSIS/Include -IDrivers/CMSIS/Device/ST/STM32U5xx/Include -O2 -Wall -Wextra -Wno-unused-parameter -fdata-sections -ffunction-sections -std=gnu11 -MMD -MP -MF"build/Core/Src/cJSON.d" -o build/Core/Src/cJSON.o Core/Src/cJSON.c
Build & Upload Firmware	Build Firmware	2026-03-23T23:02:48.5947549Z Core/Src/ota_update.c:40: warning: "FLASH_BANK_SIZE" redefined
Build & Upload Firmware	Build Firmware	2026-03-23T23:02:48.5977368Z    40 | #define FLASH_BANK_SIZE     (1024 * 1024)    /* 1 MB per bank */
Build & Upload Firmware	Build Firmware	2026-03-23T23:02:48.5978002Z       | 
Build & Upload Firmware	Build Firmware	2026-03-23T23:02:48.5978737Z In file included from Drivers/CMSIS/Device/ST/STM32U5xx/Include/stm32u5xx.h:114,
Build & Upload Firmware	Build Firmware	2026-03-23T23:02:48.5979687Z                  from Drivers/STM32U5xx_HAL_Driver/Inc/stm32u5xx_hal_def.h:33,
Build & Upload Firmware	Build Firmware	2026-03-23T23:02:48.5980599Z                  from Drivers/STM32U5xx_HAL_Driver/Inc/stm32u5xx_hal_rcc.h:28,
Build & Upload Firmware	Build Firmware	2026-03-23T23:02:48.5981438Z                  from Core/Inc/stm32u5xx_hal_conf.h:251,
Build & Upload Firmware	Build Firmware	2026-03-23T23:02:48.5982163Z                  from Drivers/STM32U5xx_HAL_Driver/Inc/stm32u5xx_hal.h:29,
Build & Upload Firmware	Build Firmware	2026-03-23T23:02:48.5982839Z                  from Core/Inc/main.h:13,
Build & Upload Firmware	Build Firmware	2026-03-23T23:02:48.5983408Z                  from Core/Src/ota_update.c:24:
Build & Upload Firmware	Build Firmware	2026-03-23T23:02:48.5984410Z Drivers/CMSIS/Device/ST/STM32U5xx/Include/stm32u585xx.h:8595: note: this is the location of the previous definition
Build & Upload Firmware	Build Firmware	2026-03-23T23:02:48.5985542Z  8595 | #define FLASH_BANK_SIZE                     (FLASH_SIZE >> 1U)
Build & Upload Firmware	Build Firmware	2026-03-23T23:02:48.5986170Z       | 
Build & Upload Firmware	Build Firmware	2026-03-23T23:02:48.5986815Z Core/Src/ota_update.c:41: warning: "FLASH_PAGE_SIZE" redefined
Build & Upload Firmware	Build Firmware	2026-03-23T23:02:48.5987531Z    41 | #define FLASH_PAGE_SIZE     (8 * 1024)       /* 8 KB per page */
Build & Upload Firmware	Build Firmware	2026-03-23T23:02:48.5988293Z       | 
Build & Upload Firmware	Build Firmware	2026-03-23T23:02:48.5989112Z Drivers/CMSIS/Device/ST/STM32U5xx/Include/stm32u585xx.h:8597: note: this is the location of the previous definition
Build & Upload Firmware	Build Firmware	2026-03-23T23:02:48.5990216Z  8597 | #define FLASH_PAGE_SIZE                     0x2000U  /* 8 KB */
Build & Upload Firmware	Build Firmware	2026-03-23T23:02:48.5991029Z       | 
Build & Upload Firmware	Build Firmware	2026-03-23T23:02:48.7354267Z arm-none-eabi-gcc -c -mcpu=cortex-m33 -mthumb -mfpu=fpv5-sp-d16 -mfloat-abi=hard -DSTM32U585xx -DUSE_HAL_DRIVER -ICore/Inc -IDrivers/BSP/B-U585I-IOT02A -IDrivers/BSP/Components/Common -IDrivers/BSP/Components/ov5640 -IDrivers/BSP/Components/mx_wifi -IDrivers/BSP/Components/mx_wifi/core -IDrivers/BSP/Components/mx_wifi/io_pattern -IDrivers/STM32U5xx_HAL_Driver/Inc -IDrivers/STM32U5xx_HAL_Driver/Inc/Legacy -IDrivers/CMSIS/Include -IDrivers/CMSIS/Device/ST/STM32U5xx/Include -O2 -Wall -Wextra -Wno-unused-parameter -fdata-sections -ffunction-sections -std=gnu11 -MMD -MP -MF"build/Core/Src/mx_wifi_hw.d" -o build/Core/Src/mx_wifi_hw.o Core/Src/mx_wifi_hw.c
Build & Upload Firmware	Build Firmware	2026-03-23T23:02:48.9046130Z arm-none-eabi-gcc -c -mcpu=cortex-m33 -mthumb -mfpu=fpv5-sp-d16 -mfloat-abi=hard -DSTM32U585xx -DUSE_HAL_DRIVER -ICore/Inc -IDrivers/BSP/B-U585I-IOT02A -IDrivers/BSP/Components/Common -IDrivers/BSP/Components/ov5640 -IDrivers/BSP/Components/mx_wifi -IDrivers/BSP/Components/mx_wifi/core -IDrivers/BSP/Components/mx_wifi/io_pattern -IDrivers/STM32U5xx_HAL_Driver/Inc -IDrivers/STM32U5xx_HAL_Driver/Inc/Legacy -IDrivers/CMSIS/Include -IDrivers/CMSIS/Device/ST/STM32U5xx/Include -O2 -Wall -Wextra -Wno-unused-parameter -fdata-sections -ffunction-sections -std=gnu11 -MMD -MP -MF"build/Core/Src/stm32u5xx_it.d" -o build/Core/Src/stm32u5xx_it.o Core/Src/stm32u5xx_it.c
Build & Upload Firmware	Build Firmware	2026-03-23T23:02:48.9073681Z Core/Src/main.c: In function 'main':
Build & Upload Firmware	Build Firmware	2026-03-23T23:02:48.9097876Z Core/Src/main.c:465:5: warning: implicit declaration of function 'MX_WIFI_IO_YIELD' [-Wimplicit-function-declaration]
Build & Upload Firmware	Build Firmware	2026-03-23T23:02:48.9099339Z   465 |     MX_WIFI_IO_YIELD(wifi_obj_get(), 2000);
Build & Upload Firmware	Build Firmware	2026-03-23T23:02:48.9100011Z       |     ^~~~~~~~~~~~~~~~
Build & Upload Firmware	Build Firmware	2026-03-23T23:02:48.9279626Z arm-none-eabi-gcc -c -mcpu=cortex-m33 -mthumb -mfpu=fpv5-sp-d16 -mfloat-abi=hard -DSTM32U585xx -DUSE_HAL_DRIVER -ICore/Inc -IDrivers/BSP/B-U585I-IOT02A -IDrivers/BSP/Components/Common -IDrivers/BSP/Components/ov5640 -IDrivers/BSP/Components/mx_wifi -IDrivers/BSP/Components/mx_wifi/core -IDrivers/BSP/Components/mx_wifi/io_pattern -IDrivers/STM32U5xx_HAL_Driver/Inc -IDrivers/STM32U5xx_HAL_Driver/Inc/Legacy -IDrivers/CMSIS/Include -IDrivers/CMSIS/Device/ST/STM32U5xx/Include -O2 -Wall -Wextra -Wno-unused-parameter -fdata-sections -ffunction-sections -std=gnu11 -MMD -MP -MF"build/Core/Src/stm32u5xx_hal_msp.d" -o build/Core/Src/stm32u5xx_hal_msp.o Core/Src/stm32u5xx_hal_msp.c
Build & Upload Firmware	Build Firmware	2026-03-23T23:02:48.9482867Z arm-none-eabi-gcc -c -mcpu=cortex-m33 -mthumb -mfpu=fpv5-sp-d16 -mfloat-abi=hard -DSTM32U585xx -DUSE_HAL_DRIVER -ICore/Inc -IDrivers/BSP/B-U585I-IOT02A -IDrivers/BSP/Components/Common -IDrivers/BSP/Components/ov5640 -IDrivers/BSP/Components/mx_wifi -IDrivers/BSP/Components/mx_wifi/core -IDrivers/BSP/Components/mx_wifi/io_pattern -IDrivers/STM32U5xx_HAL_Driver/Inc -IDrivers/STM32U5xx_HAL_Driver/Inc/Legacy -IDrivers/CMSIS/Include -IDrivers/CMSIS/Device/ST/STM32U5xx/Include -O2 -Wall -Wextra -Wno-unused-parameter -fdata-sections -ffunction-sections -std=gnu11 -MMD -MP -MF"build/Core/Src/system_stm32u5xx.d" -o build/Core/Src/system_stm32u5xx.o Core/Src/system_stm32u5xx.c
Build & Upload Firmware	Build Firmware	2026-03-23T23:02:48.9608332Z Core/Src/main.c:465:22: warning: implicit declaration of function 'wifi_obj_get' [-Wimplicit-function-declaration]
Build & Upload Firmware	Build Firmware	2026-03-23T23:02:48.9613712Z   465 |     MX_WIFI_IO_YIELD(wifi_obj_get(), 2000);
Build & Upload Firmware	Build Firmware	2026-03-23T23:02:48.9618570Z       |                      ^~~~~~~~~~~~
Build & Upload Firmware	Build Firmware	2026-03-23T23:02:48.9637912Z Core/Src/main.c:512:14: warning: variable 'poll_start' set but not used [-Wunused-but-set-variable]
Build & Upload Firmware	Build Firmware	2026-03-23T23:02:48.9643128Z   512 |     uint32_t poll_start    = HAL_GetTick();
Build & Upload Firmware	Build Firmware	2026-03-23T23:02:48.9647890Z       |              ^~~~~~~~~~
Build & Upload Firmware	Build Firmware	2026-03-23T23:02:48.9838982Z arm-none-eabi-gcc -c -mcpu=cortex-m33 -mthumb -mfpu=fpv5-sp-d16 -mfloat-abi=hard -DSTM32U585xx -DUSE_HAL_DRIVER -ICore/Inc -IDrivers/BSP/B-U585I-IOT02A -IDrivers/BSP/Components/Common -IDrivers/BSP/Components/ov5640 -IDrivers/BSP/Components/mx_wifi -IDrivers/BSP/Components/mx_wifi/core -IDrivers/BSP/Components/mx_wifi/io_pattern -IDrivers/STM32U5xx_HAL_Driver/Inc -IDrivers/STM32U5xx_HAL_Driver/Inc/Legacy -IDrivers/CMSIS/Include -IDrivers/CMSIS/Device/ST/STM32U5xx/Include -O2 -Wall -Wextra -Wno-unused-parameter -fdata-sections -ffunction-sections -std=gnu11 -MMD -MP -MF"build/Drivers/BSP/B-U585I-IOT02A/b_u585i_iot02a.d" -o build/Drivers/BSP/B-U585I-IOT02A/b_u585i_iot02a.o Drivers/BSP/B-U585I-IOT02A/b_u585i_iot02a.c
Build & Upload Firmware	Build Firmware	2026-03-23T23:02:49.0397608Z arm-none-eabi-gcc -c -mcpu=cortex-m33 -mthumb -mfpu=fpv5-sp-d16 -mfloat-abi=hard -DSTM32U585xx -DUSE_HAL_DRIVER -ICore/Inc -IDrivers/BSP/B-U585I-IOT02A -IDrivers/BSP/Components/Common -IDrivers/BSP/Components/ov5640 -IDrivers/BSP/Components/mx_wifi -IDrivers/BSP/Components/mx_wifi/core -IDrivers/BSP/Components/mx_wifi/io_pattern -IDrivers/STM32U5xx_HAL_Driver/Inc -IDrivers/STM32U5xx_HAL_Driver/Inc/Legacy -IDrivers/CMSIS/Include -IDrivers/CMSIS/Device/ST/STM32U5xx/Include -O2 -Wall -Wextra -Wno-unused-parameter -fdata-sections -ffunction-sections -std=gnu11 -MMD -MP -MF"build/Drivers/BSP/B-U585I-IOT02A/b_u585i_iot02a_bus.d" -o build/Drivers/BSP/B-U585I-IOT02A/b_u585i_iot02a_bus.o Drivers/BSP/B-U585I-IOT02A/b_u585i_iot02a_bus.c
Build & Upload Firmware	Build Firmware	2026-03-23T23:02:49.1752023Z arm-none-eabi-gcc -c -mcpu=cortex-m33 -mthumb -mfpu=fpv5-sp-d16 -mfloat-abi=hard -DSTM32U585xx -DUSE_HAL_DRIVER -ICore/Inc -IDrivers/BSP/B-U585I-IOT02A -IDrivers/BSP/Components/Common -IDrivers/BSP/Components/ov5640 -IDrivers/BSP/Components/mx_wifi -IDrivers/BSP/Components/mx_wifi/core -IDrivers/BSP/Components/mx_wifi/io_pattern -IDrivers/STM32U5xx_HAL_Driver/Inc -IDrivers/STM32U5xx_HAL_Driver/Inc/Legacy -IDrivers/CMSIS/Include -IDrivers/CMSIS/Device/ST/STM32U5xx/Include -O2 -Wall -Wextra -Wno-unused-parameter -fdata-sections -ffunction-sections -std=gnu11 -MMD -MP -MF"build/Drivers/BSP/B-U585I-IOT02A/b_u585i_iot02a_camera.d" -o build/Drivers/BSP/B-U585I-IOT02A/b_u585i_iot02a_camera.o Drivers/BSP/B-U585I-IOT02A/b_u585i_iot02a_camera.c
Build & Upload Firmware	Build Firmware	2026-03-23T23:02:49.2268500Z arm-none-eabi-gcc -c -mcpu=cortex-m33 -mthumb -mfpu=fpv5-sp-d16 -mfloat-abi=hard -DSTM32U585xx -DUSE_HAL_DRIVER -ICore/Inc -IDrivers/BSP/B-U585I-IOT02A -IDrivers/BSP/Components/Common -IDrivers/BSP/Components/ov5640 -IDrivers/BSP/Components/mx_wifi -IDrivers/BSP/Components/mx_wifi/core -IDrivers/BSP/Components/mx_wifi/io_pattern -IDrivers/STM32U5xx_HAL_Driver/Inc -IDrivers/STM32U5xx_HAL_Driver/Inc/Legacy -IDrivers/CMSIS/Include -IDrivers/CMSIS/Device/ST/STM32U5xx/Include -O2 -Wall -Wextra -Wno-unused-parameter -fdata-sections -ffunction-sections -std=gnu11 -MMD -MP -MF"build/Drivers/BSP/Components/ov5640/ov5640.d" -o build/Drivers/BSP/Components/ov5640/ov5640.o Drivers/BSP/Components/ov5640/ov5640.c
Build & Upload Firmware	Build Firmware	2026-03-23T23:02:49.3230700Z arm-none-eabi-gcc -c -mcpu=cortex-m33 -mthumb -mfpu=fpv5-sp-d16 -mfloat-abi=hard -DSTM32U585xx -DUSE_HAL_DRIVER -ICore/Inc -IDrivers/BSP/B-U585I-IOT02A -IDrivers/BSP/Components/Common -IDrivers/BSP/Components/ov5640 -IDrivers/BSP/Components/mx_wifi -IDrivers/BSP/Components/mx_wifi/core -IDrivers/BSP/Components/mx_wifi/io_pattern -IDrivers/STM32U5xx_HAL_Driver/Inc -IDrivers/STM32U5xx_HAL_Driver/Inc/Legacy -IDrivers/CMSIS/Include -IDrivers/CMSIS/Device/ST/STM32U5xx/Include -O2 -Wall -Wextra -Wno-unused-parameter -fdata-sections -ffunction-sections -std=gnu11 -MMD -MP -MF"build/Drivers/BSP/Components/ov5640/ov5640_reg.d" -o build/Drivers/BSP/Components/ov5640/ov5640_reg.o Drivers/BSP/Components/ov5640/ov5640_reg.c
Build & Upload Firmware	Build Firmware	2026-03-23T23:02:49.3806933Z arm-none-eabi-gcc -c -mcpu=cortex-m33 -mthumb -mfpu=fpv5-sp-d16 -mfloat-abi=hard -DSTM32U585xx -DUSE_HAL_DRIVER -ICore/Inc -IDrivers/BSP/B-U585I-IOT02A -IDrivers/BSP/Components/Common -IDrivers/BSP/Components/ov5640 -IDrivers/BSP/Components/mx_wifi -IDrivers/BSP/Components/mx_wifi/core -IDrivers/BSP/Components/mx_wifi/io_pattern -IDrivers/STM32U5xx_HAL_Driver/Inc -IDrivers/STM32U5xx_HAL_Driver/Inc/Legacy -IDrivers/CMSIS/Include -IDrivers/CMSIS/Device/ST/STM32U5xx/Include -O2 -Wall -Wextra -Wno-unused-parameter -fdata-sections -ffunction-sections -std=gnu11 -MMD -MP -MF"build/Drivers/BSP/Components/mx_wifi/mx_wifi.d" -o build/Drivers/BSP/Components/mx_wifi/mx_wifi.o Drivers/BSP/Components/mx_wifi/mx_wifi.c
Build & Upload Firmware	Build Firmware	2026-03-23T23:02:49.4032736Z arm-none-eabi-gcc -c -mcpu=cortex-m33 -mthumb -mfpu=fpv5-sp-d16 -mfloat-abi=hard -DSTM32U585xx -DUSE_HAL_DRIVER -ICore/Inc -IDrivers/BSP/B-U585I-IOT02A -IDrivers/BSP/Components/Common -IDrivers/BSP/Components/ov5640 -IDrivers/BSP/Components/mx_wifi -IDrivers/BSP/Components/mx_wifi/core -IDrivers/BSP/Components/mx_wifi/io_pattern -IDrivers/STM32U5xx_HAL_Driver/Inc -IDrivers/STM32U5xx_HAL_Driver/Inc/Legacy -IDrivers/CMSIS/Include -IDrivers/CMSIS/Device/ST/STM32U5xx/Include -O2 -Wall -Wextra -Wno-unused-parameter -fdata-sections -ffunction-sections -std=gnu11 -MMD -MP -MF"build/Drivers/BSP/Components/mx_wifi/io_pattern/mx_wifi_spi.d" -o build/Drivers/BSP/Components/mx_wifi/io_pattern/mx_wifi_spi.o Drivers/BSP/Components/mx_wifi/io_pattern/mx_wifi_spi.c
Build & Upload Firmware	Build Firmware	2026-03-23T23:02:49.4078286Z arm-none-eabi-gcc -c -mcpu=cortex-m33 -mthumb -mfpu=fpv5-sp-d16 -mfloat-abi=hard -DSTM32U585xx -DUSE_HAL_DRIVER -ICore/Inc -IDrivers/BSP/B-U585I-IOT02A -IDrivers/BSP/Components/Common -IDrivers/BSP/Components/ov5640 -IDrivers/BSP/Components/mx_wifi -IDrivers/BSP/Components/mx_wifi/core -IDrivers/BSP/Components/mx_wifi/io_pattern -IDrivers/STM32U5xx_HAL_Driver/Inc -IDrivers/STM32U5xx_HAL_Driver/Inc/Legacy -IDrivers/CMSIS/Include -IDrivers/CMSIS/Device/ST/STM32U5xx/Include -O2 -Wall -Wextra -Wno-unused-parameter -fdata-sections -ffunction-sections -std=gnu11 -MMD -MP -MF"build/Drivers/BSP/Components/mx_wifi/core/checksumutils.d" -o build/Drivers/BSP/Components/mx_wifi/core/checksumutils.o Drivers/BSP/Components/mx_wifi/core/checksumutils.c
Build & Upload Firmware	Build Firmware	2026-03-23T23:02:49.4800296Z arm-none-eabi-gcc -c -mcpu=cortex-m33 -mthumb -mfpu=fpv5-sp-d16 -mfloat-abi=hard -DSTM32U585xx -DUSE_HAL_DRIVER -ICore/Inc -IDrivers/BSP/B-U585I-IOT02A -IDrivers/BSP/Components/Common -IDrivers/BSP/Components/ov5640 -IDrivers/BSP/Components/mx_wifi -IDrivers/BSP/Components/mx_wifi/core -IDrivers/BSP/Components/mx_wifi/io_pattern -IDrivers/STM32U5xx_HAL_Driver/Inc -IDrivers/STM32U5xx_HAL_Driver/Inc/Legacy -IDrivers/CMSIS/Include -IDrivers/CMSIS/Device/ST/STM32U5xx/Include -O2 -Wall -Wextra -Wno-unused-parameter -fdata-sections -ffunction-sections -std=gnu11 -MMD -MP -MF"build/Drivers/BSP/Components/mx_wifi/core/mx_address.d" -o build/Drivers/BSP/Components/mx_wifi/core/mx_address.o Drivers/BSP/Components/mx_wifi/core/mx_address.c
Build & Upload Firmware	Build Firmware	2026-03-23T23:02:49.5522659Z arm-none-eabi-gcc -c -mcpu=cortex-m33 -mthumb -mfpu=fpv5-sp-d16 -mfloat-abi=hard -DSTM32U585xx -DUSE_HAL_DRIVER -ICore/Inc -IDrivers/BSP/B-U585I-IOT02A -IDrivers/BSP/Components/Common -IDrivers/BSP/Components/ov5640 -IDrivers/BSP/Components/mx_wifi -IDrivers/BSP/Components/mx_wifi/core -IDrivers/BSP/Components/mx_wifi/io_pattern -IDrivers/STM32U5xx_HAL_Driver/Inc -IDrivers/STM32U5xx_HAL_Driver/Inc/Legacy -IDrivers/CMSIS/Include -IDrivers/CMSIS/Device/ST/STM32U5xx/Include -O2 -Wall -Wextra -Wno-unused-parameter -fdata-sections -ffunction-sections -std=gnu11 -MMD -MP -MF"build/Drivers/BSP/Components/mx_wifi/core/mx_rtos_abs.d" -o build/Drivers/BSP/Components/mx_wifi/core/mx_rtos_abs.o Drivers/BSP/Components/mx_wifi/core/mx_rtos_abs.c
Build & Upload Firmware	Build Firmware	2026-03-23T23:02:49.7009816Z arm-none-eabi-gcc -c -mcpu=cortex-m33 -mthumb -mfpu=fpv5-sp-d16 -mfloat-abi=hard -DSTM32U585xx -DUSE_HAL_DRIVER -ICore/Inc -IDrivers/BSP/B-U585I-IOT02A -IDrivers/BSP/Components/Common -IDrivers/BSP/Components/ov5640 -IDrivers/BSP/Components/mx_wifi -IDrivers/BSP/Components/mx_wifi/core -IDrivers/BSP/Components/mx_wifi/io_pattern -IDrivers/STM32U5xx_HAL_Driver/Inc -IDrivers/STM32U5xx_HAL_Driver/Inc/Legacy -IDrivers/CMSIS/Include -IDrivers/CMSIS/Device/ST/STM32U5xx/Include -O2 -Wall -Wextra -Wno-unused-parameter -fdata-sections -ffunction-sections -std=gnu11 -MMD -MP -MF"build/Drivers/BSP/Components/mx_wifi/core/mx_wifi_hci.d" -o build/Drivers/BSP/Components/mx_wifi/core/mx_wifi_hci.o Drivers/BSP/Components/mx_wifi/core/mx_wifi_hci.c
Build & Upload Firmware	Build Firmware	2026-03-23T23:02:49.7310581Z arm-none-eabi-gcc -c -mcpu=cortex-m33 -mthumb -mfpu=fpv5-sp-d16 -mfloat-abi=hard -DSTM32U585xx -DUSE_HAL_DRIVER -ICore/Inc -IDrivers/BSP/B-U585I-IOT02A -IDrivers/BSP/Components/Common -IDrivers/BSP/Components/ov5640 -IDrivers/BSP/Components/mx_wifi -IDrivers/BSP/Components/mx_wifi/core -IDrivers/BSP/Components/mx_wifi/io_pattern -IDrivers/STM32U5xx_HAL_Driver/Inc -IDrivers/STM32U5xx_HAL_Driver/Inc/Legacy -IDrivers/CMSIS/Include -IDrivers/CMSIS/Device/ST/STM32U5xx/Include -O2 -Wall -Wextra -Wno-unused-parameter -fdata-sections -ffunction-sections -std=gnu11 -MMD -MP -MF"build/Drivers/BSP/Components/mx_wifi/core/mx_wifi_ipc.d" -o build/Drivers/BSP/Components/mx_wifi/core/mx_wifi_ipc.o Drivers/BSP/Components/mx_wifi/core/mx_wifi_ipc.c
Build & Upload Firmware	Build Firmware	2026-03-23T23:02:49.9103610Z arm-none-eabi-gcc -c -mcpu=cortex-m33 -mthumb -mfpu=fpv5-sp-d16 -mfloat-abi=hard -DSTM32U585xx -DUSE_HAL_DRIVER -ICore/Inc -IDrivers/BSP/B-U585I-IOT02A -IDrivers/BSP/Components/Common -IDrivers/BSP/Components/ov5640 -IDrivers/BSP/Components/mx_wifi -IDrivers/BSP/Components/mx_wifi/core -IDrivers/BSP/Components/mx_wifi/io_pattern -IDrivers/STM32U5xx_HAL_Driver/Inc -IDrivers/STM32U5xx_HAL_Driver/Inc/Legacy -IDrivers/CMSIS/Include -IDrivers/CMSIS/Device/ST/STM32U5xx/Include -O2 -Wall -Wextra -Wno-unused-parameter -fdata-sections -ffunction-sections -std=gnu11 -MMD -MP -MF"build/Drivers/BSP/Components/mx_wifi/core/mx_wifi_slip.d" -o build/Drivers/BSP/Components/mx_wifi/core/mx_wifi_slip.o Drivers/BSP/Components/mx_wifi/core/mx_wifi_slip.c
Build & Upload Firmware	Build Firmware	2026-03-23T23:02:49.9147391Z arm-none-eabi-gcc -c -mcpu=cortex-m33 -mthumb -mfpu=fpv5-sp-d16 -mfloat-abi=hard -DSTM32U585xx -DUSE_HAL_DRIVER -ICore/Inc -IDrivers/BSP/B-U585I-IOT02A -IDrivers/BSP/Components/Common -IDrivers/BSP/Components/ov5640 -IDrivers/BSP/Components/mx_wifi -IDrivers/BSP/Components/mx_wifi/core -IDrivers/BSP/Components/mx_wifi/io_pattern -IDrivers/STM32U5xx_HAL_Driver/Inc -IDrivers/STM32U5xx_HAL_Driver/Inc/Legacy -IDrivers/CMSIS/Include -IDrivers/CMSIS/Device/ST/STM32U5xx/Include -O2 -Wall -Wextra -Wno-unused-parameter -fdata-sections -ffunction-sections -std=gnu11 -MMD -MP -MF"build/Drivers/STM32U5xx_HAL_Driver/Src/stm32u5xx_hal.d" -o build/Drivers/STM32U5xx_HAL_Driver/Src/stm32u5xx_hal.o Drivers/STM32U5xx_HAL_Driver/Src/stm32u5xx_hal.c
Build & Upload Firmware	Build Firmware	2026-03-23T23:02:49.9888074Z arm-none-eabi-gcc -c -mcpu=cortex-m33 -mthumb -mfpu=fpv5-sp-d16 -mfloat-abi=hard -DSTM32U585xx -DUSE_HAL_DRIVER -ICore/Inc -IDrivers/BSP/B-U585I-IOT02A -IDrivers/BSP/Components/Common -IDrivers/BSP/Components/ov5640 -IDrivers/BSP/Components/mx_wifi -IDrivers/BSP/Components/mx_wifi/core -IDrivers/BSP/Components/mx_wifi/io_pattern -IDrivers/STM32U5xx_HAL_Driver/Inc -IDrivers/STM32U5xx_HAL_Driver/Inc/Legacy -IDrivers/CMSIS/Include -IDrivers/CMSIS/Device/ST/STM32U5xx/Include -O2 -Wall -Wextra -Wno-unused-parameter -fdata-sections -ffunction-sections -std=gnu11 -MMD -MP -MF"build/Drivers/STM32U5xx_HAL_Driver/Src/stm32u5xx_hal_adc.d" -o build/Drivers/STM32U5xx_HAL_Driver/Src/stm32u5xx_hal_adc.o Drivers/STM32U5xx_HAL_Driver/Src/stm32u5xx_hal_adc.c
Build & Upload Firmware	Build Firmware	2026-03-23T23:02:50.0254546Z arm-none-eabi-gcc -c -mcpu=cortex-m33 -mthumb -mfpu=fpv5-sp-d16 -mfloat-abi=hard -DSTM32U585xx -DUSE_HAL_DRIVER -ICore/Inc -IDrivers/BSP/B-U585I-IOT02A -IDrivers/BSP/Components/Common -IDrivers/BSP/Components/ov5640 -IDrivers/BSP/Components/mx_wifi -IDrivers/BSP/Components/mx_wifi/core -IDrivers/BSP/Components/mx_wifi/io_pattern -IDrivers/STM32U5xx_HAL_Driver/Inc -IDrivers/STM32U5xx_HAL_Driver/Inc/Legacy -IDrivers/CMSIS/Include -IDrivers/CMSIS/Device/ST/STM32U5xx/Include -O2 -Wall -Wextra -Wno-unused-parameter -fdata-sections -ffunction-sections -std=gnu11 -MMD -MP -MF"build/Drivers/STM32U5xx_HAL_Driver/Src/stm32u5xx_hal_adc_ex.d" -o build/Drivers/STM32U5xx_HAL_Driver/Src/stm32u5xx_hal_adc_ex.o Drivers/STM32U5xx_HAL_Driver/Src/stm32u5xx_hal_adc_ex.c
Build & Upload Firmware	Build Firmware	2026-03-23T23:02:50.0342959Z arm-none-eabi-gcc -c -mcpu=cortex-m33 -mthumb -mfpu=fpv5-sp-d16 -mfloat-abi=hard -DSTM32U585xx -DUSE_HAL_DRIVER -ICore/Inc -IDrivers/BSP/B-U585I-IOT02A -IDrivers/BSP/Components/Common -IDrivers/BSP/Components/ov5640 -IDrivers/BSP/Components/mx_wifi -IDrivers/BSP/Components/mx_wifi/core -IDrivers/BSP/Components/mx_wifi/io_pattern -IDrivers/STM32U5xx_HAL_Driver/Inc -IDrivers/STM32U5xx_HAL_Driver/Inc/Legacy -IDrivers/CMSIS/Include -IDrivers/CMSIS/Device/ST/STM32U5xx/Include -O2 -Wall -Wextra -Wno-unused-parameter -fdata-sections -ffunction-sections -std=gnu11 -MMD -MP -MF"build/Drivers/STM32U5xx_HAL_Driver/Src/stm32u5xx_hal_comp.d" -o build/Drivers/STM32U5xx_HAL_Driver/Src/stm32u5xx_hal_comp.o Drivers/STM32U5xx_HAL_Driver/Src/stm32u5xx_hal_comp.c
Build & Upload Firmware	Build Firmware	2026-03-23T23:02:50.1227356Z arm-none-eabi-gcc -c -mcpu=cortex-m33 -mthumb -mfpu=fpv5-sp-d16 -mfloat-abi=hard -DSTM32U585xx -DUSE_HAL_DRIVER -ICore/Inc -IDrivers/BSP/B-U585I-IOT02A -IDrivers/BSP/Components/Common -IDrivers/BSP/Components/ov5640 -IDrivers/BSP/Components/mx_wifi -IDrivers/BSP/Components/mx_wifi/core -IDrivers/BSP/Components/mx_wifi/io_pattern -IDrivers/STM32U5xx_HAL_Driver/Inc -IDrivers/STM32U5xx_HAL_Driver/Inc/Legacy -IDrivers/CMSIS/Include -IDrivers/CMSIS/Device/ST/STM32U5xx/Include -O2 -Wall -Wextra -Wno-unused-parameter -fdata-sections -ffunction-sections -std=gnu11 -MMD -MP -MF"build/Drivers/STM32U5xx_HAL_Driver/Src/stm32u5xx_hal_cordic.d" -o build/Drivers/STM32U5xx_HAL_Driver/Src/stm32u5xx_hal_cordic.o Drivers/STM32U5xx_HAL_Driver/Src/stm32u5xx_hal_cordic.c
Build & Upload Firmware	Build Firmware	2026-03-23T23:02:50.1476779Z arm-none-eabi-gcc -c -mcpu=cortex-m33 -mthumb -mfpu=fpv5-sp-d16 -mfloat-abi=hard -DSTM32U585xx -DUSE_HAL_DRIVER -ICore/Inc -IDrivers/BSP/B-U585I-IOT02A -IDrivers/BSP/Components/Common -IDrivers/BSP/Components/ov5640 -IDrivers/BSP/Components/mx_wifi -IDrivers/BSP/Components/mx_wifi/core -IDrivers/BSP/Components/mx_wifi/io_pattern -IDrivers/STM32U5xx_HAL_Driver/Inc -IDrivers/STM32U5xx_HAL_Driver/Inc/Legacy -IDrivers/CMSIS/Include -IDrivers/CMSIS/Device/ST/STM32U5xx/Include -O2 -Wall -Wextra -Wno-unused-parameter -fdata-sections -ffunction-sections -std=gnu11 -MMD -MP -MF"build/Drivers/STM32U5xx_HAL_Driver/Src/stm32u5xx_hal_cortex.d" -o build/Drivers/STM32U5xx_HAL_Driver/Src/stm32u5xx_hal_cortex.o Drivers/STM32U5xx_HAL_Driver/Src/stm32u5xx_hal_cortex.c
Build & Upload Firmware	Build Firmware	2026-03-23T23:02:50.2721846Z arm-none-eabi-gcc -c -mcpu=cortex-m33 -mthumb -mfpu=fpv5-sp-d16 -mfloat-abi=hard -DSTM32U585xx -DUSE_HAL_DRIVER -ICore/Inc -IDrivers/BSP/B-U585I-IOT02A -IDrivers/BSP/Components/Common -IDrivers/BSP/Components/ov5640 -IDrivers/BSP/Components/mx_wifi -IDrivers/BSP/Components/mx_wifi/core -IDrivers/BSP/Components/mx_wifi/io_pattern -IDrivers/STM32U5xx_HAL_Driver/Inc -IDrivers/STM32U5xx_HAL_Driver/Inc/Legacy -IDrivers/CMSIS/Include -IDrivers/CMSIS/Device/ST/STM32U5xx/Include -O2 -Wall -Wextra -Wno-unused-parameter -fdata-sections -ffunction-sections -std=gnu11 -MMD -MP -MF"build/Drivers/STM32U5xx_HAL_Driver/Src/stm32u5xx_hal_crc.d" -o build/Drivers/STM32U5xx_HAL_Driver/Src/stm32u5xx_hal_crc.o Drivers/STM32U5xx_HAL_Driver/Src/stm32u5xx_hal_crc.c
Build & Upload Firmware	Build Firmware	2026-03-23T23:02:50.4109450Z arm-none-eabi-gcc -c -mcpu=cortex-m33 -mthumb -mfpu=fpv5-sp-d16 -mfloat-abi=hard -DSTM32U585xx -DUSE_HAL_DRIVER -ICore/Inc -IDrivers/BSP/B-U585I-IOT02A -IDrivers/BSP/Components/Common -IDrivers/BSP/Components/ov5640 -IDrivers/BSP/Components/mx_wifi -IDrivers/BSP/Components/mx_wifi/core -IDrivers/BSP/Components/mx_wifi/io_pattern -IDrivers/STM32U5xx_HAL_Driver/Inc -IDrivers/STM32U5xx_HAL_Driver/Inc/Legacy -IDrivers/CMSIS/Include -IDrivers/CMSIS/Device/ST/STM32U5xx/Include -O2 -Wall -Wextra -Wno-unused-parameter -fdata-sections -ffunction-sections -std=gnu11 -MMD -MP -MF"build/Drivers/STM32U5xx_HAL_Driver/Src/stm32u5xx_hal_crc_ex.d" -o build/Drivers/STM32U5xx_HAL_Driver/Src/stm32u5xx_hal_crc_ex.o Drivers/STM32U5xx_HAL_Driver/Src/stm32u5xx_hal_crc_ex.c
Build & Upload Firmware	Build Firmware	2026-03-23T23:02:50.4837442Z arm-none-eabi-gcc -c -mcpu=cortex-m33 -mthumb -mfpu=fpv5-sp-d16 -mfloat-abi=hard -DSTM32U585xx -DUSE_HAL_DRIVER -ICore/Inc -IDrivers/BSP/B-U585I-IOT02A -IDrivers/BSP/Components/Common -IDrivers/BSP/Components/ov5640 -IDrivers/BSP/Components/mx_wifi -IDrivers/BSP/Components/mx_wifi/core -IDrivers/BSP/Components/mx_wifi/io_pattern -IDrivers/STM32U5xx_HAL_Driver/Inc -IDrivers/STM32U5xx_HAL_Driver/Inc/Legacy -IDrivers/CMSIS/Include -IDrivers/CMSIS/Device/ST/STM32U5xx/Include -O2 -Wall -Wextra -Wno-unused-parameter -fdata-sections -ffunction-sections -std=gnu11 -MMD -MP -MF"build/Drivers/STM32U5xx_HAL_Driver/Src/stm32u5xx_hal_cryp.d" -o build/Drivers/STM32U5xx_HAL_Driver/Src/stm32u5xx_hal_cryp.o Drivers/STM32U5xx_HAL_Driver/Src/stm32u5xx_hal_cryp.c
Build & Upload Firmware	Build Firmware	2026-03-23T23:02:50.5555979Z arm-none-eabi-gcc -c -mcpu=cortex-m33 -mthumb -mfpu=fpv5-sp-d16 -mfloat-abi=hard -DSTM32U585xx -DUSE_HAL_DRIVER -ICore/Inc -IDrivers/BSP/B-U585I-IOT02A -IDrivers/BSP/Components/Common -IDrivers/BSP/Components/ov5640 -IDrivers/BSP/Components/mx_wifi -IDrivers/BSP/Components/mx_wifi/core -IDrivers/BSP/Components/mx_wifi/io_pattern -IDrivers/STM32U5xx_HAL_Driver/Inc -IDrivers/STM32U5xx_HAL_Driver/Inc/Legacy -IDrivers/CMSIS/Include -IDrivers/CMSIS/Device/ST/STM32U5xx/Include -O2 -Wall -Wextra -Wno-unused-parameter -fdata-sections -ffunction-sections -std=gnu11 -MMD -MP -MF"build/Drivers/STM32U5xx_HAL_Driver/Src/stm32u5xx_hal_cryp_ex.d" -o build/Drivers/STM32U5xx_HAL_Driver/Src/stm32u5xx_hal_cryp_ex.o Drivers/STM32U5xx_HAL_Driver/Src/stm32u5xx_hal_cryp_ex.c
Build & Upload Firmware	Build Firmware	2026-03-23T23:02:50.5932237Z arm-none-eabi-gcc -c -mcpu=cortex-m33 -mthumb -mfpu=fpv5-sp-d16 -mfloat-abi=hard -DSTM32U585xx -DUSE_HAL_DRIVER -ICore/Inc -IDrivers/BSP/B-U585I-IOT02A -IDrivers/BSP/Components/Common -IDrivers/BSP/Components/ov5640 -IDrivers/BSP/Components/mx_wifi -IDrivers/BSP/Components/mx_wifi/core -IDrivers/BSP/Components/mx_wifi/io_pattern -IDrivers/STM32U5xx_HAL_Driver/Inc -IDrivers/STM32U5xx_HAL_Driver/Inc/Legacy -IDrivers/CMSIS/Include -IDrivers/CMSIS/Device/ST/STM32U5xx/Include -O2 -Wall -Wextra -Wno-unused-parameter -fdata-sections -ffunction-sections -std=gnu11 -MMD -MP -MF"build/Drivers/STM32U5xx_HAL_Driver/Src/stm32u5xx_hal_dac.d" -o build/Drivers/STM32U5xx_HAL_Driver/Src/stm32u5xx_hal_dac.o Drivers/STM32U5xx_HAL_Driver/Src/stm32u5xx_hal_dac.c
Build & Upload Firmware	Build Firmware	2026-03-23T23:02:50.7049480Z arm-none-eabi-gcc -c -mcpu=cortex-m33 -mthumb -mfpu=fpv5-sp-d16 -mfloat-abi=hard -DSTM32U585xx -DUSE_HAL_DRIVER -ICore/Inc -IDrivers/BSP/B-U585I-IOT02A -IDrivers/BSP/Components/Common -IDrivers/BSP/Components/ov5640 -IDrivers/BSP/Components/mx_wifi -IDrivers/BSP/Components/mx_wifi/core -IDrivers/BSP/Components/mx_wifi/io_pattern -IDrivers/STM32U5xx_HAL_Driver/Inc -IDrivers/STM32U5xx_HAL_Driver/Inc/Legacy -IDrivers/CMSIS/Include -IDrivers/CMSIS/Device/ST/STM32U5xx/Include -O2 -Wall -Wextra -Wno-unused-parameter -fdata-sections -ffunction-sections -std=gnu11 -MMD -MP -MF"build/Drivers/STM32U5xx_HAL_Driver/Src/stm32u5xx_hal_dac_ex.d" -o build/Drivers/STM32U5xx_HAL_Driver/Src/stm32u5xx_hal_dac_ex.o Drivers/STM32U5xx_HAL_Driver/Src/stm32u5xx_hal_dac_ex.c
Build & Upload Firmware	Build Firmware	2026-03-23T23:02:50.8562464Z arm-none-eabi-gcc -c -mcpu=cortex-m33 -mthumb -mfpu=fpv5-sp-d16 -mfloat-abi=hard -DSTM32U585xx -DUSE_HAL_DRIVER -ICore/Inc -IDrivers/BSP/B-U585I-IOT02A -IDrivers/BSP/Components/Common -IDrivers/BSP/Components/ov5640 -IDrivers/BSP/Components/mx_wifi -IDrivers/BSP/Components/mx_wifi/core -IDrivers/BSP/Components/mx_wifi/io_pattern -IDrivers/STM32U5xx_HAL_Driver/Inc -IDrivers/STM32U5xx_HAL_Driver/Inc/Legacy -IDrivers/CMSIS/Include -IDrivers/CMSIS/Device/ST/STM32U5xx/Include -O2 -Wall -Wextra -Wno-unused-parameter -fdata-sections -ffunction-sections -std=gnu11 -MMD -MP -MF"build/Drivers/STM32U5xx_HAL_Driver/Src/stm32u5xx_hal_dcache.d" -o build/Drivers/STM32U5xx_HAL_Driver/Src/stm32u5xx_hal_dcache.o Drivers/STM32U5xx_HAL_Driver/Src/stm32u5xx_hal_dcache.c
Build & Upload Firmware	Build Firmware	2026-03-23T23:02:50.8642111Z arm-none-eabi-gcc -c -mcpu=cortex-m33 -mthumb -mfpu=fpv5-sp-d16 -mfloat-abi=hard -DSTM32U585xx -DUSE_HAL_DRIVER -ICore/Inc -IDrivers/BSP/B-U585I-IOT02A -IDrivers/BSP/Components/Common -IDrivers/BSP/Components/ov5640 -IDrivers/BSP/Components/mx_wifi -IDrivers/BSP/Components/mx_wifi/core -IDrivers/BSP/Components/mx_wifi/io_pattern -IDrivers/STM32U5xx_HAL_Driver/Inc -IDrivers/STM32U5xx_HAL_Driver/Inc/Legacy -IDrivers/CMSIS/Include -IDrivers/CMSIS/Device/ST/STM32U5xx/Include -O2 -Wall -Wextra -Wno-unused-parameter -fdata-sections -ffunction-sections -std=gnu11 -MMD -MP -MF"build/Drivers/STM32U5xx_HAL_Driver/Src/stm32u5xx_hal_dcmi.d" -o build/Drivers/STM32U5xx_HAL_Driver/Src/stm32u5xx_hal_dcmi.o Drivers/STM32U5xx_HAL_Driver/Src/stm32u5xx_hal_dcmi.c
Build & Upload Firmware	Build Firmware	2026-03-23T23:02:50.8979051Z arm-none-eabi-gcc -c -mcpu=cortex-m33 -mthumb -mfpu=fpv5-sp-d16 -mfloat-abi=hard -DSTM32U585xx -DUSE_HAL_DRIVER -ICore/Inc -IDrivers/BSP/B-U585I-IOT02A -IDrivers/BSP/Components/Common -IDrivers/BSP/Components/ov5640 -IDrivers/BSP/Components/mx_wifi -IDrivers/BSP/Components/mx_wifi/core -IDrivers/BSP/Components/mx_wifi/io_pattern -IDrivers/STM32U5xx_HAL_Driver/Inc -IDrivers/STM32U5xx_HAL_Driver/Inc/Legacy -IDrivers/CMSIS/Include -IDrivers/CMSIS/Device/ST/STM32U5xx/Include -O2 -Wall -Wextra -Wno-unused-parameter -fdata-sections -ffunction-sections -std=gnu11 -MMD -MP -MF"build/Drivers/STM32U5xx_HAL_Driver/Src/stm32u5xx_hal_dma.d" -o build/Drivers/STM32U5xx_HAL_Driver/Src/stm32u5xx_hal_dma.o Drivers/STM32U5xx_HAL_Driver/Src/stm32u5xx_hal_dma.c
Build & Upload Firmware	Build Firmware	2026-03-23T23:02:51.0105228Z arm-none-eabi-gcc -c -mcpu=cortex-m33 -mthumb -mfpu=fpv5-sp-d16 -mfloat-abi=hard -DSTM32U585xx -DUSE_HAL_DRIVER -ICore/Inc -IDrivers/BSP/B-U585I-IOT02A -IDrivers/BSP/Components/Common -IDrivers/BSP/Components/ov5640 -IDrivers/BSP/Components/mx_wifi -IDrivers/BSP/Components/mx_wifi/core -IDrivers/BSP/Components/mx_wifi/io_pattern -IDrivers/STM32U5xx_HAL_Driver/Inc -IDrivers/STM32U5xx_HAL_Driver/Inc/Legacy -IDrivers/CMSIS/Include -IDrivers/CMSIS/Device/ST/STM32U5xx/Include -O2 -Wall -Wextra -Wno-unused-parameter -fdata-sections -ffunction-sections -std=gnu11 -MMD -MP -MF"build/Drivers/STM32U5xx_HAL_Driver/Src/stm32u5xx_hal_dma2d.d" -o build/Drivers/STM32U5xx_HAL_Driver/Src/stm32u5xx_hal_dma2d.o Drivers/STM32U5xx_HAL_Driver/Src/stm32u5xx_hal_dma2d.c
Build & Upload Firmware	Build Firmware	2026-03-23T23:02:51.2284577Z arm-none-eabi-gcc -c -mcpu=cortex-m33 -mthumb -mfpu=fpv5-sp-d16 -mfloat-abi=hard -DSTM32U585xx -DUSE_HAL_DRIVER -ICore/Inc -IDrivers/BSP/B-U585I-IOT02A -IDrivers/BSP/Components/Common -IDrivers/BSP/Components/ov5640 -IDrivers/BSP/Components/mx_wifi -IDrivers/BSP/Components/mx_wifi/core -IDrivers/BSP/Components/mx_wifi/io_pattern -IDrivers/STM32U5xx_HAL_Driver/Inc -IDrivers/STM32U5xx_HAL_Driver/Inc/Legacy -IDrivers/CMSIS/Include -IDrivers/CMSIS/Device/ST/STM32U5xx/Include -O2 -Wall -Wextra -Wno-unused-parameter -fdata-sections -ffunction-sections -std=gnu11 -MMD -MP -MF"build/Drivers/STM32U5xx_HAL_Driver/Src/stm32u5xx_hal_dma_ex.d" -o build/Drivers/STM32U5xx_HAL_Driver/Src/stm32u5xx_hal_dma_ex.o Drivers/STM32U5xx_HAL_Driver/Src/stm32u5xx_hal_dma_ex.c
Build & Upload Firmware	Build Firmware	2026-03-23T23:02:51.2441366Z arm-none-eabi-gcc -c -mcpu=cortex-m33 -mthumb -mfpu=fpv5-sp-d16 -mfloat-abi=hard -DSTM32U585xx -DUSE_HAL_DRIVER -ICore/Inc -IDrivers/BSP/B-U585I-IOT02A -IDrivers/BSP/Components/Common -IDrivers/BSP/Components/ov5640 -IDrivers/BSP/Components/mx_wifi -IDrivers/BSP/Components/mx_wifi/core -IDrivers/BSP/Components/mx_wifi/io_pattern -IDrivers/STM32U5xx_HAL_Driver/Inc -IDrivers/STM32U5xx_HAL_Driver/Inc/Legacy -IDrivers/CMSIS/Include -IDrivers/CMSIS/Device/ST/STM32U5xx/Include -O2 -Wall -Wextra -Wno-unused-parameter -fdata-sections -ffunction-sections -std=gnu11 -MMD -MP -MF"build/Drivers/STM32U5xx_HAL_Driver/Src/stm32u5xx_hal_dsi.d" -o build/Drivers/STM32U5xx_HAL_Driver/Src/stm32u5xx_hal_dsi.o Drivers/STM32U5xx_HAL_Driver/Src/stm32u5xx_hal_dsi.c
Build & Upload Firmware	Build Firmware	2026-03-23T23:02:51.2880827Z arm-none-eabi-gcc -c -mcpu=cortex-m33 -mthumb -mfpu=fpv5-sp-d16 -mfloat-abi=hard -DSTM32U585xx -DUSE_HAL_DRIVER -ICore/Inc -IDrivers/BSP/B-U585I-IOT02A -IDrivers/BSP/Components/Common -IDrivers/BSP/Components/ov5640 -IDrivers/BSP/Components/mx_wifi -IDrivers/BSP/Components/mx_wifi/core -IDrivers/BSP/Components/mx_wifi/io_pattern -IDrivers/STM32U5xx_HAL_Driver/Inc -IDrivers/STM32U5xx_HAL_Driver/Inc/Legacy -IDrivers/CMSIS/Include -IDrivers/CMSIS/Device/ST/STM32U5xx/Include -O2 -Wall -Wextra -Wno-unused-parameter -fdata-sections -ffunction-sections -std=gnu11 -MMD -MP -MF"build/Drivers/STM32U5xx_HAL_Driver/Src/stm32u5xx_hal_exti.d" -o build/Drivers/STM32U5xx_HAL_Driver/Src/stm32u5xx_hal_exti.o Drivers/STM32U5xx_HAL_Driver/Src/stm32u5xx_hal_exti.c
Build & Upload Firmware	Build Firmware	2026-03-23T23:02:51.4779260Z arm-none-eabi-gcc -c -mcpu=cortex-m33 -mthumb -mfpu=fpv5-sp-d16 -mfloat-abi=hard -DSTM32U585xx -DUSE_HAL_DRIVER -ICore/Inc -IDrivers/BSP/B-U585I-IOT02A -IDrivers/BSP/Components/Common -IDrivers/BSP/Components/ov5640 -IDrivers/BSP/Components/mx_wifi -IDrivers/BSP/Components/mx_wifi/core -IDrivers/BSP/Components/mx_wifi/io_pattern -IDrivers/STM32U5xx_HAL_Driver/Inc -IDrivers/STM32U5xx_HAL_Driver/Inc/Legacy -IDrivers/CMSIS/Include -IDrivers/CMSIS/Device/ST/STM32U5xx/Include -O2 -Wall -Wextra -Wno-unused-parameter -fdata-sections -ffunction-sections -std=gnu11 -MMD -MP -MF"build/Drivers/STM32U5xx_HAL_Driver/Src/stm32u5xx_hal_fdcan.d" -o build/Drivers/STM32U5xx_HAL_Driver/Src/stm32u5xx_hal_fdcan.o Drivers/STM32U5xx_HAL_Driver/Src/stm32u5xx_hal_fdcan.c
Build & Upload Firmware	Build Firmware	2026-03-23T23:02:51.5145761Z arm-none-eabi-gcc -c -mcpu=cortex-m33 -mthumb -mfpu=fpv5-sp-d16 -mfloat-abi=hard -DSTM32U585xx -DUSE_HAL_DRIVER -ICore/Inc -IDrivers/BSP/B-U585I-IOT02A -IDrivers/BSP/Components/Common -IDrivers/BSP/Components/ov5640 -IDrivers/BSP/Components/mx_wifi -IDrivers/BSP/Components/mx_wifi/core -IDrivers/BSP/Components/mx_wifi/io_pattern -IDrivers/STM32U5xx_HAL_Driver/Inc -IDrivers/STM32U5xx_HAL_Driver/Inc/Legacy -IDrivers/CMSIS/Include -IDrivers/CMSIS/Device/ST/STM32U5xx/Include -O2 -Wall -Wextra -Wno-unused-parameter -fdata-sections -ffunction-sections -std=gnu11 -MMD -MP -MF"build/Drivers/STM32U5xx_HAL_Driver/Src/stm32u5xx_hal_flash.d" -o build/Drivers/STM32U5xx_HAL_Driver/Src/stm32u5xx_hal_flash.o Drivers/STM32U5xx_HAL_Driver/Src/stm32u5xx_hal_flash.c
Build & Upload Firmware	Build Firmware	2026-03-23T23:02:51.5722240Z arm-none-eabi-gcc -c -mcpu=cortex-m33 -mthumb -mfpu=fpv5-sp-d16 -mfloat-abi=hard -DSTM32U585xx -DUSE_HAL_DRIVER -ICore/Inc -IDrivers/BSP/B-U585I-IOT02A -IDrivers/BSP/Components/Common -IDrivers/BSP/Components/ov5640 -IDrivers/BSP/Components/mx_wifi -IDrivers/BSP/Components/mx_wifi/core -IDrivers/BSP/Components/mx_wifi/io_pattern -IDrivers/STM32U5xx_HAL_Driver/Inc -IDrivers/STM32U5xx_HAL_Driver/Inc/Legacy -IDrivers/CMSIS/Include -IDrivers/CMSIS/Device/ST/STM32U5xx/Include -O2 -Wall -Wextra -Wno-unused-parameter -fdata-sections -ffunction-sections -std=gnu11 -MMD -MP -MF"build/Drivers/STM32U5xx_HAL_Driver/Src/stm32u5xx_hal_flash_ex.d" -o build/Drivers/STM32U5xx_HAL_Driver/Src/stm32u5xx_hal_flash_ex.o Drivers/STM32U5xx_HAL_Driver/Src/stm32u5xx_hal_flash_ex.c
Build & Upload Firmware	Build Firmware	2026-03-23T23:02:51.5805349Z arm-none-eabi-gcc -c -mcpu=cortex-m33 -mthumb -mfpu=fpv5-sp-d16 -mfloat-abi=hard -DSTM32U585xx -DUSE_HAL_DRIVER -ICore/Inc -IDrivers/BSP/B-U585I-IOT02A -IDrivers/BSP/Components/Common -IDrivers/BSP/Components/ov5640 -IDrivers/BSP/Components/mx_wifi -IDrivers/BSP/Components/mx_wifi/core -IDrivers/BSP/Components/mx_wifi/io_pattern -IDrivers/STM32U5xx_HAL_Driver/Inc -IDrivers/STM32U5xx_HAL_Driver/Inc/Legacy -IDrivers/CMSIS/Include -IDrivers/CMSIS/Device/ST/STM32U5xx/Include -O2 -Wall -Wextra -Wno-unused-parameter -fdata-sections -ffunction-sections -std=gnu11 -MMD -MP -MF"build/Drivers/STM32U5xx_HAL_Driver/Src/stm32u5xx_hal_fmac.d" -o build/Drivers/STM32U5xx_HAL_Driver/Src/stm32u5xx_hal_fmac.o Drivers/STM32U5xx_HAL_Driver/Src/stm32u5xx_hal_fmac.c
Build & Upload Firmware	Build Firmware	2026-03-23T23:02:51.5882627Z arm-none-eabi-gcc -c -mcpu=cortex-m33 -mthumb -mfpu=fpv5-sp-d16 -mfloat-abi=hard -DSTM32U585xx -DUSE_HAL_DRIVER -ICore/Inc -IDrivers/BSP/B-U585I-IOT02A -IDrivers/BSP/Components/Common -IDrivers/BSP/Components/ov5640 -IDrivers/BSP/Components/mx_wifi -IDrivers/BSP/Components/mx_wifi/core -IDrivers/BSP/Components/mx_wifi/io_pattern -IDrivers/STM32U5xx_HAL_Driver/Inc -IDrivers/STM32U5xx_HAL_Driver/Inc/Legacy -IDrivers/CMSIS/Include -IDrivers/CMSIS/Device/ST/STM32U5xx/Include -O2 -Wall -Wextra -Wno-unused-parameter -fdata-sections -ffunction-sections -std=gnu11 -MMD -MP -MF"build/Drivers/STM32U5xx_HAL_Driver/Src/stm32u5xx_hal_gfxmmu.d" -o build/Drivers/STM32U5xx_HAL_Driver/Src/stm32u5xx_hal_gfxmmu.o Drivers/STM32U5xx_HAL_Driver/Src/stm32u5xx_hal_gfxmmu.c
Build & Upload Firmware	Build Firmware	2026-03-23T23:02:51.6542895Z arm-none-eabi-gcc -c -mcpu=cortex-m33 -mthumb -mfpu=fpv5-sp-d16 -mfloat-abi=hard -DSTM32U585xx -DUSE_HAL_DRIVER -ICore/Inc -IDrivers/BSP/B-U585I-IOT02A -IDrivers/BSP/Components/Common -IDrivers/BSP/Components/ov5640 -IDrivers/BSP/Components/mx_wifi -IDrivers/BSP/Components/mx_wifi/core -IDrivers/BSP/Components/mx_wifi/io_pattern -IDrivers/STM32U5xx_HAL_Driver/Inc -IDrivers/STM32U5xx_HAL_Driver/Inc/Legacy -IDrivers/CMSIS/Include -IDrivers/CMSIS/Device/ST/STM32U5xx/Include -O2 -Wall -Wextra -Wno-unused-parameter -fdata-sections -ffunction-sections -std=gnu11 -MMD -MP -MF"build/Drivers/STM32U5xx_HAL_Driver/Src/stm32u5xx_hal_gfxtim.d" -o build/Drivers/STM32U5xx_HAL_Driver/Src/stm32u5xx_hal_gfxtim.o Drivers/STM32U5xx_HAL_Driver/Src/stm32u5xx_hal_gfxtim.c
Build & Upload Firmware	Build Firmware	2026-03-23T23:02:51.8123524Z arm-none-eabi-gcc -c -mcpu=cortex-m33 -mthumb -mfpu=fpv5-sp-d16 -mfloat-abi=hard -DSTM32U585xx -DUSE_HAL_DRIVER -ICore/Inc -IDrivers/BSP/B-U585I-IOT02A -IDrivers/BSP/Components/Common -IDrivers/BSP/Components/ov5640 -IDrivers/BSP/Components/mx_wifi -IDrivers/BSP/Components/mx_wifi/core -IDrivers/BSP/Components/mx_wifi/io_pattern -IDrivers/STM32U5xx_HAL_Driver/Inc -IDrivers/STM32U5xx_HAL_Driver/Inc/Legacy -IDrivers/CMSIS/Include -IDrivers/CMSIS/Device/ST/STM32U5xx/Include -O2 -Wall -Wextra -Wno-unused-parameter -fdata-sections -ffunction-sections -std=gnu11 -MMD -MP -MF"build/Drivers/STM32U5xx_HAL_Driver/Src/stm32u5xx_hal_gpio.d" -o build/Drivers/STM32U5xx_HAL_Driver/Src/stm32u5xx_hal_gpio.o Drivers/STM32U5xx_HAL_Driver/Src/stm32u5xx_hal_gpio.c
Build & Upload Firmware	Build Firmware	2026-03-23T23:02:51.9834085Z arm-none-eabi-gcc -c -mcpu=cortex-m33 -mthumb -mfpu=fpv5-sp-d16 -mfloat-abi=hard -DSTM32U585xx -DUSE_HAL_DRIVER -ICore/Inc -IDrivers/BSP/B-U585I-IOT02A -IDrivers/BSP/Components/Common -IDrivers/BSP/Components/ov5640 -IDrivers/BSP/Components/mx_wifi -IDrivers/BSP/Components/mx_wifi/core -IDrivers/BSP/Components/mx_wifi/io_pattern -IDrivers/STM32U5xx_HAL_Driver/Inc -IDrivers/STM32U5xx_HAL_Driver/Inc/Legacy -IDrivers/CMSIS/Include -IDrivers/CMSIS/Device/ST/STM32U5xx/Include -O2 -Wall -Wextra -Wno-unused-parameter -fdata-sections -ffunction-sections -std=gnu11 -MMD -MP -MF"build/Drivers/STM32U5xx_HAL_Driver/Src/stm32u5xx_hal_gpu2d.d" -o build/Drivers/STM32U5xx_HAL_Driver/Src/stm32u5xx_hal_gpu2d.o Drivers/STM32U5xx_HAL_Driver/Src/stm32u5xx_hal_gpu2d.c
Build & Upload Firmware	Build Firmware	2026-03-23T23:02:51.9932160Z arm-none-eabi-gcc -c -mcpu=cortex-m33 -mthumb -mfpu=fpv5-sp-d16 -mfloat-abi=hard -DSTM32U585xx -DUSE_HAL_DRIVER -ICore/Inc -IDrivers/BSP/B-U585I-IOT02A -IDrivers/BSP/Components/Common -IDrivers/BSP/Components/ov5640 -IDrivers/BSP/Components/mx_wifi -IDrivers/BSP/Components/mx_wifi/core -IDrivers/BSP/Components/mx_wifi/io_pattern -IDrivers/STM32U5xx_HAL_Driver/Inc -IDrivers/STM32U5xx_HAL_Driver/Inc/Legacy -IDrivers/CMSIS/Include -IDrivers/CMSIS/Device/ST/STM32U5xx/Include -O2 -Wall -Wextra -Wno-unused-parameter -fdata-sections -ffunction-sections -std=gnu11 -MMD -MP -MF"build/Drivers/STM32U5xx_HAL_Driver/Src/stm32u5xx_hal_gtzc.d" -o build/Drivers/STM32U5xx_HAL_Driver/Src/stm32u5xx_hal_gtzc.o Drivers/STM32U5xx_HAL_Driver/Src/stm32u5xx_hal_gtzc.c
Build & Upload Firmware	Build Firmware	2026-03-23T23:02:52.2034664Z arm-none-eabi-gcc -c -mcpu=cortex-m33 -mthumb -mfpu=fpv5-sp-d16 -mfloat-abi=hard -DSTM32U585xx -DUSE_HAL_DRIVER -ICore/Inc -IDrivers/BSP/B-U585I-IOT02A -IDrivers/BSP/Components/Common -IDrivers/BSP/Components/ov5640 -IDrivers/BSP/Components/mx_wifi -IDrivers/BSP/Components/mx_wifi/core -IDrivers/BSP/Components/mx_wifi/io_pattern -IDrivers/STM32U5xx_HAL_Driver/Inc -IDrivers/STM32U5xx_HAL_Driver/Inc/Legacy -IDrivers/CMSIS/Include -IDrivers/CMSIS/Device/ST/STM32U5xx/Include -O2 -Wall -Wextra -Wno-unused-parameter -fdata-sections -ffunction-sections -std=gnu11 -MMD -MP -MF"build/Drivers/STM32U5xx_HAL_Driver/Src/stm32u5xx_hal_hash.d" -o build/Drivers/STM32U5xx_HAL_Driver/Src/stm32u5xx_hal_hash.o Drivers/STM32U5xx_HAL_Driver/Src/stm32u5xx_hal_hash.c
Build & Upload Firmware	Build Firmware	2026-03-23T23:02:52.3383000Z arm-none-eabi-gcc -c -mcpu=cortex-m33 -mthumb -mfpu=fpv5-sp-d16 -mfloat-abi=hard -DSTM32U585xx -DUSE_HAL_DRIVER -ICore/Inc -IDrivers/BSP/B-U585I-IOT02A -IDrivers/BSP/Components/Common -IDrivers/BSP/Components/ov5640 -IDrivers/BSP/Components/mx_wifi -IDrivers/BSP/Components/mx_wifi/core -IDrivers/BSP/Components/mx_wifi/io_pattern -IDrivers/STM32U5xx_HAL_Driver/Inc -IDrivers/STM32U5xx_HAL_Driver/Inc/Legacy -IDrivers/CMSIS/Include -IDrivers/CMSIS/Device/ST/STM32U5xx/Include -O2 -Wall -Wextra -Wno-unused-parameter -fdata-sections -ffunction-sections -std=gnu11 -MMD -MP -MF"build/Drivers/STM32U5xx_HAL_Driver/Src/stm32u5xx_hal_hash_ex.d" -o build/Drivers/STM32U5xx_HAL_Driver/Src/stm32u5xx_hal_hash_ex.o Drivers/STM32U5xx_HAL_Driver/Src/stm32u5xx_hal_hash_ex.c
Build & Upload Firmware	Build Firmware	2026-03-23T23:02:52.3437903Z arm-none-eabi-gcc -c -mcpu=cortex-m33 -mthumb -mfpu=fpv5-sp-d16 -mfloat-abi=hard -DSTM32U585xx -DUSE_HAL_DRIVER -ICore/Inc -IDrivers/BSP/B-U585I-IOT02A -IDrivers/BSP/Components/Common -IDrivers/BSP/Components/ov5640 -IDrivers/BSP/Components/mx_wifi -IDrivers/BSP/Components/mx_wifi/core -IDrivers/BSP/Components/mx_wifi/io_pattern -IDrivers/STM32U5xx_HAL_Driver/Inc -IDrivers/STM32U5xx_HAL_Driver/Inc/Legacy -IDrivers/CMSIS/Include -IDrivers/CMSIS/Device/ST/STM32U5xx/Include -O2 -Wall -Wextra -Wno-unused-parameter -fdata-sections -ffunction-sections -std=gnu11 -MMD -MP -MF"build/Drivers/STM32U5xx_HAL_Driver/Src/stm32u5xx_hal_hcd.d" -o build/Drivers/STM32U5xx_HAL_Driver/Src/stm32u5xx_hal_hcd.o Drivers/STM32U5xx_HAL_Driver/Src/stm32u5xx_hal_hcd.c
Build & Upload Firmware	Build Firmware	2026-03-23T23:02:52.3793537Z arm-none-eabi-gcc -c -mcpu=cortex-m33 -mthumb -mfpu=fpv5-sp-d16 -mfloat-abi=hard -DSTM32U585xx -DUSE_HAL_DRIVER -ICore/Inc -IDrivers/BSP/B-U585I-IOT02A -IDrivers/BSP/Components/Common -IDrivers/BSP/Components/ov5640 -IDrivers/BSP/Components/mx_wifi -IDrivers/BSP/Components/mx_wifi/core -IDrivers/BSP/Components/mx_wifi/io_pattern -IDrivers/STM32U5xx_HAL_Driver/Inc -IDrivers/STM32U5xx_HAL_Driver/Inc/Legacy -IDrivers/CMSIS/Include -IDrivers/CMSIS/Device/ST/STM32U5xx/Include -O2 -Wall -Wextra -Wno-unused-parameter -fdata-sections -ffunction-sections -std=gnu11 -MMD -MP -MF"build/Drivers/STM32U5xx_HAL_Driver/Src/stm32u5xx_hal_i2c.d" -o build/Drivers/STM32U5xx_HAL_Driver/Src/stm32u5xx_hal_i2c.o Drivers/STM32U5xx_HAL_Driver/Src/stm32u5xx_hal_i2c.c
Build & Upload Firmware	Build Firmware	2026-03-23T23:02:52.4423762Z arm-none-eabi-gcc -c -mcpu=cortex-m33 -mthumb -mfpu=fpv5-sp-d16 -mfloat-abi=hard -DSTM32U585xx -DUSE_HAL_DRIVER -ICore/Inc -IDrivers/BSP/B-U585I-IOT02A -IDrivers/BSP/Components/Common -IDrivers/BSP/Components/ov5640 -IDrivers/BSP/Components/mx_wifi -IDrivers/BSP/Components/mx_wifi/core -IDrivers/BSP/Components/mx_wifi/io_pattern -IDrivers/STM32U5xx_HAL_Driver/Inc -IDrivers/STM32U5xx_HAL_Driver/Inc/Legacy -IDrivers/CMSIS/Include -IDrivers/CMSIS/Device/ST/STM32U5xx/Include -O2 -Wall -Wextra -Wno-unused-parameter -fdata-sections -ffunction-sections -std=gnu11 -MMD -MP -MF"build/Drivers/STM32U5xx_HAL_Driver/Src/stm32u5xx_hal_i2c_ex.d" -o build/Drivers/STM32U5xx_HAL_Driver/Src/stm32u5xx_hal_i2c_ex.o Drivers/STM32U5xx_HAL_Driver/Src/stm32u5xx_hal_i2c_ex.c
Build & Upload Firmware	Build Firmware	2026-03-23T23:02:52.6792914Z arm-none-eabi-gcc -c -mcpu=cortex-m33 -mthumb -mfpu=fpv5-sp-d16 -mfloat-abi=hard -DSTM32U585xx -DUSE_HAL_DRIVER -ICore/Inc -IDrivers/BSP/B-U585I-IOT02A -IDrivers/BSP/Components/Common -IDrivers/BSP/Components/ov5640 -IDrivers/BSP/Components/mx_wifi -IDrivers/BSP/Components/mx_wifi/core -IDrivers/BSP/Components/mx_wifi/io_pattern -IDrivers/STM32U5xx_HAL_Driver/Inc -IDrivers/STM32U5xx_HAL_Driver/Inc/Legacy -IDrivers/CMSIS/Include -IDrivers/CMSIS/Device/ST/STM32U5xx/Include -O2 -Wall -Wextra -Wno-unused-parameter -fdata-sections -ffunction-sections -std=gnu11 -MMD -MP -MF"build/Drivers/STM32U5xx_HAL_Driver/Src/stm32u5xx_hal_icache.d" -o build/Drivers/STM32U5xx_HAL_Driver/Src/stm32u5xx_hal_icache.o Drivers/STM32U5xx_HAL_Driver/Src/stm32u5xx_hal_icache.c
Build & Upload Firmware	Build Firmware	2026-03-23T23:02:52.7205715Z arm-none-eabi-gcc -c -mcpu=cortex-m33 -mthumb -mfpu=fpv5-sp-d16 -mfloat-abi=hard -DSTM32U585xx -DUSE_HAL_DRIVER -ICore/Inc -IDrivers/BSP/B-U585I-IOT02A -IDrivers/BSP/Components/Common -IDrivers/BSP/Components/ov5640 -IDrivers/BSP/Components/mx_wifi -IDrivers/BSP/Components/mx_wifi/core -IDrivers/BSP/Components/mx_wifi/io_pattern -IDrivers/STM32U5xx_HAL_Driver/Inc -IDrivers/STM32U5xx_HAL_Driver/Inc/Legacy -IDrivers/CMSIS/Include -IDrivers/CMSIS/Device/ST/STM32U5xx/Include -O2 -Wall -Wextra -Wno-unused-parameter -fdata-sections -ffunction-sections -std=gnu11 -MMD -MP -MF"build/Drivers/STM32U5xx_HAL_Driver/Src/stm32u5xx_hal_irda.d" -o build/Drivers/STM32U5xx_HAL_Driver/Src/stm32u5xx_hal_irda.o Drivers/STM32U5xx_HAL_Driver/Src/stm32u5xx_hal_irda.c
Build & Upload Firmware	Build Firmware	2026-03-23T23:02:52.7316046Z arm-none-eabi-gcc -c -mcpu=cortex-m33 -mthumb -mfpu=fpv5-sp-d16 -mfloat-abi=hard -DSTM32U585xx -DUSE_HAL_DRIVER -ICore/Inc -IDrivers/BSP/B-U585I-IOT02A -IDrivers/BSP/Components/Common -IDrivers/BSP/Components/ov5640 -IDrivers/BSP/Components/mx_wifi -IDrivers/BSP/Components/mx_wifi/core -IDrivers/BSP/Components/mx_wifi/io_pattern -IDrivers/STM32U5xx_HAL_Driver/Inc -IDrivers/STM32U5xx_HAL_Driver/Inc/Legacy -IDrivers/CMSIS/Include -IDrivers/CMSIS/Device/ST/STM32U5xx/Include -O2 -Wall -Wextra -Wno-unused-parameter -fdata-sections -ffunction-sections -std=gnu11 -MMD -MP -MF"build/Drivers/STM32U5xx_HAL_Driver/Src/stm32u5xx_hal_iwdg.d" -o build/Drivers/STM32U5xx_HAL_Driver/Src/stm32u5xx_hal_iwdg.o Drivers/STM32U5xx_HAL_Driver/Src/stm32u5xx_hal_iwdg.c
Build & Upload Firmware	Build Firmware	2026-03-23T23:02:52.8997215Z arm-none-eabi-gcc -c -mcpu=cortex-m33 -mthumb -mfpu=fpv5-sp-d16 -mfloat-abi=hard -DSTM32U585xx -DUSE_HAL_DRIVER -ICore/Inc -IDrivers/BSP/B-U585I-IOT02A -IDrivers/BSP/Components/Common -IDrivers/BSP/Components/ov5640 -IDrivers/BSP/Components/mx_wifi -IDrivers/BSP/Components/mx_wifi/core -IDrivers/BSP/Components/mx_wifi/io_pattern -IDrivers/STM32U5xx_HAL_Driver/Inc -IDrivers/STM32U5xx_HAL_Driver/Inc/Legacy -IDrivers/CMSIS/Include -IDrivers/CMSIS/Device/ST/STM32U5xx/Include -O2 -Wall -Wextra -Wno-unused-parameter -fdata-sections -ffunction-sections -std=gnu11 -MMD -MP -MF"build/Drivers/STM32U5xx_HAL_Driver/Src/stm32u5xx_hal_jpeg.d" -o build/Drivers/STM32U5xx_HAL_Driver/Src/stm32u5xx_hal_jpeg.o Drivers/STM32U5xx_HAL_Driver/Src/stm32u5xx_hal_jpeg.c
Build & Upload Firmware	Build Firmware	2026-03-23T23:02:52.9118878Z arm-none-eabi-gcc -c -mcpu=cortex-m33 -mthumb -mfpu=fpv5-sp-d16 -mfloat-abi=hard -DSTM32U585xx -DUSE_HAL_DRIVER -ICore/Inc -IDrivers/BSP/B-U585I-IOT02A -IDrivers/BSP/Components/Common -IDrivers/BSP/Components/ov5640 -IDrivers/BSP/Components/mx_wifi -IDrivers/BSP/Components/mx_wifi/core -IDrivers/BSP/Components/mx_wifi/io_pattern -IDrivers/STM32U5xx_HAL_Driver/Inc -IDrivers/STM32U5xx_HAL_Driver/Inc/Legacy -IDrivers/CMSIS/Include -IDrivers/CMSIS/Device/ST/STM32U5xx/Include -O2 -Wall -Wextra -Wno-unused-parameter -fdata-sections -ffunction-sections -std=gnu11 -MMD -MP -MF"build/Drivers/STM32U5xx_HAL_Driver/Src/stm32u5xx_hal_lptim.d" -o build/Drivers/STM32U5xx_HAL_Driver/Src/stm32u5xx_hal_lptim.o Drivers/STM32U5xx_HAL_Driver/Src/stm32u5xx_hal_lptim.c
Build & Upload Firmware	Build Firmware	2026-03-23T23:02:53.0297944Z arm-none-eabi-gcc -c -mcpu=cortex-m33 -mthumb -mfpu=fpv5-sp-d16 -mfloat-abi=hard -DSTM32U585xx -DUSE_HAL_DRIVER -ICore/Inc -IDrivers/BSP/B-U585I-IOT02A -IDrivers/BSP/Components/Common -IDrivers/BSP/Components/ov5640 -IDrivers/BSP/Components/mx_wifi -IDrivers/BSP/Components/mx_wifi/core -IDrivers/BSP/Components/mx_wifi/io_pattern -IDrivers/STM32U5xx_HAL_Driver/Inc -IDrivers/STM32U5xx_HAL_Driver/Inc/Legacy -IDrivers/CMSIS/Include -IDrivers/CMSIS/Device/ST/STM32U5xx/Include -O2 -Wall -Wextra -Wno-unused-parameter -fdata-sections -ffunction-sections -std=gnu11 -MMD -MP -MF"build/Drivers/STM32U5xx_HAL_Driver/Src/stm32u5xx_hal_ltdc.d" -o build/Drivers/STM32U5xx_HAL_Driver/Src/stm32u5xx_hal_ltdc.o Drivers/STM32U5xx_HAL_Driver/Src/stm32u5xx_hal_ltdc.c
Build & Upload Firmware	Build Firmware	2026-03-23T23:02:53.0809497Z arm-none-eabi-gcc -c -mcpu=cortex-m33 -mthumb -mfpu=fpv5-sp-d16 -mfloat-abi=hard -DSTM32U585xx -DUSE_HAL_DRIVER -ICore/Inc -IDrivers/BSP/B-U585I-IOT02A -IDrivers/BSP/Components/Common -IDrivers/BSP/Components/ov5640 -IDrivers/BSP/Components/mx_wifi -IDrivers/BSP/Components/mx_wifi/core -IDrivers/BSP/Components/mx_wifi/io_pattern -IDrivers/STM32U5xx_HAL_Driver/Inc -IDrivers/STM32U5xx_HAL_Driver/Inc/Legacy -IDrivers/CMSIS/Include -IDrivers/CMSIS/Device/ST/STM32U5xx/Include -O2 -Wall -Wextra -Wno-unused-parameter -fdata-sections -ffunction-sections -std=gnu11 -MMD -MP -MF"build/Drivers/STM32U5xx_HAL_Driver/Src/stm32u5xx_hal_ltdc_ex.d" -o build/Drivers/STM32U5xx_HAL_Driver/Src/stm32u5xx_hal_ltdc_ex.o Drivers/STM32U5xx_HAL_Driver/Src/stm32u5xx_hal_ltdc_ex.c
Build & Upload Firmware	Build Firmware	2026-03-23T23:02:53.1381150Z arm-none-eabi-gcc -c -mcpu=cortex-m33 -mthumb -mfpu=fpv5-sp-d16 -mfloat-abi=hard -DSTM32U585xx -DUSE_HAL_DRIVER -ICore/Inc -IDrivers/BSP/B-U585I-IOT02A -IDrivers/BSP/Components/Common -IDrivers/BSP/Components/ov5640 -IDrivers/BSP/Components/mx_wifi -IDrivers/BSP/Components/mx_wifi/core -IDrivers/BSP/Components/mx_wifi/io_pattern -IDrivers/STM32U5xx_HAL_Driver/Inc -IDrivers/STM32U5xx_HAL_Driver/Inc/Legacy -IDrivers/CMSIS/Include -IDrivers/CMSIS/Device/ST/STM32U5xx/Include -O2 -Wall -Wextra -Wno-unused-parameter -fdata-sections -ffunction-sections -std=gnu11 -MMD -MP -MF"build/Drivers/STM32U5xx_HAL_Driver/Src/stm32u5xx_hal_mdf.d" -o build/Drivers/STM32U5xx_HAL_Driver/Src/stm32u5xx_hal_mdf.o Drivers/STM32U5xx_HAL_Driver/Src/stm32u5xx_hal_mdf.c
Build & Upload Firmware	Build Firmware	2026-03-23T23:02:53.1862912Z arm-none-eabi-gcc -c -mcpu=cortex-m33 -mthumb -mfpu=fpv5-sp-d16 -mfloat-abi=hard -DSTM32U585xx -DUSE_HAL_DRIVER -ICore/Inc -IDrivers/BSP/B-U585I-IOT02A -IDrivers/BSP/Components/Common -IDrivers/BSP/Components/ov5640 -IDrivers/BSP/Components/mx_wifi -IDrivers/BSP/Components/mx_wifi/core -IDrivers/BSP/Components/mx_wifi/io_pattern -IDrivers/STM32U5xx_HAL_Driver/Inc -IDrivers/STM32U5xx_HAL_Driver/Inc/Legacy -IDrivers/CMSIS/Include -IDrivers/CMSIS/Device/ST/STM32U5xx/Include -O2 -Wall -Wextra -Wno-unused-parameter -fdata-sections -ffunction-sections -std=gnu11 -MMD -MP -MF"build/Drivers/STM32U5xx_HAL_Driver/Src/stm32u5xx_hal_mmc.d" -o build/Drivers/STM32U5xx_HAL_Driver/Src/stm32u5xx_hal_mmc.o Drivers/STM32U5xx_HAL_Driver/Src/stm32u5xx_hal_mmc.c
Build & Upload Firmware	Build Firmware	2026-03-23T23:02:53.3290402Z arm-none-eabi-gcc -c -mcpu=cortex-m33 -mthumb -mfpu=fpv5-sp-d16 -mfloat-abi=hard -DSTM32U585xx -DUSE_HAL_DRIVER -ICore/Inc -IDrivers/BSP/B-U585I-IOT02A -IDrivers/BSP/Components/Common -IDrivers/BSP/Components/ov5640 -IDrivers/BSP/Components/mx_wifi -IDrivers/BSP/Components/mx_wifi/core -IDrivers/BSP/Components/mx_wifi/io_pattern -IDrivers/STM32U5xx_HAL_Driver/Inc -IDrivers/STM32U5xx_HAL_Driver/Inc/Legacy -IDrivers/CMSIS/Include -IDrivers/CMSIS/Device/ST/STM32U5xx/Include -O2 -Wall -Wextra -Wno-unused-parameter -fdata-sections -ffunction-sections -std=gnu11 -MMD -MP -MF"build/Drivers/STM32U5xx_HAL_Driver/Src/stm32u5xx_hal_mmc_ex.d" -o build/Drivers/STM32U5xx_HAL_Driver/Src/stm32u5xx_hal_mmc_ex.o Drivers/STM32U5xx_HAL_Driver/Src/stm32u5xx_hal_mmc_ex.c
Build & Upload Firmware	Build Firmware	2026-03-23T23:02:53.4514945Z arm-none-eabi-gcc -c -mcpu=cortex-m33 -mthumb -mfpu=fpv5-sp-d16 -mfloat-abi=hard -DSTM32U585xx -DUSE_HAL_DRIVER -ICore/Inc -IDrivers/BSP/B-U585I-IOT02A -IDrivers/BSP/Components/Common -IDrivers/BSP/Components/ov5640 -IDrivers/BSP/Components/mx_wifi -IDrivers/BSP/Components/mx_wifi/core -IDrivers/BSP/Components/mx_wifi/io_pattern -IDrivers/STM32U5xx_HAL_Driver/Inc -IDrivers/STM32U5xx_HAL_Driver/Inc/Legacy -IDrivers/CMSIS/Include -IDrivers/CMSIS/Device/ST/STM32U5xx/Include -O2 -Wall -Wextra -Wno-unused-parameter -fdata-sections -ffunction-sections -std=gnu11 -MMD -MP -MF"build/Drivers/STM32U5xx_HAL_Driver/Src/stm32u5xx_hal_nand.d" -o build/Drivers/STM32U5xx_HAL_Driver/Src/stm32u5xx_hal_nand.o Drivers/STM32U5xx_HAL_Driver/Src/stm32u5xx_hal_nand.c
Build & Upload Firmware	Build Firmware	2026-03-23T23:02:53.4751996Z arm-none-eabi-gcc -c -mcpu=cortex-m33 -mthumb -mfpu=fpv5-sp-d16 -mfloat-abi=hard -DSTM32U585xx -DUSE_HAL_DRIVER -ICore/Inc -IDrivers/BSP/B-U585I-IOT02A -IDrivers/BSP/Components/Common -IDrivers/BSP/Components/ov5640 -IDrivers/BSP/Components/mx_wifi -IDrivers/BSP/Components/mx_wifi/core -IDrivers/BSP/Components/mx_wifi/io_pattern -IDrivers/STM32U5xx_HAL_Driver/Inc -IDrivers/STM32U5xx_HAL_Driver/Inc/Legacy -IDrivers/CMSIS/Include -IDrivers/CMSIS/Device/ST/STM32U5xx/Include -O2 -Wall -Wextra -Wno-unused-parameter -fdata-sections -ffunction-sections -std=gnu11 -MMD -MP -MF"build/Drivers/STM32U5xx_HAL_Driver/Src/stm32u5xx_hal_nor.d" -o build/Drivers/STM32U5xx_HAL_Driver/Src/stm32u5xx_hal_nor.o Drivers/STM32U5xx_HAL_Driver/Src/stm32u5xx_hal_nor.c
Build & Upload Firmware	Build Firmware	2026-03-23T23:02:53.5772008Z arm-none-eabi-gcc -c -mcpu=cortex-m33 -mthumb -mfpu=fpv5-sp-d16 -mfloat-abi=hard -DSTM32U585xx -DUSE_HAL_DRIVER -ICore/Inc -IDrivers/BSP/B-U585I-IOT02A -IDrivers/BSP/Components/Common -IDrivers/BSP/Components/ov5640 -IDrivers/BSP/Components/mx_wifi -IDrivers/BSP/Components/mx_wifi/core -IDrivers/BSP/Components/mx_wifi/io_pattern -IDrivers/STM32U5xx_HAL_Driver/Inc -IDrivers/STM32U5xx_HAL_Driver/Inc/Legacy -IDrivers/CMSIS/Include -IDrivers/CMSIS/Device/ST/STM32U5xx/Include -O2 -Wall -Wextra -Wno-unused-parameter -fdata-sections -ffunction-sections -std=gnu11 -MMD -MP -MF"build/Drivers/STM32U5xx_HAL_Driver/Src/stm32u5xx_hal_opamp.d" -o build/Drivers/STM32U5xx_HAL_Driver/Src/stm32u5xx_hal_opamp.o Drivers/STM32U5xx_HAL_Driver/Src/stm32u5xx_hal_opamp.c
Build & Upload Firmware	Build Firmware	2026-03-23T23:02:53.8092777Z arm-none-eabi-gcc -c -mcpu=cortex-m33 -mthumb -mfpu=fpv5-sp-d16 -mfloat-abi=hard -DSTM32U585xx -DUSE_HAL_DRIVER -ICore/Inc -IDrivers/BSP/B-U585I-IOT02A -IDrivers/BSP/Components/Common -IDrivers/BSP/Components/ov5640 -IDrivers/BSP/Components/mx_wifi -IDrivers/BSP/Components/mx_wifi/core -IDrivers/BSP/Components/mx_wifi/io_pattern -IDrivers/STM32U5xx_HAL_Driver/Inc -IDrivers/STM32U5xx_HAL_Driver/Inc/Legacy -IDrivers/CMSIS/Include -IDrivers/CMSIS/Device/ST/STM32U5xx/Include -O2 -Wall -Wextra -Wno-unused-parameter -fdata-sections -ffunction-sections -std=gnu11 -MMD -MP -MF"build/Drivers/STM32U5xx_HAL_Driver/Src/stm32u5xx_hal_opamp_ex.d" -o build/Drivers/STM32U5xx_HAL_Driver/Src/stm32u5xx_hal_opamp_ex.o Drivers/STM32U5xx_HAL_Driver/Src/stm32u5xx_hal_opamp_ex.c
Build & Upload Firmware	Build Firmware	2026-03-23T23:02:53.9951242Z arm-none-eabi-gcc -c -mcpu=cortex-m33 -mthumb -mfpu=fpv5-sp-d16 -mfloat-abi=hard -DSTM32U585xx -DUSE_HAL_DRIVER -ICore/Inc -IDrivers/BSP/B-U585I-IOT02A -IDrivers/BSP/Components/Common -IDrivers/BSP/Components/ov5640 -IDrivers/BSP/Components/mx_wifi -IDrivers/BSP/Components/mx_wifi/core -IDrivers/BSP/Components/mx_wifi/io_pattern -IDrivers/STM32U5xx_HAL_Driver/Inc -IDrivers/STM32U5xx_HAL_Driver/Inc/Legacy -IDrivers/CMSIS/Include -IDrivers/CMSIS/Device/ST/STM32U5xx/Include -O2 -Wall -Wextra -Wno-unused-parameter -fdata-sections -ffunction-sections -std=gnu11 -MMD -MP -MF"build/Drivers/STM32U5xx_HAL_Driver/Src/stm32u5xx_hal_ospi.d" -o build/Drivers/STM32U5xx_HAL_Driver/Src/stm32u5xx_hal_ospi.o Drivers/STM32U5xx_HAL_Driver/Src/stm32u5xx_hal_ospi.c
Build & Upload Firmware	Build Firmware	2026-03-23T23:02:54.0894944Z arm-none-eabi-gcc -c -mcpu=cortex-m33 -mthumb -mfpu=fpv5-sp-d16 -mfloat-abi=hard -DSTM32U585xx -DUSE_HAL_DRIVER -ICore/Inc -IDrivers/BSP/B-U585I-IOT02A -IDrivers/BSP/Components/Common -IDrivers/BSP/Components/ov5640 -IDrivers/BSP/Components/mx_wifi -IDrivers/BSP/Components/mx_wifi/core -IDrivers/BSP/Components/mx_wifi/io_pattern -IDrivers/STM32U5xx_HAL_Driver/Inc -IDrivers/STM32U5xx_HAL_Driver/Inc/Legacy -IDrivers/CMSIS/Include -IDrivers/CMSIS/Device/ST/STM32U5xx/Include -O2 -Wall -Wextra -Wno-unused-parameter -fdata-sections -ffunction-sections -std=gnu11 -MMD -MP -MF"build/Drivers/STM32U5xx_HAL_Driver/Src/stm32u5xx_hal_otfdec.d" -o build/Drivers/STM32U5xx_HAL_Driver/Src/stm32u5xx_hal_otfdec.o Drivers/STM32U5xx_HAL_Driver/Src/stm32u5xx_hal_otfdec.c
Build & Upload Firmware	Build Firmware	2026-03-23T23:02:54.1613927Z arm-none-eabi-gcc -c -mcpu=cortex-m33 -mthumb -mfpu=fpv5-sp-d16 -mfloat-abi=hard -DSTM32U585xx -DUSE_HAL_DRIVER -ICore/Inc -IDrivers/BSP/B-U585I-IOT02A -IDrivers/BSP/Components/Common -IDrivers/BSP/Components/ov5640 -IDrivers/BSP/Components/mx_wifi -IDrivers/BSP/Components/mx_wifi/core -IDrivers/BSP/Components/mx_wifi/io_pattern -IDrivers/STM32U5xx_HAL_Driver/Inc -IDrivers/STM32U5xx_HAL_Driver/Inc/Legacy -IDrivers/CMSIS/Include -IDrivers/CMSIS/Device/ST/STM32U5xx/Include -O2 -Wall -Wextra -Wno-unused-parameter -fdata-sections -ffunction-sections -std=gnu11 -MMD -MP -MF"build/Drivers/STM32U5xx_HAL_Driver/Src/stm32u5xx_hal_pcd.d" -o build/Drivers/STM32U5xx_HAL_Driver/Src/stm32u5xx_hal_pcd.o Drivers/STM32U5xx_HAL_Driver/Src/stm32u5xx_hal_pcd.c
Build & Upload Firmware	Build Firmware	2026-03-23T23:02:54.1649965Z arm-none-eabi-gcc -c -mcpu=cortex-m33 -mthumb -mfpu=fpv5-sp-d16 -mfloat-abi=hard -DSTM32U585xx -DUSE_HAL_DRIVER -ICore/Inc -IDrivers/BSP/B-U585I-IOT02A -IDrivers/BSP/Components/Common -IDrivers/BSP/Components/ov5640 -IDrivers/BSP/Components/mx_wifi -IDrivers/BSP/Components/mx_wifi/core -IDrivers/BSP/Components/mx_wifi/io_pattern -IDrivers/STM32U5xx_HAL_Driver/Inc -IDrivers/STM32U5xx_HAL_Driver/Inc/Legacy -IDrivers/CMSIS/Include -IDrivers/CMSIS/Device/ST/STM32U5xx/Include -O2 -Wall -Wextra -Wno-unused-parameter -fdata-sections -ffunction-sections -std=gnu11 -MMD -MP -MF"build/Drivers/STM32U5xx_HAL_Driver/Src/stm32u5xx_hal_pcd_ex.d" -o build/Drivers/STM32U5xx_HAL_Driver/Src/stm32u5xx_hal_pcd_ex.o Drivers/STM32U5xx_HAL_Driver/Src/stm32u5xx_hal_pcd_ex.c
Build & Upload Firmware	Build Firmware	2026-03-23T23:02:54.2380577Z arm-none-eabi-gcc -c -mcpu=cortex-m33 -mthumb -mfpu=fpv5-sp-d16 -mfloat-abi=hard -DSTM32U585xx -DUSE_HAL_DRIVER -ICore/Inc -IDrivers/BSP/B-U585I-IOT02A -IDrivers/BSP/Components/Common -IDrivers/BSP/Components/ov5640 -IDrivers/BSP/Components/mx_wifi -IDrivers/BSP/Components/mx_wifi/core -IDrivers/BSP/Components/mx_wifi/io_pattern -IDrivers/STM32U5xx_HAL_Driver/Inc -IDrivers/STM32U5xx_HAL_Driver/Inc/Legacy -IDrivers/CMSIS/Include -IDrivers/CMSIS/Device/ST/STM32U5xx/Include -O2 -Wall -Wextra -Wno-unused-parameter -fdata-sections -ffunction-sections -std=gnu11 -MMD -MP -MF"build/Drivers/STM32U5xx_HAL_Driver/Src/stm32u5xx_hal_pka.d" -o build/Drivers/STM32U5xx_HAL_Driver/Src/stm32u5xx_hal_pka.o Drivers/STM32U5xx_HAL_Driver/Src/stm32u5xx_hal_pka.c
Build & Upload Firmware	Build Firmware	2026-03-23T23:02:54.2928014Z arm-none-eabi-gcc -c -mcpu=cortex-m33 -mthumb -mfpu=fpv5-sp-d16 -mfloat-abi=hard -DSTM32U585xx -DUSE_HAL_DRIVER -ICore/Inc -IDrivers/BSP/B-U585I-IOT02A -IDrivers/BSP/Components/Common -IDrivers/BSP/Components/ov5640 -IDrivers/BSP/Components/mx_wifi -IDrivers/BSP/Components/mx_wifi/core -IDrivers/BSP/Components/mx_wifi/io_pattern -IDrivers/STM32U5xx_HAL_Driver/Inc -IDrivers/STM32U5xx_HAL_Driver/Inc/Legacy -IDrivers/CMSIS/Include -IDrivers/CMSIS/Device/ST/STM32U5xx/Include -O2 -Wall -Wextra -Wno-unused-parameter -fdata-sections -ffunction-sections -std=gnu11 -MMD -MP -MF"build/Drivers/STM32U5xx_HAL_Driver/Src/stm32u5xx_hal_pssi.d" -o build/Drivers/STM32U5xx_HAL_Driver/Src/stm32u5xx_hal_pssi.o Drivers/STM32U5xx_HAL_Driver/Src/stm32u5xx_hal_pssi.c
Build & Upload Firmware	Build Firmware	2026-03-23T23:02:54.6592871Z arm-none-eabi-gcc -c -mcpu=cortex-m33 -mthumb -mfpu=fpv5-sp-d16 -mfloat-abi=hard -DSTM32U585xx -DUSE_HAL_DRIVER -ICore/Inc -IDrivers/BSP/B-U585I-IOT02A -IDrivers/BSP/Components/Common -IDrivers/BSP/Components/ov5640 -IDrivers/BSP/Components/mx_wifi -IDrivers/BSP/Components/mx_wifi/core -IDrivers/BSP/Components/mx_wifi/io_pattern -IDrivers/STM32U5xx_HAL_Driver/Inc -IDrivers/STM32U5xx_HAL_Driver/Inc/Legacy -IDrivers/CMSIS/Include -IDrivers/CMSIS/Device/ST/STM32U5xx/Include -O2 -Wall -Wextra -Wno-unused-parameter -fdata-sections -ffunction-sections -std=gnu11 -MMD -MP -MF"build/Drivers/STM32U5xx_HAL_Driver/Src/stm32u5xx_hal_pwr.d" -o build/Drivers/STM32U5xx_HAL_Driver/Src/stm32u5xx_hal_pwr.o Drivers/STM32U5xx_HAL_Driver/Src/stm32u5xx_hal_pwr.c
Build & Upload Firmware	Build Firmware	2026-03-23T23:02:54.6759153Z arm-none-eabi-gcc -c -mcpu=cortex-m33 -mthumb -mfpu=fpv5-sp-d16 -mfloat-abi=hard -DSTM32U585xx -DUSE_HAL_DRIVER -ICore/Inc -IDrivers/BSP/B-U585I-IOT02A -IDrivers/BSP/Components/Common -IDrivers/BSP/Components/ov5640 -IDrivers/BSP/Components/mx_wifi -IDrivers/BSP/Components/mx_wifi/core -IDrivers/BSP/Components/mx_wifi/io_pattern -IDrivers/STM32U5xx_HAL_Driver/Inc -IDrivers/STM32U5xx_HAL_Driver/Inc/Legacy -IDrivers/CMSIS/Include -IDrivers/CMSIS/Device/ST/STM32U5xx/Include -O2 -Wall -Wextra -Wno-unused-parameter -fdata-sections -ffunction-sections -std=gnu11 -MMD -MP -MF"build/Drivers/STM32U5xx_HAL_Driver/Src/stm32u5xx_hal_pwr_ex.d" -o build/Drivers/STM32U5xx_HAL_Driver/Src/stm32u5xx_hal_pwr_ex.o Drivers/STM32U5xx_HAL_Driver/Src/stm32u5xx_hal_pwr_ex.c
Build & Upload Firmware	Build Firmware	2026-03-23T23:02:54.8400676Z arm-none-eabi-gcc -c -mcpu=cortex-m33 -mthumb -mfpu=fpv5-sp-d16 -mfloat-abi=hard -DSTM32U585xx -DUSE_HAL_DRIVER -ICore/Inc -IDrivers/BSP/B-U585I-IOT02A -IDrivers/BSP/Components/Common -IDrivers/BSP/Components/ov5640 -IDrivers/BSP/Components/mx_wifi -IDrivers/BSP/Components/mx_wifi/core -IDrivers/BSP/Components/mx_wifi/io_pattern -IDrivers/STM32U5xx_HAL_Driver/Inc -IDrivers/STM32U5xx_HAL_Driver/Inc/Legacy -IDrivers/CMSIS/Include -IDrivers/CMSIS/Device/ST/STM32U5xx/Include -O2 -Wall -Wextra -Wno-unused-parameter -fdata-sections -ffunction-sections -std=gnu11 -MMD -MP -MF"build/Drivers/STM32U5xx_HAL_Driver/Src/stm32u5xx_hal_ramcfg.d" -o build/Drivers/STM32U5xx_HAL_Driver/Src/stm32u5xx_hal_ramcfg.o Drivers/STM32U5xx_HAL_Driver/Src/stm32u5xx_hal_ramcfg.c
Build & Upload Firmware	Build Firmware	2026-03-23T23:02:54.9237718Z arm-none-eabi-gcc -c -mcpu=cortex-m33 -mthumb -mfpu=fpv5-sp-d16 -mfloat-abi=hard -DSTM32U585xx -DUSE_HAL_DRIVER -ICore/Inc -IDrivers/BSP/B-U585I-IOT02A -IDrivers/BSP/Components/Common -IDrivers/BSP/Components/ov5640 -IDrivers/BSP/Components/mx_wifi -IDrivers/BSP/Components/mx_wifi/core -IDrivers/BSP/Components/mx_wifi/io_pattern -IDrivers/STM32U5xx_HAL_Driver/Inc -IDrivers/STM32U5xx_HAL_Driver/Inc/Legacy -IDrivers/CMSIS/Include -IDrivers/CMSIS/Device/ST/STM32U5xx/Include -O2 -Wall -Wextra -Wno-unused-parameter -fdata-sections -ffunction-sections -std=gnu11 -MMD -MP -MF"build/Drivers/STM32U5xx_HAL_Driver/Src/stm32u5xx_hal_rcc.d" -o build/Drivers/STM32U5xx_HAL_Driver/Src/stm32u5xx_hal_rcc.o Drivers/STM32U5xx_HAL_Driver/Src/stm32u5xx_hal_rcc.c
Build & Upload Firmware	Build Firmware	2026-03-23T23:02:54.9413717Z arm-none-eabi-gcc -c -mcpu=cortex-m33 -mthumb -mfpu=fpv5-sp-d16 -mfloat-abi=hard -DSTM32U585xx -DUSE_HAL_DRIVER -ICore/Inc -IDrivers/BSP/B-U585I-IOT02A -IDrivers/BSP/Components/Common -IDrivers/BSP/Components/ov5640 -IDrivers/BSP/Components/mx_wifi -IDrivers/BSP/Components/mx_wifi/core -IDrivers/BSP/Components/mx_wifi/io_pattern -IDrivers/STM32U5xx_HAL_Driver/Inc -IDrivers/STM32U5xx_HAL_Driver/Inc/Legacy -IDrivers/CMSIS/Include -IDrivers/CMSIS/Device/ST/STM32U5xx/Include -O2 -Wall -Wextra -Wno-unused-parameter -fdata-sections -ffunction-sections -std=gnu11 -MMD -MP -MF"build/Drivers/STM32U5xx_HAL_Driver/Src/stm32u5xx_hal_rcc_ex.d" -o build/Drivers/STM32U5xx_HAL_Driver/Src/stm32u5xx_hal_rcc_ex.o Drivers/STM32U5xx_HAL_Driver/Src/stm32u5xx_hal_rcc_ex.c
Build & Upload Firmware	Build Firmware	2026-03-23T23:02:55.0985847Z arm-none-eabi-gcc -c -mcpu=cortex-m33 -mthumb -mfpu=fpv5-sp-d16 -mfloat-abi=hard -DSTM32U585xx -DUSE_HAL_DRIVER -ICore/Inc -IDrivers/BSP/B-U585I-IOT02A -IDrivers/BSP/Components/Common -IDrivers/BSP/Components/ov5640 -IDrivers/BSP/Components/mx_wifi -IDrivers/BSP/Components/mx_wifi/core -IDrivers/BSP/Components/mx_wifi/io_pattern -IDrivers/STM32U5xx_HAL_Driver/Inc -IDrivers/STM32U5xx_HAL_Driver/Inc/Legacy -IDrivers/CMSIS/Include -IDrivers/CMSIS/Device/ST/STM32U5xx/Include -O2 -Wall -Wextra -Wno-unused-parameter -fdata-sections -ffunction-sections -std=gnu11 -MMD -MP -MF"build/Drivers/STM32U5xx_HAL_Driver/Src/stm32u5xx_hal_rng.d" -o build/Drivers/STM32U5xx_HAL_Driver/Src/stm32u5xx_hal_rng.o Drivers/STM32U5xx_HAL_Driver/Src/stm32u5xx_hal_rng.c
Build & Upload Firmware	Build Firmware	2026-03-23T23:02:55.2062602Z arm-none-eabi-gcc -c -mcpu=cortex-m33 -mthumb -mfpu=fpv5-sp-d16 -mfloat-abi=hard -DSTM32U585xx -DUSE_HAL_DRIVER -ICore/Inc -IDrivers/BSP/B-U585I-IOT02A -IDrivers/BSP/Components/Common -IDrivers/BSP/Components/ov5640 -IDrivers/BSP/Components/mx_wifi -IDrivers/BSP/Components/mx_wifi/core -IDrivers/BSP/Components/mx_wifi/io_pattern -IDrivers/STM32U5xx_HAL_Driver/Inc -IDrivers/STM32U5xx_HAL_Driver/Inc/Legacy -IDrivers/CMSIS/Include -IDrivers/CMSIS/Device/ST/STM32U5xx/Include -O2 -Wall -Wextra -Wno-unused-parameter -fdata-sections -ffunction-sections -std=gnu11 -MMD -MP -MF"build/Drivers/STM32U5xx_HAL_Driver/Src/stm32u5xx_hal_rng_ex.d" -o build/Drivers/STM32U5xx_HAL_Driver/Src/stm32u5xx_hal_rng_ex.o Drivers/STM32U5xx_HAL_Driver/Src/stm32u5xx_hal_rng_ex.c
Build & Upload Firmware	Build Firmware	2026-03-23T23:02:55.2934680Z arm-none-eabi-gcc -c -mcpu=cortex-m33 -mthumb -mfpu=fpv5-sp-d16 -mfloat-abi=hard -DSTM32U585xx -DUSE_HAL_DRIVER -ICore/Inc -IDrivers/BSP/B-U585I-IOT02A -IDrivers/BSP/Components/Common -IDrivers/BSP/Components/ov5640 -IDrivers/BSP/Components/mx_wifi -IDrivers/BSP/Components/mx_wifi/core -IDrivers/BSP/Components/mx_wifi/io_pattern -IDrivers/STM32U5xx_HAL_Driver/Inc -IDrivers/STM32U5xx_HAL_Driver/Inc/Legacy -IDrivers/CMSIS/Include -IDrivers/CMSIS/Device/ST/STM32U5xx/Include -O2 -Wall -Wextra -Wno-unused-parameter -fdata-sections -ffunction-sections -std=gnu11 -MMD -MP -MF"build/Drivers/STM32U5xx_HAL_Driver/Src/stm32u5xx_hal_rtc.d" -o build/Drivers/STM32U5xx_HAL_Driver/Src/stm32u5xx_hal_rtc.o Drivers/STM32U5xx_HAL_Driver/Src/stm32u5xx_hal_rtc.c
Build & Upload Firmware	Build Firmware	2026-03-23T23:02:55.3488709Z arm-none-eabi-gcc -c -mcpu=cortex-m33 -mthumb -mfpu=fpv5-sp-d16 -mfloat-abi=hard -DSTM32U585xx -DUSE_HAL_DRIVER -ICore/Inc -IDrivers/BSP/B-U585I-IOT02A -IDrivers/BSP/Components/Common -IDrivers/BSP/Components/ov5640 -IDrivers/BSP/Components/mx_wifi -IDrivers/BSP/Components/mx_wifi/core -IDrivers/BSP/Components/mx_wifi/io_pattern -IDrivers/STM32U5xx_HAL_Driver/Inc -IDrivers/STM32U5xx_HAL_Driver/Inc/Legacy -IDrivers/CMSIS/Include -IDrivers/CMSIS/Device/ST/STM32U5xx/Include -O2 -Wall -Wextra -Wno-unused-parameter -fdata-sections -ffunction-sections -std=gnu11 -MMD -MP -MF"build/Drivers/STM32U5xx_HAL_Driver/Src/stm32u5xx_hal_rtc_ex.d" -o build/Drivers/STM32U5xx_HAL_Driver/Src/stm32u5xx_hal_rtc_ex.o Drivers/STM32U5xx_HAL_Driver/Src/stm32u5xx_hal_rtc_ex.c
Build & Upload Firmware	Build Firmware	2026-03-23T23:02:55.3805053Z arm-none-eabi-gcc -c -mcpu=cortex-m33 -mthumb -mfpu=fpv5-sp-d16 -mfloat-abi=hard -DSTM32U585xx -DUSE_HAL_DRIVER -ICore/Inc -IDrivers/BSP/B-U585I-IOT02A -IDrivers/BSP/Components/Common -IDrivers/BSP/Components/ov5640 -IDrivers/BSP/Components/mx_wifi -IDrivers/BSP/Components/mx_wifi/core -IDrivers/BSP/Components/mx_wifi/io_pattern -IDrivers/STM32U5xx_HAL_Driver/Inc -IDrivers/STM32U5xx_HAL_Driver/Inc/Legacy -IDrivers/CMSIS/Include -IDrivers/CMSIS/Device/ST/STM32U5xx/Include -O2 -Wall -Wextra -Wno-unused-parameter -fdata-sections -ffunction-sections -std=gnu11 -MMD -MP -MF"build/Drivers/STM32U5xx_HAL_Driver/Src/stm32u5xx_hal_sai.d" -o build/Drivers/STM32U5xx_HAL_Driver/Src/stm32u5xx_hal_sai.o Drivers/STM32U5xx_HAL_Driver/Src/stm32u5xx_hal_sai.c
Build & Upload Firmware	Build Firmware	2026-03-23T23:02:55.6012465Z arm-none-eabi-gcc -c -mcpu=cortex-m33 -mthumb -mfpu=fpv5-sp-d16 -mfloat-abi=hard -DSTM32U585xx -DUSE_HAL_DRIVER -ICore/Inc -IDrivers/BSP/B-U585I-IOT02A -IDrivers/BSP/Components/Common -IDrivers/BSP/Components/ov5640 -IDrivers/BSP/Components/mx_wifi -IDrivers/BSP/Components/mx_wifi/core -IDrivers/BSP/Components/mx_wifi/io_pattern -IDrivers/STM32U5xx_HAL_Driver/Inc -IDrivers/STM32U5xx_HAL_Driver/Inc/Legacy -IDrivers/CMSIS/Include -IDrivers/CMSIS/Device/ST/STM32U5xx/Include -O2 -Wall -Wextra -Wno-unused-parameter -fdata-sections -ffunction-sections -std=gnu11 -MMD -MP -MF"build/Drivers/STM32U5xx_HAL_Driver/Src/stm32u5xx_hal_sai_ex.d" -o build/Drivers/STM32U5xx_HAL_Driver/Src/stm32u5xx_hal_sai_ex.o Drivers/STM32U5xx_HAL_Driver/Src/stm32u5xx_hal_sai_ex.c
Build & Upload Firmware	Build Firmware	2026-03-23T23:02:55.6628126Z arm-none-eabi-gcc -c -mcpu=cortex-m33 -mthumb -mfpu=fpv5-sp-d16 -mfloat-abi=hard -DSTM32U585xx -DUSE_HAL_DRIVER -ICore/Inc -IDrivers/BSP/B-U585I-IOT02A -IDrivers/BSP/Components/Common -IDrivers/BSP/Components/ov5640 -IDrivers/BSP/Components/mx_wifi -IDrivers/BSP/Components/mx_wifi/core -IDrivers/BSP/Components/mx_wifi/io_pattern -IDrivers/STM32U5xx_HAL_Driver/Inc -IDrivers/STM32U5xx_HAL_Driver/Inc/Legacy -IDrivers/CMSIS/Include -IDrivers/CMSIS/Device/ST/STM32U5xx/Include -O2 -Wall -Wextra -Wno-unused-parameter -fdata-sections -ffunction-sections -std=gnu11 -MMD -MP -MF"build/Drivers/STM32U5xx_HAL_Driver/Src/stm32u5xx_hal_sd.d" -o build/Drivers/STM32U5xx_HAL_Driver/Src/stm32u5xx_hal_sd.o Drivers/STM32U5xx_HAL_Driver/Src/stm32u5xx_hal_sd.c
Build & Upload Firmware	Build Firmware	2026-03-23T23:02:55.7049496Z arm-none-eabi-gcc -c -mcpu=cortex-m33 -mthumb -mfpu=fpv5-sp-d16 -mfloat-abi=hard -DSTM32U585xx -DUSE_HAL_DRIVER -ICore/Inc -IDrivers/BSP/B-U585I-IOT02A -IDrivers/BSP/Components/Common -IDrivers/BSP/Components/ov5640 -IDrivers/BSP/Components/mx_wifi -IDrivers/BSP/Components/mx_wifi/core -IDrivers/BSP/Components/mx_wifi/io_pattern -IDrivers/STM32U5xx_HAL_Driver/Inc -IDrivers/STM32U5xx_HAL_Driver/Inc/Legacy -IDrivers/CMSIS/Include -IDrivers/CMSIS/Device/ST/STM32U5xx/Include -O2 -Wall -Wextra -Wno-unused-parameter -fdata-sections -ffunction-sections -std=gnu11 -MMD -MP -MF"build/Drivers/STM32U5xx_HAL_Driver/Src/stm32u5xx_hal_sd_ex.d" -o build/Drivers/STM32U5xx_HAL_Driver/Src/stm32u5xx_hal_sd_ex.o Drivers/STM32U5xx_HAL_Driver/Src/stm32u5xx_hal_sd_ex.c
Build & Upload Firmware	Build Firmware	2026-03-23T23:02:55.9533726Z arm-none-eabi-gcc -c -mcpu=cortex-m33 -mthumb -mfpu=fpv5-sp-d16 -mfloat-abi=hard -DSTM32U585xx -DUSE_HAL_DRIVER -ICore/Inc -IDrivers/BSP/B-U585I-IOT02A -IDrivers/BSP/Components/Common -IDrivers/BSP/Components/ov5640 -IDrivers/BSP/Components/mx_wifi -IDrivers/BSP/Components/mx_wifi/core -IDrivers/BSP/Components/mx_wifi/io_pattern -IDrivers/STM32U5xx_HAL_Driver/Inc -IDrivers/STM32U5xx_HAL_Driver/Inc/Legacy -IDrivers/CMSIS/Include -IDrivers/CMSIS/Device/ST/STM32U5xx/Include -O2 -Wall -Wextra -Wno-unused-parameter -fdata-sections -ffunction-sections -std=gnu11 -MMD -MP -MF"build/Drivers/STM32U5xx_HAL_Driver/Src/stm32u5xx_hal_sdio.d" -o build/Drivers/STM32U5xx_HAL_Driver/Src/stm32u5xx_hal_sdio.o Drivers/STM32U5xx_HAL_Driver/Src/stm32u5xx_hal_sdio.c
Build & Upload Firmware	Build Firmware	2026-03-23T23:02:55.9569508Z arm-none-eabi-gcc -c -mcpu=cortex-m33 -mthumb -mfpu=fpv5-sp-d16 -mfloat-abi=hard -DSTM32U585xx -DUSE_HAL_DRIVER -ICore/Inc -IDrivers/BSP/B-U585I-IOT02A -IDrivers/BSP/Components/Common -IDrivers/BSP/Components/ov5640 -IDrivers/BSP/Components/mx_wifi -IDrivers/BSP/Components/mx_wifi/core -IDrivers/BSP/Components/mx_wifi/io_pattern -IDrivers/STM32U5xx_HAL_Driver/Inc -IDrivers/STM32U5xx_HAL_Driver/Inc/Legacy -IDrivers/CMSIS/Include -IDrivers/CMSIS/Device/ST/STM32U5xx/Include -O2 -Wall -Wextra -Wno-unused-parameter -fdata-sections -ffunction-sections -std=gnu11 -MMD -MP -MF"build/Drivers/STM32U5xx_HAL_Driver/Src/stm32u5xx_hal_smartcard.d" -o build/Drivers/STM32U5xx_HAL_Driver/Src/stm32u5xx_hal_smartcard.o Drivers/STM32U5xx_HAL_Driver/Src/stm32u5xx_hal_smartcard.c
Build & Upload Firmware	Build Firmware	2026-03-23T23:02:55.9873238Z arm-none-eabi-gcc -c -mcpu=cortex-m33 -mthumb -mfpu=fpv5-sp-d16 -mfloat-abi=hard -DSTM32U585xx -DUSE_HAL_DRIVER -ICore/Inc -IDrivers/BSP/B-U585I-IOT02A -IDrivers/BSP/Components/Common -IDrivers/BSP/Components/ov5640 -IDrivers/BSP/Components/mx_wifi -IDrivers/BSP/Components/mx_wifi/core -IDrivers/BSP/Components/mx_wifi/io_pattern -IDrivers/STM32U5xx_HAL_Driver/Inc -IDrivers/STM32U5xx_HAL_Driver/Inc/Legacy -IDrivers/CMSIS/Include -IDrivers/CMSIS/Device/ST/STM32U5xx/Include -O2 -Wall -Wextra -Wno-unused-parameter -fdata-sections -ffunction-sections -std=gnu11 -MMD -MP -MF"build/Drivers/STM32U5xx_HAL_Driver/Src/stm32u5xx_hal_smartcard_ex.d" -o build/Drivers/STM32U5xx_HAL_Driver/Src/stm32u5xx_hal_smartcard_ex.o Drivers/STM32U5xx_HAL_Driver/Src/stm32u5xx_hal_smartcard_ex.c
Build & Upload Firmware	Build Firmware	2026-03-23T23:02:56.0562959Z arm-none-eabi-gcc -c -mcpu=cortex-m33 -mthumb -mfpu=fpv5-sp-d16 -mfloat-abi=hard -DSTM32U585xx -DUSE_HAL_DRIVER -ICore/Inc -IDrivers/BSP/B-U585I-IOT02A -IDrivers/BSP/Components/Common -IDrivers/BSP/Components/ov5640 -IDrivers/BSP/Components/mx_wifi -IDrivers/BSP/Components/mx_wifi/core -IDrivers/BSP/Components/mx_wifi/io_pattern -IDrivers/STM32U5xx_HAL_Driver/Inc -IDrivers/STM32U5xx_HAL_Driver/Inc/Legacy -IDrivers/CMSIS/Include -IDrivers/CMSIS/Device/ST/STM32U5xx/Include -O2 -Wall -Wextra -Wno-unused-parameter -fdata-sections -ffunction-sections -std=gnu11 -MMD -MP -MF"build/Drivers/STM32U5xx_HAL_Driver/Src/stm32u5xx_hal_smbus.d" -o build/Drivers/STM32U5xx_HAL_Driver/Src/stm32u5xx_hal_smbus.o Drivers/STM32U5xx_HAL_Driver/Src/stm32u5xx_hal_smbus.c
Build & Upload Firmware	Build Firmware	2026-03-23T23:02:56.0640027Z arm-none-eabi-gcc -c -mcpu=cortex-m33 -mthumb -mfpu=fpv5-sp-d16 -mfloat-abi=hard -DSTM32U585xx -DUSE_HAL_DRIVER -ICore/Inc -IDrivers/BSP/B-U585I-IOT02A -IDrivers/BSP/Components/Common -IDrivers/BSP/Components/ov5640 -IDrivers/BSP/Components/mx_wifi -IDrivers/BSP/Components/mx_wifi/core -IDrivers/BSP/Components/mx_wifi/io_pattern -IDrivers/STM32U5xx_HAL_Driver/Inc -IDrivers/STM32U5xx_HAL_Driver/Inc/Legacy -IDrivers/CMSIS/Include -IDrivers/CMSIS/Device/ST/STM32U5xx/Include -O2 -Wall -Wextra -Wno-unused-parameter -fdata-sections -ffunction-sections -std=gnu11 -MMD -MP -MF"build/Drivers/STM32U5xx_HAL_Driver/Src/stm32u5xx_hal_smbus_ex.d" -o build/Drivers/STM32U5xx_HAL_Driver/Src/stm32u5xx_hal_smbus_ex.o Drivers/STM32U5xx_HAL_Driver/Src/stm32u5xx_hal_smbus_ex.c
Build & Upload Firmware	Build Firmware	2026-03-23T23:02:56.3679476Z arm-none-eabi-gcc -c -mcpu=cortex-m33 -mthumb -mfpu=fpv5-sp-d16 -mfloat-abi=hard -DSTM32U585xx -DUSE_HAL_DRIVER -ICore/Inc -IDrivers/BSP/B-U585I-IOT02A -IDrivers/BSP/Components/Common -IDrivers/BSP/Components/ov5640 -IDrivers/BSP/Components/mx_wifi -IDrivers/BSP/Components/mx_wifi/core -IDrivers/BSP/Components/mx_wifi/io_pattern -IDrivers/STM32U5xx_HAL_Driver/Inc -IDrivers/STM32U5xx_HAL_Driver/Inc/Legacy -IDrivers/CMSIS/Include -IDrivers/CMSIS/Device/ST/STM32U5xx/Include -O2 -Wall -Wextra -Wno-unused-parameter -fdata-sections -ffunction-sections -std=gnu11 -MMD -MP -MF"build/Drivers/STM32U5xx_HAL_Driver/Src/stm32u5xx_hal_spi.d" -o build/Drivers/STM32U5xx_HAL_Driver/Src/stm32u5xx_hal_spi.o Drivers/STM32U5xx_HAL_Driver/Src/stm32u5xx_hal_spi.c
Build & Upload Firmware	Build Firmware	2026-03-23T23:02:56.3741608Z arm-none-eabi-gcc -c -mcpu=cortex-m33 -mthumb -mfpu=fpv5-sp-d16 -mfloat-abi=hard -DSTM32U585xx -DUSE_HAL_DRIVER -ICore/Inc -IDrivers/BSP/B-U585I-IOT02A -IDrivers/BSP/Components/Common -IDrivers/BSP/Components/ov5640 -IDrivers/BSP/Components/mx_wifi -IDrivers/BSP/Components/mx_wifi/core -IDrivers/BSP/Components/mx_wifi/io_pattern -IDrivers/STM32U5xx_HAL_Driver/Inc -IDrivers/STM32U5xx_HAL_Driver/Inc/Legacy -IDrivers/CMSIS/Include -IDrivers/CMSIS/Device/ST/STM32U5xx/Include -O2 -Wall -Wextra -Wno-unused-parameter -fdata-sections -ffunction-sections -std=gnu11 -MMD -MP -MF"build/Drivers/STM32U5xx_HAL_Driver/Src/stm32u5xx_hal_spi_ex.d" -o build/Drivers/STM32U5xx_HAL_Driver/Src/stm32u5xx_hal_spi_ex.o Drivers/STM32U5xx_HAL_Driver/Src/stm32u5xx_hal_spi_ex.c
Build & Upload Firmware	Build Firmware	2026-03-23T23:02:56.4402730Z arm-none-eabi-gcc -c -mcpu=cortex-m33 -mthumb -mfpu=fpv5-sp-d16 -mfloat-abi=hard -DSTM32U585xx -DUSE_HAL_DRIVER -ICore/Inc -IDrivers/BSP/B-U585I-IOT02A -IDrivers/BSP/Components/Common -IDrivers/BSP/Components/ov5640 -IDrivers/BSP/Components/mx_wifi -IDrivers/BSP/Components/mx_wifi/core -IDrivers/BSP/Components/mx_wifi/io_pattern -IDrivers/STM32U5xx_HAL_Driver/Inc -IDrivers/STM32U5xx_HAL_Driver/Inc/Legacy -IDrivers/CMSIS/Include -IDrivers/CMSIS/Device/ST/STM32U5xx/Include -O2 -Wall -Wextra -Wno-unused-parameter -fdata-sections -ffunction-sections -std=gnu11 -MMD -MP -MF"build/Drivers/STM32U5xx_HAL_Driver/Src/stm32u5xx_hal_sram.d" -o build/Drivers/STM32U5xx_HAL_Driver/Src/stm32u5xx_hal_sram.o Drivers/STM32U5xx_HAL_Driver/Src/stm32u5xx_hal_sram.c
Build & Upload Firmware	Build Firmware	2026-03-23T23:02:56.4568953Z arm-none-eabi-gcc -c -mcpu=cortex-m33 -mthumb -mfpu=fpv5-sp-d16 -mfloat-abi=hard -DSTM32U585xx -DUSE_HAL_DRIVER -ICore/Inc -IDrivers/BSP/B-U585I-IOT02A -IDrivers/BSP/Components/Common -IDrivers/BSP/Components/ov5640 -IDrivers/BSP/Components/mx_wifi -IDrivers/BSP/Components/mx_wifi/core -IDrivers/BSP/Components/mx_wifi/io_pattern -IDrivers/STM32U5xx_HAL_Driver/Inc -IDrivers/STM32U5xx_HAL_Driver/Inc/Legacy -IDrivers/CMSIS/Include -IDrivers/CMSIS/Device/ST/STM32U5xx/Include -O2 -Wall -Wextra -Wno-unused-parameter -fdata-sections -ffunction-sections -std=gnu11 -MMD -MP -MF"build/Drivers/STM32U5xx_HAL_Driver/Src/stm32u5xx_hal_tim.d" -o build/Drivers/STM32U5xx_HAL_Driver/Src/stm32u5xx_hal_tim.o Drivers/STM32U5xx_HAL_Driver/Src/stm32u5xx_hal_tim.c
Build & Upload Firmware	Build Firmware	2026-03-23T23:02:56.7337972Z arm-none-eabi-gcc -c -mcpu=cortex-m33 -mthumb -mfpu=fpv5-sp-d16 -mfloat-abi=hard -DSTM32U585xx -DUSE_HAL_DRIVER -ICore/Inc -IDrivers/BSP/B-U585I-IOT02A -IDrivers/BSP/Components/Common -IDrivers/BSP/Components/ov5640 -IDrivers/BSP/Components/mx_wifi -IDrivers/BSP/Components/mx_wifi/core -IDrivers/BSP/Components/mx_wifi/io_pattern -IDrivers/STM32U5xx_HAL_Driver/Inc -IDrivers/STM32U5xx_HAL_Driver/Inc/Legacy -IDrivers/CMSIS/Include -IDrivers/CMSIS/Device/ST/STM32U5xx/Include -O2 -Wall -Wextra -Wno-unused-parameter -fdata-sections -ffunction-sections -std=gnu11 -MMD -MP -MF"build/Drivers/STM32U5xx_HAL_Driver/Src/stm32u5xx_hal_tim_ex.d" -o build/Drivers/STM32U5xx_HAL_Driver/Src/stm32u5xx_hal_tim_ex.o Drivers/STM32U5xx_HAL_Driver/Src/stm32u5xx_hal_tim_ex.c
Build & Upload Firmware	Build Firmware	2026-03-23T23:02:56.8406192Z arm-none-eabi-gcc -c -mcpu=cortex-m33 -mthumb -mfpu=fpv5-sp-d16 -mfloat-abi=hard -DSTM32U585xx -DUSE_HAL_DRIVER -ICore/Inc -IDrivers/BSP/B-U585I-IOT02A -IDrivers/BSP/Components/Common -IDrivers/BSP/Components/ov5640 -IDrivers/BSP/Components/mx_wifi -IDrivers/BSP/Components/mx_wifi/core -IDrivers/BSP/Components/mx_wifi/io_pattern -IDrivers/STM32U5xx_HAL_Driver/Inc -IDrivers/STM32U5xx_HAL_Driver/Inc/Legacy -IDrivers/CMSIS/Include -IDrivers/CMSIS/Device/ST/STM32U5xx/Include -O2 -Wall -Wextra -Wno-unused-parameter -fdata-sections -ffunction-sections -std=gnu11 -MMD -MP -MF"build/Drivers/STM32U5xx_HAL_Driver/Src/stm32u5xx_hal_tsc.d" -o build/Drivers/STM32U5xx_HAL_Driver/Src/stm32u5xx_hal_tsc.o Drivers/STM32U5xx_HAL_Driver/Src/stm32u5xx_hal_tsc.c
Build & Upload Firmware	Build Firmware	2026-03-23T23:02:56.9004126Z arm-none-eabi-gcc -c -mcpu=cortex-m33 -mthumb -mfpu=fpv5-sp-d16 -mfloat-abi=hard -DSTM32U585xx -DUSE_HAL_DRIVER -ICore/Inc -IDrivers/BSP/B-U585I-IOT02A -IDrivers/BSP/Components/Common -IDrivers/BSP/Components/ov5640 -IDrivers/BSP/Components/mx_wifi -IDrivers/BSP/Components/mx_wifi/core -IDrivers/BSP/Components/mx_wifi/io_pattern -IDrivers/STM32U5xx_HAL_Driver/Inc -IDrivers/STM32U5xx_HAL_Driver/Inc/Legacy -IDrivers/CMSIS/Include -IDrivers/CMSIS/Device/ST/STM32U5xx/Include -O2 -Wall -Wextra -Wno-unused-parameter -fdata-sections -ffunction-sections -std=gnu11 -MMD -MP -MF"build/Drivers/STM32U5xx_HAL_Driver/Src/stm32u5xx_hal_uart.d" -o build/Drivers/STM32U5xx_HAL_Driver/Src/stm32u5xx_hal_uart.o Drivers/STM32U5xx_HAL_Driver/Src/stm32u5xx_hal_uart.c
Build & Upload Firmware	Build Firmware	2026-03-23T23:02:56.9792203Z arm-none-eabi-gcc -c -mcpu=cortex-m33 -mthumb -mfpu=fpv5-sp-d16 -mfloat-abi=hard -DSTM32U585xx -DUSE_HAL_DRIVER -ICore/Inc -IDrivers/BSP/B-U585I-IOT02A -IDrivers/BSP/Components/Common -IDrivers/BSP/Components/ov5640 -IDrivers/BSP/Components/mx_wifi -IDrivers/BSP/Components/mx_wifi/core -IDrivers/BSP/Components/mx_wifi/io_pattern -IDrivers/STM32U5xx_HAL_Driver/Inc -IDrivers/STM32U5xx_HAL_Driver/Inc/Legacy -IDrivers/CMSIS/Include -IDrivers/CMSIS/Device/ST/STM32U5xx/Include -O2 -Wall -Wextra -Wno-unused-parameter -fdata-sections -ffunction-sections -std=gnu11 -MMD -MP -MF"build/Drivers/STM32U5xx_HAL_Driver/Src/stm32u5xx_hal_uart_ex.d" -o build/Drivers/STM32U5xx_HAL_Driver/Src/stm32u5xx_hal_uart_ex.o Drivers/STM32U5xx_HAL_Driver/Src/stm32u5xx_hal_uart_ex.c
Build & Upload Firmware	Build Firmware	2026-03-23T23:02:57.0094791Z arm-none-eabi-gcc -c -mcpu=cortex-m33 -mthumb -mfpu=fpv5-sp-d16 -mfloat-abi=hard -DSTM32U585xx -DUSE_HAL_DRIVER -ICore/Inc -IDrivers/BSP/B-U585I-IOT02A -IDrivers/BSP/Components/Common -IDrivers/BSP/Components/ov5640 -IDrivers/BSP/Components/mx_wifi -IDrivers/BSP/Components/mx_wifi/core -IDrivers/BSP/Components/mx_wifi/io_pattern -IDrivers/STM32U5xx_HAL_Driver/Inc -IDrivers/STM32U5xx_HAL_Driver/Inc/Legacy -IDrivers/CMSIS/Include -IDrivers/CMSIS/Device/ST/STM32U5xx/Include -O2 -Wall -Wextra -Wno-unused-parameter -fdata-sections -ffunction-sections -std=gnu11 -MMD -MP -MF"build/Drivers/STM32U5xx_HAL_Driver/Src/stm32u5xx_hal_usart.d" -o build/Drivers/STM32U5xx_HAL_Driver/Src/stm32u5xx_hal_usart.o Drivers/STM32U5xx_HAL_Driver/Src/stm32u5xx_hal_usart.c
Build & Upload Firmware	Build Firmware	2026-03-23T23:02:57.2204682Z arm-none-eabi-gcc -c -mcpu=cortex-m33 -mthumb -mfpu=fpv5-sp-d16 -mfloat-abi=hard -DSTM32U585xx -DUSE_HAL_DRIVER -ICore/Inc -IDrivers/BSP/B-U585I-IOT02A -IDrivers/BSP/Components/Common -IDrivers/BSP/Components/ov5640 -IDrivers/BSP/Components/mx_wifi -IDrivers/BSP/Components/mx_wifi/core -IDrivers/BSP/Components/mx_wifi/io_pattern -IDrivers/STM32U5xx_HAL_Driver/Inc -IDrivers/STM32U5xx_HAL_Driver/Inc/Legacy -IDrivers/CMSIS/Include -IDrivers/CMSIS/Device/ST/STM32U5xx/Include -O2 -Wall -Wextra -Wno-unused-parameter -fdata-sections -ffunction-sections -std=gnu11 -MMD -MP -MF"build/Drivers/STM32U5xx_HAL_Driver/Src/stm32u5xx_hal_usart_ex.d" -o build/Drivers/STM32U5xx_HAL_Driver/Src/stm32u5xx_hal_usart_ex.o Drivers/STM32U5xx_HAL_Driver/Src/stm32u5xx_hal_usart_ex.c
Build & Upload Firmware	Build Firmware	2026-03-23T23:02:57.4000432Z arm-none-eabi-gcc -c -mcpu=cortex-m33 -mthumb -mfpu=fpv5-sp-d16 -mfloat-abi=hard -DSTM32U585xx -DUSE_HAL_DRIVER -ICore/Inc -IDrivers/BSP/B-U585I-IOT02A -IDrivers/BSP/Components/Common -IDrivers/BSP/Components/ov5640 -IDrivers/BSP/Components/mx_wifi -IDrivers/BSP/Components/mx_wifi/core -IDrivers/BSP/Components/mx_wifi/io_pattern -IDrivers/STM32U5xx_HAL_Driver/Inc -IDrivers/STM32U5xx_HAL_Driver/Inc/Legacy -IDrivers/CMSIS/Include -IDrivers/CMSIS/Device/ST/STM32U5xx/Include -O2 -Wall -Wextra -Wno-unused-parameter -fdata-sections -ffunction-sections -std=gnu11 -MMD -MP -MF"build/Drivers/STM32U5xx_HAL_Driver/Src/stm32u5xx_hal_wwdg.d" -o build/Drivers/STM32U5xx_HAL_Driver/Src/stm32u5xx_hal_wwdg.o Drivers/STM32U5xx_HAL_Driver/Src/stm32u5xx_hal_wwdg.c
Build & Upload Firmware	Build Firmware	2026-03-23T23:02:57.4508747Z arm-none-eabi-gcc -c -mcpu=cortex-m33 -mthumb -mfpu=fpv5-sp-d16 -mfloat-abi=hard -DSTM32U585xx -DUSE_HAL_DRIVER -ICore/Inc -IDrivers/BSP/B-U585I-IOT02A -IDrivers/BSP/Components/Common -IDrivers/BSP/Components/ov5640 -IDrivers/BSP/Components/mx_wifi -IDrivers/BSP/Components/mx_wifi/core -IDrivers/BSP/Components/mx_wifi/io_pattern -IDrivers/STM32U5xx_HAL_Driver/Inc -IDrivers/STM32U5xx_HAL_Driver/Inc/Legacy -IDrivers/CMSIS/Include -IDrivers/CMSIS/Device/ST/STM32U5xx/Include -O2 -Wall -Wextra -Wno-unused-parameter -fdata-sections -ffunction-sections -std=gnu11 -MMD -MP -MF"build/Drivers/STM32U5xx_HAL_Driver/Src/stm32u5xx_hal_xspi.d" -o build/Drivers/STM32U5xx_HAL_Driver/Src/stm32u5xx_hal_xspi.o Drivers/STM32U5xx_HAL_Driver/Src/stm32u5xx_hal_xspi.c
Build & Upload Firmware	Build Firmware	2026-03-23T23:02:57.6633529Z arm-none-eabi-gcc -c -mcpu=cortex-m33 -mthumb -mfpu=fpv5-sp-d16 -mfloat-abi=hard -DSTM32U585xx -DUSE_HAL_DRIVER -ICore/Inc -IDrivers/BSP/B-U585I-IOT02A -IDrivers/BSP/Components/Common -IDrivers/BSP/Components/ov5640 -IDrivers/BSP/Components/mx_wifi -IDrivers/BSP/Components/mx_wifi/core -IDrivers/BSP/Components/mx_wifi/io_pattern -IDrivers/STM32U5xx_HAL_Driver/Inc -IDrivers/STM32U5xx_HAL_Driver/Inc/Legacy -IDrivers/CMSIS/Include -IDrivers/CMSIS/Device/ST/STM32U5xx/Include -O2 -Wall -Wextra -Wno-unused-parameter -fdata-sections -ffunction-sections -std=gnu11 -MMD -MP -MF"build/Drivers/STM32U5xx_HAL_Driver/Src/stm32u5xx_ll_adc.d" -o build/Drivers/STM32U5xx_HAL_Driver/Src/stm32u5xx_ll_adc.o Drivers/STM32U5xx_HAL_Driver/Src/stm32u5xx_ll_adc.c
Build & Upload Firmware	Build Firmware	2026-03-23T23:02:57.6881902Z arm-none-eabi-gcc -c -mcpu=cortex-m33 -mthumb -mfpu=fpv5-sp-d16 -mfloat-abi=hard -DSTM32U585xx -DUSE_HAL_DRIVER -ICore/Inc -IDrivers/BSP/B-U585I-IOT02A -IDrivers/BSP/Components/Common -IDrivers/BSP/Components/ov5640 -IDrivers/BSP/Components/mx_wifi -IDrivers/BSP/Components/mx_wifi/core -IDrivers/BSP/Components/mx_wifi/io_pattern -IDrivers/STM32U5xx_HAL_Driver/Inc -IDrivers/STM32U5xx_HAL_Driver/Inc/Legacy -IDrivers/CMSIS/Include -IDrivers/CMSIS/Device/ST/STM32U5xx/Include -O2 -Wall -Wextra -Wno-unused-parameter -fdata-sections -ffunction-sections -std=gnu11 -MMD -MP -MF"build/Drivers/STM32U5xx_HAL_Driver/Src/stm32u5xx_ll_comp.d" -o build/Drivers/STM32U5xx_HAL_Driver/Src/stm32u5xx_ll_comp.o Drivers/STM32U5xx_HAL_Driver/Src/stm32u5xx_ll_comp.c
Build & Upload Firmware	Build Firmware	2026-03-23T23:02:57.7019598Z arm-none-eabi-gcc -c -mcpu=cortex-m33 -mthumb -mfpu=fpv5-sp-d16 -mfloat-abi=hard -DSTM32U585xx -DUSE_HAL_DRIVER -ICore/Inc -IDrivers/BSP/B-U585I-IOT02A -IDrivers/BSP/Components/Common -IDrivers/BSP/Components/ov5640 -IDrivers/BSP/Components/mx_wifi -IDrivers/BSP/Components/mx_wifi/core -IDrivers/BSP/Components/mx_wifi/io_pattern -IDrivers/STM32U5xx_HAL_Driver/Inc -IDrivers/STM32U5xx_HAL_Driver/Inc/Legacy -IDrivers/CMSIS/Include -IDrivers/CMSIS/Device/ST/STM32U5xx/Include -O2 -Wall -Wextra -Wno-unused-parameter -fdata-sections -ffunction-sections -std=gnu11 -MMD -MP -MF"build/Drivers/STM32U5xx_HAL_Driver/Src/stm32u5xx_ll_cordic.d" -o build/Drivers/STM32U5xx_HAL_Driver/Src/stm32u5xx_ll_cordic.o Drivers/STM32U5xx_HAL_Driver/Src/stm32u5xx_ll_cordic.c
Build & Upload Firmware	Build Firmware	2026-03-23T23:02:57.7171865Z arm-none-eabi-gcc -c -mcpu=cortex-m33 -mthumb -mfpu=fpv5-sp-d16 -mfloat-abi=hard -DSTM32U585xx -DUSE_HAL_DRIVER -ICore/Inc -IDrivers/BSP/B-U585I-IOT02A -IDrivers/BSP/Components/Common -IDrivers/BSP/Components/ov5640 -IDrivers/BSP/Components/mx_wifi -IDrivers/BSP/Components/mx_wifi/core -IDrivers/BSP/Components/mx_wifi/io_pattern -IDrivers/STM32U5xx_HAL_Driver/Inc -IDrivers/STM32U5xx_HAL_Driver/Inc/Legacy -IDrivers/CMSIS/Include -IDrivers/CMSIS/Device/ST/STM32U5xx/Include -O2 -Wall -Wextra -Wno-unused-parameter -fdata-sections -ffunction-sections -std=gnu11 -MMD -MP -MF"build/Drivers/STM32U5xx_HAL_Driver/Src/stm32u5xx_ll_crc.d" -o build/Drivers/STM32U5xx_HAL_Driver/Src/stm32u5xx_ll_crc.o Drivers/STM32U5xx_HAL_Driver/Src/stm32u5xx_ll_crc.c
Build & Upload Firmware	Build Firmware	2026-03-23T23:02:57.7184291Z arm-none-eabi-gcc -c -mcpu=cortex-m33 -mthumb -mfpu=fpv5-sp-d16 -mfloat-abi=hard -DSTM32U585xx -DUSE_HAL_DRIVER -ICore/Inc -IDrivers/BSP/B-U585I-IOT02A -IDrivers/BSP/Components/Common -IDrivers/BSP/Components/ov5640 -IDrivers/BSP/Components/mx_wifi -IDrivers/BSP/Components/mx_wifi/core -IDrivers/BSP/Components/mx_wifi/io_pattern -IDrivers/STM32U5xx_HAL_Driver/Inc -IDrivers/STM32U5xx_HAL_Driver/Inc/Legacy -IDrivers/CMSIS/Include -IDrivers/CMSIS/Device/ST/STM32U5xx/Include -O2 -Wall -Wextra -Wno-unused-parameter -fdata-sections -ffunction-sections -std=gnu11 -MMD -MP -MF"build/Drivers/STM32U5xx_HAL_Driver/Src/stm32u5xx_ll_crs.d" -o build/Drivers/STM32U5xx_HAL_Driver/Src/stm32u5xx_ll_crs.o Drivers/STM32U5xx_HAL_Driver/Src/stm32u5xx_ll_crs.c
Build & Upload Firmware	Build Firmware	2026-03-23T23:02:57.7221308Z arm-none-eabi-gcc -c -mcpu=cortex-m33 -mthumb -mfpu=fpv5-sp-d16 -mfloat-abi=hard -DSTM32U585xx -DUSE_HAL_DRIVER -ICore/Inc -IDrivers/BSP/B-U585I-IOT02A -IDrivers/BSP/Components/Common -IDrivers/BSP/Components/ov5640 -IDrivers/BSP/Components/mx_wifi -IDrivers/BSP/Components/mx_wifi/core -IDrivers/BSP/Components/mx_wifi/io_pattern -IDrivers/STM32U5xx_HAL_Driver/Inc -IDrivers/STM32U5xx_HAL_Driver/Inc/Legacy -IDrivers/CMSIS/Include -IDrivers/CMSIS/Device/ST/STM32U5xx/Include -O2 -Wall -Wextra -Wno-unused-parameter -fdata-sections -ffunction-sections -std=gnu11 -MMD -MP -MF"build/Drivers/STM32U5xx_HAL_Driver/Src/stm32u5xx_ll_dac.d" -o build/Drivers/STM32U5xx_HAL_Driver/Src/stm32u5xx_ll_dac.o Drivers/STM32U5xx_HAL_Driver/Src/stm32u5xx_ll_dac.c
Build & Upload Firmware	Build Firmware	2026-03-23T23:02:57.7390611Z arm-none-eabi-gcc -c -mcpu=cortex-m33 -mthumb -mfpu=fpv5-sp-d16 -mfloat-abi=hard -DSTM32U585xx -DUSE_HAL_DRIVER -ICore/Inc -IDrivers/BSP/B-U585I-IOT02A -IDrivers/BSP/Components/Common -IDrivers/BSP/Components/ov5640 -IDrivers/BSP/Components/mx_wifi -IDrivers/BSP/Components/mx_wifi/core -IDrivers/BSP/Components/mx_wifi/io_pattern -IDrivers/STM32U5xx_HAL_Driver/Inc -IDrivers/STM32U5xx_HAL_Driver/Inc/Legacy -IDrivers/CMSIS/Include -IDrivers/CMSIS/Device/ST/STM32U5xx/Include -O2 -Wall -Wextra -Wno-unused-parameter -fdata-sections -ffunction-sections -std=gnu11 -MMD -MP -MF"build/Drivers/STM32U5xx_HAL_Driver/Src/stm32u5xx_ll_dlyb.d" -o build/Drivers/STM32U5xx_HAL_Driver/Src/stm32u5xx_ll_dlyb.o Drivers/STM32U5xx_HAL_Driver/Src/stm32u5xx_ll_dlyb.c
Build & Upload Firmware	Build Firmware	2026-03-23T23:02:57.7425670Z arm-none-eabi-gcc -c -mcpu=cortex-m33 -mthumb -mfpu=fpv5-sp-d16 -mfloat-abi=hard -DSTM32U585xx -DUSE_HAL_DRIVER -ICore/Inc -IDrivers/BSP/B-U585I-IOT02A -IDrivers/BSP/Components/Common -IDrivers/BSP/Components/ov5640 -IDrivers/BSP/Components/mx_wifi -IDrivers/BSP/Components/mx_wifi/core -IDrivers/BSP/Components/mx_wifi/io_pattern -IDrivers/STM32U5xx_HAL_Driver/Inc -IDrivers/STM32U5xx_HAL_Driver/Inc/Legacy -IDrivers/CMSIS/Include -IDrivers/CMSIS/Device/ST/STM32U5xx/Include -O2 -Wall -Wextra -Wno-unused-parameter -fdata-sections -ffunction-sections -std=gnu11 -MMD -MP -MF"build/Drivers/STM32U5xx_HAL_Driver/Src/stm32u5xx_ll_dma.d" -o build/Drivers/STM32U5xx_HAL_Driver/Src/stm32u5xx_ll_dma.o Drivers/STM32U5xx_HAL_Driver/Src/stm32u5xx_ll_dma.c
Build & Upload Firmware	Build Firmware	2026-03-23T23:02:57.7576965Z arm-none-eabi-gcc -c -mcpu=cortex-m33 -mthumb -mfpu=fpv5-sp-d16 -mfloat-abi=hard -DSTM32U585xx -DUSE_HAL_DRIVER -ICore/Inc -IDrivers/BSP/B-U585I-IOT02A -IDrivers/BSP/Components/Common -IDrivers/BSP/Components/ov5640 -IDrivers/BSP/Components/mx_wifi -IDrivers/BSP/Components/mx_wifi/core -IDrivers/BSP/Components/mx_wifi/io_pattern -IDrivers/STM32U5xx_HAL_Driver/Inc -IDrivers/STM32U5xx_HAL_Driver/Inc/Legacy -IDrivers/CMSIS/Include -IDrivers/CMSIS/Device/ST/STM32U5xx/Include -O2 -Wall -Wextra -Wno-unused-parameter -fdata-sections -ffunction-sections -std=gnu11 -MMD -MP -MF"build/Drivers/STM32U5xx_HAL_Driver/Src/stm32u5xx_ll_dma2d.d" -o build/Drivers/STM32U5xx_HAL_Driver/Src/stm32u5xx_ll_dma2d.o Drivers/STM32U5xx_HAL_Driver/Src/stm32u5xx_ll_dma2d.c
Build & Upload Firmware	Build Firmware	2026-03-23T23:02:57.7647429Z arm-none-eabi-gcc -c -mcpu=cortex-m33 -mthumb -mfpu=fpv5-sp-d16 -mfloat-abi=hard -DSTM32U585xx -DUSE_HAL_DRIVER -ICore/Inc -IDrivers/BSP/B-U585I-IOT02A -IDrivers/BSP/Components/Common -IDrivers/BSP/Components/ov5640 -IDrivers/BSP/Components/mx_wifi -IDrivers/BSP/Components/mx_wifi/core -IDrivers/BSP/Components/mx_wifi/io_pattern -IDrivers/STM32U5xx_HAL_Driver/Inc -IDrivers/STM32U5xx_HAL_Driver/Inc/Legacy -IDrivers/CMSIS/Include -IDrivers/CMSIS/Device/ST/STM32U5xx/Include -O2 -Wall -Wextra -Wno-unused-parameter -fdata-sections -ffunction-sections -std=gnu11 -MMD -MP -MF"build/Drivers/STM32U5xx_HAL_Driver/Src/stm32u5xx_ll_exti.d" -o build/Drivers/STM32U5xx_HAL_Driver/Src/stm32u5xx_ll_exti.o Drivers/STM32U5xx_HAL_Driver/Src/stm32u5xx_ll_exti.c
Build & Upload Firmware	Build Firmware	2026-03-23T23:02:57.7860721Z arm-none-eabi-gcc -c -mcpu=cortex-m33 -mthumb -mfpu=fpv5-sp-d16 -mfloat-abi=hard -DSTM32U585xx -DUSE_HAL_DRIVER -ICore/Inc -IDrivers/BSP/B-U585I-IOT02A -IDrivers/BSP/Components/Common -IDrivers/BSP/Components/ov5640 -IDrivers/BSP/Components/mx_wifi -IDrivers/BSP/Components/mx_wifi/core -IDrivers/BSP/Components/mx_wifi/io_pattern -IDrivers/STM32U5xx_HAL_Driver/Inc -IDrivers/STM32U5xx_HAL_Driver/Inc/Legacy -IDrivers/CMSIS/Include -IDrivers/CMSIS/Device/ST/STM32U5xx/Include -O2 -Wall -Wextra -Wno-unused-parameter -fdata-sections -ffunction-sections -std=gnu11 -MMD -MP -MF"build/Drivers/STM32U5xx_HAL_Driver/Src/stm32u5xx_ll_fmac.d" -o build/Drivers/STM32U5xx_HAL_Driver/Src/stm32u5xx_ll_fmac.o Drivers/STM32U5xx_HAL_Driver/Src/stm32u5xx_ll_fmac.c
Build & Upload Firmware	Build Firmware	2026-03-23T23:02:57.7984317Z arm-none-eabi-gcc -c -mcpu=cortex-m33 -mthumb -mfpu=fpv5-sp-d16 -mfloat-abi=hard -DSTM32U585xx -DUSE_HAL_DRIVER -ICore/Inc -IDrivers/BSP/B-U585I-IOT02A -IDrivers/BSP/Components/Common -IDrivers/BSP/Components/ov5640 -IDrivers/BSP/Components/mx_wifi -IDrivers/BSP/Components/mx_wifi/core -IDrivers/BSP/Components/mx_wifi/io_pattern -IDrivers/STM32U5xx_HAL_Driver/Inc -IDrivers/STM32U5xx_HAL_Driver/Inc/Legacy -IDrivers/CMSIS/Include -IDrivers/CMSIS/Device/ST/STM32U5xx/Include -O2 -Wall -Wextra -Wno-unused-parameter -fdata-sections -ffunction-sections -std=gnu11 -MMD -MP -MF"build/Drivers/STM32U5xx_HAL_Driver/Src/stm32u5xx_ll_fmc.d" -o build/Drivers/STM32U5xx_HAL_Driver/Src/stm32u5xx_ll_fmc.o Drivers/STM32U5xx_HAL_Driver/Src/stm32u5xx_ll_fmc.c
Build & Upload Firmware	Build Firmware	2026-03-23T23:02:57.8031586Z arm-none-eabi-gcc -c -mcpu=cortex-m33 -mthumb -mfpu=fpv5-sp-d16 -mfloat-abi=hard -DSTM32U585xx -DUSE_HAL_DRIVER -ICore/Inc -IDrivers/BSP/B-U585I-IOT02A -IDrivers/BSP/Components/Common -IDrivers/BSP/Components/ov5640 -IDrivers/BSP/Components/mx_wifi -IDrivers/BSP/Components/mx_wifi/core -IDrivers/BSP/Components/mx_wifi/io_pattern -IDrivers/STM32U5xx_HAL_Driver/Inc -IDrivers/STM32U5xx_HAL_Driver/Inc/Legacy -IDrivers/CMSIS/Include -IDrivers/CMSIS/Device/ST/STM32U5xx/Include -O2 -Wall -Wextra -Wno-unused-parameter -fdata-sections -ffunction-sections -std=gnu11 -MMD -MP -MF"build/Drivers/STM32U5xx_HAL_Driver/Src/stm32u5xx_ll_gpio.d" -o build/Drivers/STM32U5xx_HAL_Driver/Src/stm32u5xx_ll_gpio.o Drivers/STM32U5xx_HAL_Driver/Src/stm32u5xx_ll_gpio.c
Build & Upload Firmware	Build Firmware	2026-03-23T23:02:57.8189045Z arm-none-eabi-gcc -c -mcpu=cortex-m33 -mthumb -mfpu=fpv5-sp-d16 -mfloat-abi=hard -DSTM32U585xx -DUSE_HAL_DRIVER -ICore/Inc -IDrivers/BSP/B-U585I-IOT02A -IDrivers/BSP/Components/Common -IDrivers/BSP/Components/ov5640 -IDrivers/BSP/Components/mx_wifi -IDrivers/BSP/Components/mx_wifi/core -IDrivers/BSP/Components/mx_wifi/io_pattern -IDrivers/STM32U5xx_HAL_Driver/Inc -IDrivers/STM32U5xx_HAL_Driver/Inc/Legacy -IDrivers/CMSIS/Include -IDrivers/CMSIS/Device/ST/STM32U5xx/Include -O2 -Wall -Wextra -Wno-unused-parameter -fdata-sections -ffunction-sections -std=gnu11 -MMD -MP -MF"build/Drivers/STM32U5xx_HAL_Driver/Src/stm32u5xx_ll_i2c.d" -o build/Drivers/STM32U5xx_HAL_Driver/Src/stm32u5xx_ll_i2c.o Drivers/STM32U5xx_HAL_Driver/Src/stm32u5xx_ll_i2c.c
Build & Upload Firmware	Build Firmware	2026-03-23T23:02:57.8513547Z arm-none-eabi-gcc -c -mcpu=cortex-m33 -mthumb -mfpu=fpv5-sp-d16 -mfloat-abi=hard -DSTM32U585xx -DUSE_HAL_DRIVER -ICore/Inc -IDrivers/BSP/B-U585I-IOT02A -IDrivers/BSP/Components/Common -IDrivers/BSP/Components/ov5640 -IDrivers/BSP/Components/mx_wifi -IDrivers/BSP/Components/mx_wifi/core -IDrivers/BSP/Components/mx_wifi/io_pattern -IDrivers/STM32U5xx_HAL_Driver/Inc -IDrivers/STM32U5xx_HAL_Driver/Inc/Legacy -IDrivers/CMSIS/Include -IDrivers/CMSIS/Device/ST/STM32U5xx/Include -O2 -Wall -Wextra -Wno-unused-parameter -fdata-sections -ffunction-sections -std=gnu11 -MMD -MP -MF"build/Drivers/STM32U5xx_HAL_Driver/Src/stm32u5xx_ll_icache.d" -o build/Drivers/STM32U5xx_HAL_Driver/Src/stm32u5xx_ll_icache.o Drivers/STM32U5xx_HAL_Driver/Src/stm32u5xx_ll_icache.c
Build & Upload Firmware	Build Firmware	2026-03-23T23:02:57.8571772Z arm-none-eabi-gcc -c -mcpu=cortex-m33 -mthumb -mfpu=fpv5-sp-d16 -mfloat-abi=hard -DSTM32U585xx -DUSE_HAL_DRIVER -ICore/Inc -IDrivers/BSP/B-U585I-IOT02A -IDrivers/BSP/Components/Common -IDrivers/BSP/Components/ov5640 -IDrivers/BSP/Components/mx_wifi -IDrivers/BSP/Components/mx_wifi/core -IDrivers/BSP/Components/mx_wifi/io_pattern -IDrivers/STM32U5xx_HAL_Driver/Inc -IDrivers/STM32U5xx_HAL_Driver/Inc/Legacy -IDrivers/CMSIS/Include -IDrivers/CMSIS/Device/ST/STM32U5xx/Include -O2 -Wall -Wextra -Wno-unused-parameter -fdata-sections -ffunction-sections -std=gnu11 -MMD -MP -MF"build/Drivers/STM32U5xx_HAL_Driver/Src/stm32u5xx_ll_lpgpio.d" -o build/Drivers/STM32U5xx_HAL_Driver/Src/stm32u5xx_ll_lpgpio.o Drivers/STM32U5xx_HAL_Driver/Src/stm32u5xx_ll_lpgpio.c
Build & Upload Firmware	Build Firmware	2026-03-23T23:02:57.8949537Z arm-none-eabi-gcc -c -mcpu=cortex-m33 -mthumb -mfpu=fpv5-sp-d16 -mfloat-abi=hard -DSTM32U585xx -DUSE_HAL_DRIVER -ICore/Inc -IDrivers/BSP/B-U585I-IOT02A -IDrivers/BSP/Components/Common -IDrivers/BSP/Components/ov5640 -IDrivers/BSP/Components/mx_wifi -IDrivers/BSP/Components/mx_wifi/core -IDrivers/BSP/Components/mx_wifi/io_pattern -IDrivers/STM32U5xx_HAL_Driver/Inc -IDrivers/STM32U5xx_HAL_Driver/Inc/Legacy -IDrivers/CMSIS/Include -IDrivers/CMSIS/Device/ST/STM32U5xx/Include -O2 -Wall -Wextra -Wno-unused-parameter -fdata-sections -ffunction-sections -std=gnu11 -MMD -MP -MF"build/Drivers/STM32U5xx_HAL_Driver/Src/stm32u5xx_ll_lptim.d" -o build/Drivers/STM32U5xx_HAL_Driver/Src/stm32u5xx_ll_lptim.o Drivers/STM32U5xx_HAL_Driver/Src/stm32u5xx_ll_lptim.c
Build & Upload Firmware	Build Firmware	2026-03-23T23:02:57.9031372Z arm-none-eabi-gcc -c -mcpu=cortex-m33 -mthumb -mfpu=fpv5-sp-d16 -mfloat-abi=hard -DSTM32U585xx -DUSE_HAL_DRIVER -ICore/Inc -IDrivers/BSP/B-U585I-IOT02A -IDrivers/BSP/Components/Common -IDrivers/BSP/Components/ov5640 -IDrivers/BSP/Components/mx_wifi -IDrivers/BSP/Components/mx_wifi/core -IDrivers/BSP/Components/mx_wifi/io_pattern -IDrivers/STM32U5xx_HAL_Driver/Inc -IDrivers/STM32U5xx_HAL_Driver/Inc/Legacy -IDrivers/CMSIS/Include -IDrivers/CMSIS/Device/ST/STM32U5xx/Include -O2 -Wall -Wextra -Wno-unused-parameter -fdata-sections -ffunction-sections -std=gnu11 -MMD -MP -MF"build/Drivers/STM32U5xx_HAL_Driver/Src/stm32u5xx_ll_lpuart.d" -o build/Drivers/STM32U5xx_HAL_Driver/Src/stm32u5xx_ll_lpuart.o Drivers/STM32U5xx_HAL_Driver/Src/stm32u5xx_ll_lpuart.c
Build & Upload Firmware	Build Firmware	2026-03-23T23:02:57.9417733Z arm-none-eabi-gcc -c -mcpu=cortex-m33 -mthumb -mfpu=fpv5-sp-d16 -mfloat-abi=hard -DSTM32U585xx -DUSE_HAL_DRIVER -ICore/Inc -IDrivers/BSP/B-U585I-IOT02A -IDrivers/BSP/Components/Common -IDrivers/BSP/Components/ov5640 -IDrivers/BSP/Components/mx_wifi -IDrivers/BSP/Components/mx_wifi/core -IDrivers/BSP/Components/mx_wifi/io_pattern -IDrivers/STM32U5xx_HAL_Driver/Inc -IDrivers/STM32U5xx_HAL_Driver/Inc/Legacy -IDrivers/CMSIS/Include -IDrivers/CMSIS/Device/ST/STM32U5xx/Include -O2 -Wall -Wextra -Wno-unused-parameter -fdata-sections -ffunction-sections -std=gnu11 -MMD -MP -MF"build/Drivers/STM32U5xx_HAL_Driver/Src/stm32u5xx_ll_opamp.d" -o build/Drivers/STM32U5xx_HAL_Driver/Src/stm32u5xx_ll_opamp.o Drivers/STM32U5xx_HAL_Driver/Src/stm32u5xx_ll_opamp.c
Build & Upload Firmware	Build Firmware	2026-03-23T23:02:57.9452919Z arm-none-eabi-gcc -c -mcpu=cortex-m33 -mthumb -mfpu=fpv5-sp-d16 -mfloat-abi=hard -DSTM32U585xx -DUSE_HAL_DRIVER -ICore/Inc -IDrivers/BSP/B-U585I-IOT02A -IDrivers/BSP/Components/Common -IDrivers/BSP/Components/ov5640 -IDrivers/BSP/Components/mx_wifi -IDrivers/BSP/Components/mx_wifi/core -IDrivers/BSP/Components/mx_wifi/io_pattern -IDrivers/STM32U5xx_HAL_Driver/Inc -IDrivers/STM32U5xx_HAL_Driver/Inc/Legacy -IDrivers/CMSIS/Include -IDrivers/CMSIS/Device/ST/STM32U5xx/Include -O2 -Wall -Wextra -Wno-unused-parameter -fdata-sections -ffunction-sections -std=gnu11 -MMD -MP -MF"build/Drivers/STM32U5xx_HAL_Driver/Src/stm32u5xx_ll_pka.d" -o build/Drivers/STM32U5xx_HAL_Driver/Src/stm32u5xx_ll_pka.o Drivers/STM32U5xx_HAL_Driver/Src/stm32u5xx_ll_pka.c
Build & Upload Firmware	Build Firmware	2026-03-23T23:02:57.9825354Z arm-none-eabi-gcc -c -mcpu=cortex-m33 -mthumb -mfpu=fpv5-sp-d16 -mfloat-abi=hard -DSTM32U585xx -DUSE_HAL_DRIVER -ICore/Inc -IDrivers/BSP/B-U585I-IOT02A -IDrivers/BSP/Components/Common -IDrivers/BSP/Components/ov5640 -IDrivers/BSP/Components/mx_wifi -IDrivers/BSP/Components/mx_wifi/core -IDrivers/BSP/Components/mx_wifi/io_pattern -IDrivers/STM32U5xx_HAL_Driver/Inc -IDrivers/STM32U5xx_HAL_Driver/Inc/Legacy -IDrivers/CMSIS/Include -IDrivers/CMSIS/Device/ST/STM32U5xx/Include -O2 -Wall -Wextra -Wno-unused-parameter -fdata-sections -ffunction-sections -std=gnu11 -MMD -MP -MF"build/Drivers/STM32U5xx_HAL_Driver/Src/stm32u5xx_ll_rcc.d" -o build/Drivers/STM32U5xx_HAL_Driver/Src/stm32u5xx_ll_rcc.o Drivers/STM32U5xx_HAL_Driver/Src/stm32u5xx_ll_rcc.c
Build & Upload Firmware	Build Firmware	2026-03-23T23:02:57.9877511Z arm-none-eabi-gcc -c -mcpu=cortex-m33 -mthumb -mfpu=fpv5-sp-d16 -mfloat-abi=hard -DSTM32U585xx -DUSE_HAL_DRIVER -ICore/Inc -IDrivers/BSP/B-U585I-IOT02A -IDrivers/BSP/Components/Common -IDrivers/BSP/Components/ov5640 -IDrivers/BSP/Components/mx_wifi -IDrivers/BSP/Components/mx_wifi/core -IDrivers/BSP/Components/mx_wifi/io_pattern -IDrivers/STM32U5xx_HAL_Driver/Inc -IDrivers/STM32U5xx_HAL_Driver/Inc/Legacy -IDrivers/CMSIS/Include -IDrivers/CMSIS/Device/ST/STM32U5xx/Include -O2 -Wall -Wextra -Wno-unused-parameter -fdata-sections -ffunction-sections -std=gnu11 -MMD -MP -MF"build/Drivers/STM32U5xx_HAL_Driver/Src/stm32u5xx_ll_pwr.d" -o build/Drivers/STM32U5xx_HAL_Driver/Src/stm32u5xx_ll_pwr.o Drivers/STM32U5xx_HAL_Driver/Src/stm32u5xx_ll_pwr.c
Build & Upload Firmware	Build Firmware	2026-03-23T23:02:57.9931926Z arm-none-eabi-gcc -c -mcpu=cortex-m33 -mthumb -mfpu=fpv5-sp-d16 -mfloat-abi=hard -DSTM32U585xx -DUSE_HAL_DRIVER -ICore/Inc -IDrivers/BSP/B-U585I-IOT02A -IDrivers/BSP/Components/Common -IDrivers/BSP/Components/ov5640 -IDrivers/BSP/Components/mx_wifi -IDrivers/BSP/Components/mx_wifi/core -IDrivers/BSP/Components/mx_wifi/io_pattern -IDrivers/STM32U5xx_HAL_Driver/Inc -IDrivers/STM32U5xx_HAL_Driver/Inc/Legacy -IDrivers/CMSIS/Include -IDrivers/CMSIS/Device/ST/STM32U5xx/Include -O2 -Wall -Wextra -Wno-unused-parameter -fdata-sections -ffunction-sections -std=gnu11 -MMD -MP -MF"build/Drivers/STM32U5xx_HAL_Driver/Src/stm32u5xx_ll_rng.d" -o build/Drivers/STM32U5xx_HAL_Driver/Src/stm32u5xx_ll_rng.o Drivers/STM32U5xx_HAL_Driver/Src/stm32u5xx_ll_rng.c
Build & Upload Firmware	Build Firmware	2026-03-23T23:02:58.0073027Z arm-none-eabi-gcc -c -mcpu=cortex-m33 -mthumb -mfpu=fpv5-sp-d16 -mfloat-abi=hard -DSTM32U585xx -DUSE_HAL_DRIVER -ICore/Inc -IDrivers/BSP/B-U585I-IOT02A -IDrivers/BSP/Components/Common -IDrivers/BSP/Components/ov5640 -IDrivers/BSP/Components/mx_wifi -IDrivers/BSP/Components/mx_wifi/core -IDrivers/BSP/Components/mx_wifi/io_pattern -IDrivers/STM32U5xx_HAL_Driver/Inc -IDrivers/STM32U5xx_HAL_Driver/Inc/Legacy -IDrivers/CMSIS/Include -IDrivers/CMSIS/Device/ST/STM32U5xx/Include -O2 -Wall -Wextra -Wno-unused-parameter -fdata-sections -ffunction-sections -std=gnu11 -MMD -MP -MF"build/Drivers/STM32U5xx_HAL_Driver/Src/stm32u5xx_ll_rtc.d" -o build/Drivers/STM32U5xx_HAL_Driver/Src/stm32u5xx_ll_rtc.o Drivers/STM32U5xx_HAL_Driver/Src/stm32u5xx_ll_rtc.c
Build & Upload Firmware	Build Firmware	2026-03-23T23:02:58.0191602Z arm-none-eabi-gcc -c -mcpu=cortex-m33 -mthumb -mfpu=fpv5-sp-d16 -mfloat-abi=hard -DSTM32U585xx -DUSE_HAL_DRIVER -ICore/Inc -IDrivers/BSP/B-U585I-IOT02A -IDrivers/BSP/Components/Common -IDrivers/BSP/Components/ov5640 -IDrivers/BSP/Components/mx_wifi -IDrivers/BSP/Components/mx_wifi/core -IDrivers/BSP/Components/mx_wifi/io_pattern -IDrivers/STM32U5xx_HAL_Driver/Inc -IDrivers/STM32U5xx_HAL_Driver/Inc/Legacy -IDrivers/CMSIS/Include -IDrivers/CMSIS/Device/ST/STM32U5xx/Include -O2 -Wall -Wextra -Wno-unused-parameter -fdata-sections -ffunction-sections -std=gnu11 -MMD -MP -MF"build/Drivers/STM32U5xx_HAL_Driver/Src/stm32u5xx_ll_sdmmc.d" -o build/Drivers/STM32U5xx_HAL_Driver/Src/stm32u5xx_ll_sdmmc.o Drivers/STM32U5xx_HAL_Driver/Src/stm32u5xx_ll_sdmmc.c
Build & Upload Firmware	Build Firmware	2026-03-23T23:02:58.0328987Z arm-none-eabi-gcc -c -mcpu=cortex-m33 -mthumb -mfpu=fpv5-sp-d16 -mfloat-abi=hard -DSTM32U585xx -DUSE_HAL_DRIVER -ICore/Inc -IDrivers/BSP/B-U585I-IOT02A -IDrivers/BSP/Components/Common -IDrivers/BSP/Components/ov5640 -IDrivers/BSP/Components/mx_wifi -IDrivers/BSP/Components/mx_wifi/core -IDrivers/BSP/Components/mx_wifi/io_pattern -IDrivers/STM32U5xx_HAL_Driver/Inc -IDrivers/STM32U5xx_HAL_Driver/Inc/Legacy -IDrivers/CMSIS/Include -IDrivers/CMSIS/Device/ST/STM32U5xx/Include -O2 -Wall -Wextra -Wno-unused-parameter -fdata-sections -ffunction-sections -std=gnu11 -MMD -MP -MF"build/Drivers/STM32U5xx_HAL_Driver/Src/stm32u5xx_ll_spi.d" -o build/Drivers/STM32U5xx_HAL_Driver/Src/stm32u5xx_ll_spi.o Drivers/STM32U5xx_HAL_Driver/Src/stm32u5xx_ll_spi.c
Build & Upload Firmware	Build Firmware	2026-03-23T23:02:58.0352741Z arm-none-eabi-gcc -c -mcpu=cortex-m33 -mthumb -mfpu=fpv5-sp-d16 -mfloat-abi=hard -DSTM32U585xx -DUSE_HAL_DRIVER -ICore/Inc -IDrivers/BSP/B-U585I-IOT02A -IDrivers/BSP/Components/Common -IDrivers/BSP/Components/ov5640 -IDrivers/BSP/Components/mx_wifi -IDrivers/BSP/Components/mx_wifi/core -IDrivers/BSP/Components/mx_wifi/io_pattern -IDrivers/STM32U5xx_HAL_Driver/Inc -IDrivers/STM32U5xx_HAL_Driver/Inc/Legacy -IDrivers/CMSIS/Include -IDrivers/CMSIS/Device/ST/STM32U5xx/Include -O2 -Wall -Wextra -Wno-unused-parameter -fdata-sections -ffunction-sections -std=gnu11 -MMD -MP -MF"build/Drivers/STM32U5xx_HAL_Driver/Src/stm32u5xx_ll_tim.d" -o build/Drivers/STM32U5xx_HAL_Driver/Src/stm32u5xx_ll_tim.o Drivers/STM32U5xx_HAL_Driver/Src/stm32u5xx_ll_tim.c
Build & Upload Firmware	Build Firmware	2026-03-23T23:02:58.0582991Z arm-none-eabi-gcc -c -mcpu=cortex-m33 -mthumb -mfpu=fpv5-sp-d16 -mfloat-abi=hard -DSTM32U585xx -DUSE_HAL_DRIVER -ICore/Inc -IDrivers/BSP/B-U585I-IOT02A -IDrivers/BSP/Components/Common -IDrivers/BSP/Components/ov5640 -IDrivers/BSP/Components/mx_wifi -IDrivers/BSP/Components/mx_wifi/core -IDrivers/BSP/Components/mx_wifi/io_pattern -IDrivers/STM32U5xx_HAL_Driver/Inc -IDrivers/STM32U5xx_HAL_Driver/Inc/Legacy -IDrivers/CMSIS/Include -IDrivers/CMSIS/Device/ST/STM32U5xx/Include -O2 -Wall -Wextra -Wno-unused-parameter -fdata-sections -ffunction-sections -std=gnu11 -MMD -MP -MF"build/Drivers/STM32U5xx_HAL_Driver/Src/stm32u5xx_ll_ucpd.d" -o build/Drivers/STM32U5xx_HAL_Driver/Src/stm32u5xx_ll_ucpd.o Drivers/STM32U5xx_HAL_Driver/Src/stm32u5xx_ll_ucpd.c
Build & Upload Firmware	Build Firmware	2026-03-23T23:02:58.0731097Z arm-none-eabi-gcc -c -mcpu=cortex-m33 -mthumb -mfpu=fpv5-sp-d16 -mfloat-abi=hard -DSTM32U585xx -DUSE_HAL_DRIVER -ICore/Inc -IDrivers/BSP/B-U585I-IOT02A -IDrivers/BSP/Components/Common -IDrivers/BSP/Components/ov5640 -IDrivers/BSP/Components/mx_wifi -IDrivers/BSP/Components/mx_wifi/core -IDrivers/BSP/Components/mx_wifi/io_pattern -IDrivers/STM32U5xx_HAL_Driver/Inc -IDrivers/STM32U5xx_HAL_Driver/Inc/Legacy -IDrivers/CMSIS/Include -IDrivers/CMSIS/Device/ST/STM32U5xx/Include -O2 -Wall -Wextra -Wno-unused-parameter -fdata-sections -ffunction-sections -std=gnu11 -MMD -MP -MF"build/Drivers/STM32U5xx_HAL_Driver/Src/stm32u5xx_ll_usart.d" -o build/Drivers/STM32U5xx_HAL_Driver/Src/stm32u5xx_ll_usart.o Drivers/STM32U5xx_HAL_Driver/Src/stm32u5xx_ll_usart.c
Build & Upload Firmware	Build Firmware	2026-03-23T23:02:58.0921498Z arm-none-eabi-gcc -c -mcpu=cortex-m33 -mthumb -mfpu=fpv5-sp-d16 -mfloat-abi=hard -DSTM32U585xx -DUSE_HAL_DRIVER -ICore/Inc -IDrivers/BSP/B-U585I-IOT02A -IDrivers/BSP/Components/Common -IDrivers/BSP/Components/ov5640 -IDrivers/BSP/Components/mx_wifi -IDrivers/BSP/Components/mx_wifi/core -IDrivers/BSP/Components/mx_wifi/io_pattern -IDrivers/STM32U5xx_HAL_Driver/Inc -IDrivers/STM32U5xx_HAL_Driver/Inc/Legacy -IDrivers/CMSIS/Include -IDrivers/CMSIS/Device/ST/STM32U5xx/Include -O2 -Wall -Wextra -Wno-unused-parameter -fdata-sections -ffunction-sections -std=gnu11 -MMD -MP -MF"build/Drivers/STM32U5xx_HAL_Driver/Src/stm32u5xx_ll_usb.d" -o build/Drivers/STM32U5xx_HAL_Driver/Src/stm32u5xx_ll_usb.o Drivers/STM32U5xx_HAL_Driver/Src/stm32u5xx_ll_usb.c
Build & Upload Firmware	Build Firmware	2026-03-23T23:02:58.0944206Z arm-none-eabi-gcc -c -mcpu=cortex-m33 -mthumb -mfpu=fpv5-sp-d16 -mfloat-abi=hard -DSTM32U585xx -DUSE_HAL_DRIVER -ICore/Inc -IDrivers/BSP/B-U585I-IOT02A -IDrivers/BSP/Components/Common -IDrivers/BSP/Components/ov5640 -IDrivers/BSP/Components/mx_wifi -IDrivers/BSP/Components/mx_wifi/core -IDrivers/BSP/Components/mx_wifi/io_pattern -IDrivers/STM32U5xx_HAL_Driver/Inc -IDrivers/STM32U5xx_HAL_Driver/Inc/Legacy -IDrivers/CMSIS/Include -IDrivers/CMSIS/Device/ST/STM32U5xx/Include -O2 -Wall -Wextra -Wno-unused-parameter -fdata-sections -ffunction-sections -std=gnu11 -MMD -MP -MF"build/Drivers/STM32U5xx_HAL_Driver/Src/stm32u5xx_ll_utils.d" -o build/Drivers/STM32U5xx_HAL_Driver/Src/stm32u5xx_ll_utils.o Drivers/STM32U5xx_HAL_Driver/Src/stm32u5xx_ll_utils.c
Build & Upload Firmware	Build Firmware	2026-03-23T23:02:58.1111500Z arm-none-eabi-gcc -x assembler-with-cpp -c -mcpu=cortex-m33 -mthumb -mfpu=fpv5-sp-d16 -mfloat-abi=hard -DSTM32U585xx -DUSE_HAL_DRIVER -Wall -fdata-sections -ffunction-sections -o build/Drivers/CMSIS/Device/ST/STM32U5xx/Source/Templates/gcc/startup_stm32u585xx.o Drivers/CMSIS/Device/ST/STM32U5xx/Source/Templates/gcc/startup_stm32u585xx.s
Build & Upload Firmware	Build Firmware	2026-03-23T23:02:58.6830955Z arm-none-eabi-gcc build/Core/Src/main.o build/Core/Src/debug_log.o build/Core/Src/wifi.o build/Core/Src/camera.o build/Core/Src/mqtt_handler.o build/Core/Src/scheduler.o build/Core/Src/ota_update.o build/Core/Src/cJSON.o build/Core/Src/mx_wifi_hw.o build/Core/Src/stm32u5xx_it.o build/Core/Src/stm32u5xx_hal_msp.o build/Core/Src/system_stm32u5xx.o build/Drivers/BSP/B-U585I-IOT02A/b_u585i_iot02a.o build/Drivers/BSP/B-U585I-IOT02A/b_u585i_iot02a_bus.o build/Drivers/BSP/B-U585I-IOT02A/b_u585i_iot02a_camera.o build/Drivers/BSP/Components/ov5640/ov5640.o build/Drivers/BSP/Components/ov5640/ov5640_reg.o build/Drivers/BSP/Components/mx_wifi/mx_wifi.o build/Drivers/BSP/Components/mx_wifi/io_pattern/mx_wifi_spi.o build/Drivers/BSP/Components/mx_wifi/core/checksumutils.o build/Drivers/BSP/Components/mx_wifi/core/mx_address.o build/Drivers/BSP/Components/mx_wifi/core/mx_rtos_abs.o build/Drivers/BSP/Components/mx_wifi/core/mx_wifi_hci.o build/Drivers/BSP/Components/mx_wifi/core/mx_wifi_ipc.o build/Drivers/BSP/Components/mx_wifi/core/mx_wifi_slip.o build/Drivers/STM32U5xx_HAL_Driver/Src/stm32u5xx_hal.o build/Drivers/STM32U5xx_HAL_Driver/Src/stm32u5xx_hal_adc.o build/Drivers/STM32U5xx_HAL_Driver/Src/stm32u5xx_hal_adc_ex.o build/Drivers/STM32U5xx_HAL_Driver/Src/stm32u5xx_hal_comp.o build/Drivers/STM32U5xx_HAL_Driver/Src/stm32u5xx_hal_cordic.o build/Drivers/STM32U5xx_HAL_Driver/Src/stm32u5xx_hal_cortex.o build/Drivers/STM32U5xx_HAL_Driver/Src/stm32u5xx_hal_crc.o build/Drivers/STM32U5xx_HAL_Driver/Src/stm32u5xx_hal_crc_ex.o build/Drivers/STM32U5xx_HAL_Driver/Src/stm32u5xx_hal_cryp.o build/Drivers/STM32U5xx_HAL_Driver/Src/stm32u5xx_hal_cryp_ex.o build/Drivers/STM32U5xx_HAL_Driver/Src/stm32u5xx_hal_dac.o build/Drivers/STM32U5xx_HAL_Driver/Src/stm32u5xx_hal_dac_ex.o build/Drivers/STM32U5xx_HAL_Driver/Src/stm32u5xx_hal_dcache.o build/Drivers/STM32U5xx_HAL_Driver/Src/stm32u5xx_hal_dcmi.o build/Drivers/STM32U5xx_HAL_Driver/Src/stm32u5xx_hal_dma.o build/Drivers/STM32U5xx_HAL_Driver/Src/stm32u5xx_hal_dma2d.o build/Drivers/STM32U5xx_HAL_Driver/Src/stm32u5xx_hal_dma_ex.o build/Drivers/STM32U5xx_HAL_Driver/Src/stm32u5xx_hal_dsi.o build/Drivers/STM32U5xx_HAL_Driver/Src/stm32u5xx_hal_exti.o build/Drivers/STM32U5xx_HAL_Driver/Src/stm32u5xx_hal_fdcan.o build/Drivers/STM32U5xx_HAL_Driver/Src/stm32u5xx_hal_flash.o build/Drivers/STM32U5xx_HAL_Driver/Src/stm32u5xx_hal_flash_ex.o build/Drivers/STM32U5xx_HAL_Driver/Src/stm32u5xx_hal_fmac.o build/Drivers/STM32U5xx_HAL_Driver/Src/stm32u5xx_hal_gfxmmu.o build/Drivers/STM32U5xx_HAL_Driver/Src/stm32u5xx_hal_gfxtim.o build/Drivers/STM32U5xx_HAL_Driver/Src/stm32u5xx_hal_gpio.o build/Drivers/STM32U5xx_HAL_Driver/Src/stm32u5xx_hal_gpu2d.o build/Drivers/STM32U5xx_HAL_Driver/Src/stm32u5xx_hal_gtzc.o build/Drivers/STM32U5xx_HAL_Driver/Src/stm32u5xx_hal_hash.o build/Drivers/STM32U5xx_HAL_Driver/Src/stm32u5xx_hal_hash_ex.o build/Drivers/STM32U5xx_HAL_Driver/Src/stm32u5xx_hal_hcd.o build/Drivers/STM32U5xx_HAL_Driver/Src/stm32u5xx_hal_i2c.o build/Drivers/STM32U5xx_HAL_Driver/Src/stm32u5xx_hal_i2c_ex.o build/Drivers/STM32U5xx_HAL_Driver/Src/stm32u5xx_hal_icache.o build/Drivers/STM32U5xx_HAL_Driver/Src/stm32u5xx_hal_irda.o build/Drivers/STM32U5xx_HAL_Driver/Src/stm32u5xx_hal_iwdg.o build/Drivers/STM32U5xx_HAL_Driver/Src/stm32u5xx_hal_jpeg.o build/Drivers/STM32U5xx_HAL_Driver/Src/stm32u5xx_hal_lptim.o build/Drivers/STM32U5xx_HAL_Driver/Src/stm32u5xx_hal_ltdc.o build/Drivers/STM32U5xx_HAL_Driver/Src/stm32u5xx_hal_ltdc_ex.o build/Drivers/STM32U5xx_HAL_Driver/Src/stm32u5xx_hal_mdf.o build/Drivers/STM32U5xx_HAL_Driver/Src/stm32u5xx_hal_mmc.o build/Drivers/STM32U5xx_HAL_Driver/Src/stm32u5xx_hal_mmc_ex.o build/Drivers/STM32U5xx_HAL_Driver/Src/stm32u5xx_hal_nand.o build/Drivers/STM32U5xx_HAL_Driver/Src/stm32u5xx_hal_nor.o build/Drivers/STM32U5xx_HAL_Driver/Src/stm32u5xx_hal_opamp.o build/Drivers/STM32U5xx_HAL_Driver/Src/stm32u5xx_hal_opamp_ex.o build/Drivers/STM32U5xx_HAL_Driver/Src/stm32u5xx_hal_ospi.o build/Drivers/STM32U5xx_HAL_Driver/Src/stm32u5xx_hal_otfdec.o build/Drivers/STM32U5xx_HAL_Driver/Src/stm32u5xx_hal_pcd.o build/Drivers/STM32U5xx_HAL_Driver/Src/stm32u5xx_hal_pcd_ex.o build/Drivers/STM32U5xx_HAL_Driver/Src/stm32u5xx_hal_pka.o build/Drivers/STM32U5xx_HAL_Driver/Src/stm32u5xx_hal_pssi.o build/Drivers/STM32U5xx_HAL_Driver/Src/stm32u5xx_hal_pwr.o build/Drivers/STM32U5xx_HAL_Driver/Src/stm32u5xx_hal_pwr_ex.o build/Drivers/STM32U5xx_HAL_Driver/Src/stm32u5xx_hal_ramcfg.o build/Drivers/STM32U5xx_HAL_Driver/Src/stm32u5xx_hal_rcc.o build/Drivers/STM32U5xx_HAL_Driver/Src/stm32u5xx_hal_rcc_ex.o build/Drivers/STM32U5xx_HAL_Driver/Src/stm32u5xx_hal_rng.o build/Drivers/STM32U5xx_HAL_Driver/Src/stm32u5xx_hal_rng_ex.o build/Drivers/STM32U5xx_HAL_Driver/Src/stm32u5xx_hal_rtc.o build/Drivers/STM32U5xx_HAL_Driver/Src/stm32u5xx_hal_rtc_ex.o build/Drivers/STM32U5xx_HAL_Driver/Src/stm32u5xx_hal_sai.o build/Drivers/STM32U5xx_HAL_Driver/Src/stm32u5xx_hal_sai_ex.o build/Drivers/STM32U5xx_HAL_Driver/Src/stm32u5xx_hal_sd.o build/Drivers/STM32U5xx_HAL_Driver/Src/stm32u5xx_hal_sd_ex.o build/Drivers/STM32U5xx_HAL_Driver/Src/stm32u5xx_hal_sdio.o build/Drivers/STM32U5xx_HAL_Driver/Src/stm32u5xx_hal_smartcard.o build/Drivers/STM32U5xx_HAL_Driver/Src/stm32u5xx_hal_smartcard_ex.o build/Drivers/STM32U5xx_HAL_Driver/Src/stm32u5xx_hal_smbus.o build/Drivers/STM32U5xx_HAL_Driver/Src/stm32u5xx_hal_smbus_ex.o build/Drivers/STM32U5xx_HAL_Driver/Src/stm32u5xx_hal_spi.o build/Drivers/STM32U5xx_HAL_Driver/Src/stm32u5xx_hal_spi_ex.o build/Drivers/STM32U5xx_HAL_Driver/Src/stm32u5xx_hal_sram.o build/Drivers/STM32U5xx_HAL_Driver/Src/stm32u5xx_hal_tim.o build/Drivers/STM32U5xx_HAL_Driver/Src/stm32u5xx_hal_tim_ex.o build/Drivers/STM32U5xx_HAL_Driver/Src/stm32u5xx_hal_tsc.o build/Drivers/STM32U5xx_HAL_Driver/Src/stm32u5xx_hal_uart.o build/Drivers/STM32U5xx_HAL_Driver/Src/stm32u5xx_hal_uart_ex.o build/Drivers/STM32U5xx_HAL_Driver/Src/stm32u5xx_hal_usart.o build/Drivers/STM32U5xx_HAL_Driver/Src/stm32u5xx_hal_usart_ex.o build/Drivers/STM32U5xx_HAL_Driver/Src/stm32u5xx_hal_wwdg.o build/Drivers/STM32U5xx_HAL_Driver/Src/stm32u5xx_hal_xspi.o build/Drivers/STM32U5xx_HAL_Driver/Src/stm32u5xx_ll_adc.o build/Drivers/STM32U5xx_HAL_Driver/Src/stm32u5xx_ll_comp.o build/Drivers/STM32U5xx_HAL_Driver/Src/stm32u5xx_ll_cordic.o build/Drivers/STM32U5xx_HAL_Driver/Src/stm32u5xx_ll_crc.o build/Drivers/STM32U5xx_HAL_Driver/Src/stm32u5xx_ll_crs.o build/Drivers/STM32U5xx_HAL_Driver/Src/stm32u5xx_ll_dac.o build/Drivers/STM32U5xx_HAL_Driver/Src/stm32u5xx_ll_dlyb.o build/Drivers/STM32U5xx_HAL_Driver/Src/stm32u5xx_ll_dma.o build/Drivers/STM32U5xx_HAL_Driver/Src/stm32u5xx_ll_dma2d.o build/Drivers/STM32U5xx_HAL_Driver/Src/stm32u5xx_ll_exti.o build/Drivers/STM32U5xx_HAL_Driver/Src/stm32u5xx_ll_fmac.o build/Drivers/STM32U5xx_HAL_Driver/Src/stm32u5xx_ll_fmc.o build/Drivers/STM32U5xx_HAL_Driver/Src/stm32u5xx_ll_gpio.o build/Drivers/STM32U5xx_HAL_Driver/Src/stm32u5xx_ll_i2c.o build/Drivers/STM32U5xx_HAL_Driver/Src/stm32u5xx_ll_icache.o build/Drivers/STM32U5xx_HAL_Driver/Src/stm32u5xx_ll_lpgpio.o build/Drivers/STM32U5xx_HAL_Driver/Src/stm32u5xx_ll_lptim.o build/Drivers/STM32U5xx_HAL_Driver/Src/stm32u5xx_ll_lpuart.o build/Drivers/STM32U5xx_HAL_Driver/Src/stm32u5xx_ll_opamp.o build/Drivers/STM32U5xx_HAL_Driver/Src/stm32u5xx_ll_pka.o build/Drivers/STM32U5xx_HAL_Driver/Src/stm32u5xx_ll_pwr.o build/Drivers/STM32U5xx_HAL_Driver/Src/stm32u5xx_ll_rcc.o build/Drivers/STM32U5xx_HAL_Driver/Src/stm32u5xx_ll_rng.o build/Drivers/STM32U5xx_HAL_Driver/Src/stm32u5xx_ll_rtc.o build/Drivers/STM32U5xx_HAL_Driver/Src/stm32u5xx_ll_sdmmc.o build/Drivers/STM32U5xx_HAL_Driver/Src/stm32u5xx_ll_spi.o build/Drivers/STM32U5xx_HAL_Driver/Src/stm32u5xx_ll_tim.o build/Drivers/STM32U5xx_HAL_Driver/Src/stm32u5xx_ll_ucpd.o build/Drivers/STM32U5xx_HAL_Driver/Src/stm32u5xx_ll_usart.o build/Drivers/STM32U5xx_HAL_Driver/Src/stm32u5xx_ll_usb.o build/Drivers/STM32U5xx_HAL_Driver/Src/stm32u5xx_ll_utils.o build/Drivers/CMSIS/Device/ST/STM32U5xx/Source/Templates/gcc/startup_stm32u585xx.o -mcpu=cortex-m33 -mthumb -mfpu=fpv5-sp-d16 -mfloat-abi=hard -specs=nano.specs -TSTM32CubeIDE/STM32U585AIIX_FLASH.ld -Wl,-Map=build/thesis-iot-firmware.map,--cref -Wl,--gc-sections -lc -lm -lnosys -o build/thesis-iot-firmware.elf
Build & Upload Firmware	Build Firmware	2026-03-23T23:02:58.7064192Z /usr/lib/gcc/arm-none-eabi/13.2.1/../../../arm-none-eabi/bin/ld: /usr/lib/gcc/arm-none-eabi/13.2.1/../../../arm-none-eabi/lib/thumb/v8-m.main+fp/hard/libc_nano.a(libc_a-closer.o): in function `_close_r':
Build & Upload Firmware	Build Firmware	2026-03-23T23:02:58.7066633Z /build/newlib-38V0JC/newlib-4.4.0.20231231/build_nano/arm-none-eabi/thumb/v8-m.main+fp/hard/newlib/../../../../../../newlib/libc/reent/closer.c:47:(.text+0xc): warning: _close is not implemented and will always fail
Build & Upload Firmware	Build Firmware	2026-03-23T23:02:58.7068822Z /usr/lib/gcc/arm-none-eabi/13.2.1/../../../arm-none-eabi/bin/ld: /usr/lib/gcc/arm-none-eabi/13.2.1/../../../arm-none-eabi/lib/thumb/v8-m.main+fp/hard/libc_nano.a(libc_a-fstatr.o): in function `_fstat_r':
Build & Upload Firmware	Build Firmware	2026-03-23T23:02:58.7071678Z /build/newlib-38V0JC/newlib-4.4.0.20231231/build_nano/arm-none-eabi/thumb/v8-m.main+fp/hard/newlib/../../../../../../newlib/libc/reent/fstatr.c:55:(.text+0x12): warning: _fstat is not implemented and will always fail
Build & Upload Firmware	Build Firmware	2026-03-23T23:02:58.7074535Z /usr/lib/gcc/arm-none-eabi/13.2.1/../../../arm-none-eabi/bin/ld: /usr/lib/gcc/arm-none-eabi/13.2.1/../../../arm-none-eabi/lib/thumb/v8-m.main+fp/hard/libc_nano.a(libc_a-closer.o): note: the message above does not take linker garbage collection into account
Build & Upload Firmware	Build Firmware	2026-03-23T23:02:58.7077527Z /usr/lib/gcc/arm-none-eabi/13.2.1/../../../arm-none-eabi/bin/ld: /usr/lib/gcc/arm-none-eabi/13.2.1/../../../arm-none-eabi/lib/thumb/v8-m.main+fp/hard/libc_nano.a(libc_a-fstatr.o): note: the message above does not take linker garbage collection into account
Build & Upload Firmware	Build Firmware	2026-03-23T23:02:58.7079971Z /usr/lib/gcc/arm-none-eabi/13.2.1/../../../arm-none-eabi/bin/ld: /usr/lib/gcc/arm-none-eabi/13.2.1/../../../arm-none-eabi/lib/thumb/v8-m.main+fp/hard/libc_nano.a(libc_a-signalr.o): in function `_getpid_r':
Build & Upload Firmware	Build Firmware	2026-03-23T23:02:58.7081486Z /build/newlib-38V0JC/newlib-4.4.0.20231231/build_nano/arm-none-eabi/thumb/v8-m.main+fp/hard/newlib/../../../../../../newlib/libc/reent/signalr.c:83:(.text+0x2c): warning: _getpid is not implemented and will always fail
Build & Upload Firmware	Build Firmware	2026-03-23T23:02:58.7082970Z /usr/lib/gcc/arm-none-eabi/13.2.1/../../../arm-none-eabi/bin/ld: /usr/lib/gcc/arm-none-eabi/13.2.1/../../../arm-none-eabi/lib/thumb/v8-m.main+fp/hard/libc_nano.a(libc_a-isattyr.o): in function `_isatty_r':
Build & Upload Firmware	Build Firmware	2026-03-23T23:02:58.7084285Z /build/newlib-38V0JC/newlib-4.4.0.20231231/build_nano/arm-none-eabi/thumb/v8-m.main+fp/hard/newlib/../../../../../../newlib/libc/reent/isattyr.c:52:(.text+0xc): warning: _isatty is not implemented and will always fail
Build & Upload Firmware	Build Firmware	2026-03-23T23:02:58.7085558Z /usr/lib/gcc/arm-none-eabi/13.2.1/../../../arm-none-eabi/bin/ld: /usr/lib/gcc/arm-none-eabi/13.2.1/../../../arm-none-eabi/lib/thumb/v8-m.main+fp/hard/libc_nano.a(libc_a-signalr.o): in function `_kill_r':
Build & Upload Firmware	Build Firmware	2026-03-23T23:02:58.7087020Z /build/newlib-38V0JC/newlib-4.4.0.20231231/build_nano/arm-none-eabi/thumb/v8-m.main+fp/hard/newlib/../../../../../../newlib/libc/reent/signalr.c:53:(.text+0x12): warning: _kill is not implemented and will always fail
Build & Upload Firmware	Build Firmware	2026-03-23T23:02:58.7088300Z /usr/lib/gcc/arm-none-eabi/13.2.1/../../../arm-none-eabi/bin/ld: /usr/lib/gcc/arm-none-eabi/13.2.1/../../../arm-none-eabi/lib/thumb/v8-m.main+fp/hard/libc_nano.a(libc_a-lseekr.o): in function `_lseek_r':
Build & Upload Firmware	Build Firmware	2026-03-23T23:02:58.7089605Z /build/newlib-38V0JC/newlib-4.4.0.20231231/build_nano/arm-none-eabi/thumb/v8-m.main+fp/hard/newlib/../../../../../../newlib/libc/reent/lseekr.c:49:(.text+0x14): warning: _lseek is not implemented and will always fail
Build & Upload Firmware	Build Firmware	2026-03-23T23:02:58.7090873Z /usr/lib/gcc/arm-none-eabi/13.2.1/../../../arm-none-eabi/bin/ld: /usr/lib/gcc/arm-none-eabi/13.2.1/../../../arm-none-eabi/lib/thumb/v8-m.main+fp/hard/libc_nano.a(libc_a-readr.o): in function `_read_r':
Build & Upload Firmware	Build Firmware	2026-03-23T23:02:58.7092400Z /build/newlib-38V0JC/newlib-4.4.0.20231231/build_nano/arm-none-eabi/thumb/v8-m.main+fp/hard/newlib/../../../../../../newlib/libc/reent/readr.c:49:(.text+0x14): warning: _read is not implemented and will always fail
Build & Upload Firmware	Build Firmware	2026-03-23T23:02:58.7093952Z /usr/lib/gcc/arm-none-eabi/13.2.1/../../../arm-none-eabi/bin/ld: /usr/lib/gcc/arm-none-eabi/13.2.1/../../../arm-none-eabi/lib/thumb/v8-m.main+fp/hard/libc_nano.a(libc_a-signalr.o): note: the message above does not take linker garbage collection into account
Build & Upload Firmware	Build Firmware	2026-03-23T23:02:58.7095489Z /usr/lib/gcc/arm-none-eabi/13.2.1/../../../arm-none-eabi/bin/ld: /usr/lib/gcc/arm-none-eabi/13.2.1/../../../arm-none-eabi/lib/thumb/v8-m.main+fp/hard/libc_nano.a(libc_a-isattyr.o): note: the message above does not take linker garbage collection into account
Build & Upload Firmware	Build Firmware	2026-03-23T23:02:58.7097223Z /usr/lib/gcc/arm-none-eabi/13.2.1/../../../arm-none-eabi/bin/ld: /usr/lib/gcc/arm-none-eabi/13.2.1/../../../arm-none-eabi/lib/thumb/v8-m.main+fp/hard/libc_nano.a(libc_a-signalr.o): note: the message above does not take linker garbage collection into account
Build & Upload Firmware	Build Firmware	2026-03-23T23:02:58.7098756Z /usr/lib/gcc/arm-none-eabi/13.2.1/../../../arm-none-eabi/bin/ld: /usr/lib/gcc/arm-none-eabi/13.2.1/../../../arm-none-eabi/lib/thumb/v8-m.main+fp/hard/libc_nano.a(libc_a-lseekr.o): note: the message above does not take linker garbage collection into account
Build & Upload Firmware	Build Firmware	2026-03-23T23:02:58.7291125Z /usr/lib/gcc/arm-none-eabi/13.2.1/../../../arm-none-eabi/bin/ld: /usr/lib/gcc/arm-none-eabi/13.2.1/../../../arm-none-eabi/lib/thumb/v8-m.main+fp/hard/libc_nano.a(libc_a-readr.o): note: the message above does not take linker garbage collection into account
Build & Upload Firmware	Build Firmware	2026-03-23T23:02:58.7311014Z arm-none-eabi-objcopy -O binary -S build/thesis-iot-firmware.elf build/thesis-iot-firmware.bin
Build & Upload Firmware	Build Firmware	2026-03-23T23:02:58.7314406Z arm-none-eabi-size build/thesis-iot-firmware.elf
Build & Upload Firmware	Build Firmware	2026-03-23T23:02:58.7327766Z    text	   data	    bss	    dec	    hex	filename
Build & Upload Firmware	Build Firmware	2026-03-23T23:02:58.7328389Z   97144	    616	 639856	 737616	  b4150	build/thesis-iot-firmware.elf
Build & Upload Firmware	Upload Firmware to Server	´╗┐2026-03-23T23:02:58.7369845Z ##[group]Run if [ -z "$DEPLOY_URL" ]; then
Build & Upload Firmware	Upload Firmware to Server	2026-03-23T23:02:58.7370201Z [36;1mif [ -z "$DEPLOY_URL" ]; then[0m
Build & Upload Firmware	Upload Firmware to Server	2026-03-23T23:02:58.7370602Z [36;1m  echo "ÔÜá´©Å  DEPLOY_SERVER_URL secret not configured ÔÇö skipping upload"[0m
Build & Upload Firmware	Upload Firmware to Server	2026-03-23T23:02:58.7370994Z [36;1m  exit 0[0m
Build & Upload Firmware	Upload Firmware to Server	2026-03-23T23:02:58.7371167Z [36;1mfi[0m
Build & Upload Firmware	Upload Firmware to Server	2026-03-23T23:02:58.7371333Z [36;1m[0m
Build & Upload Firmware	Upload Firmware to Server	2026-03-23T23:02:58.7371533Z [36;1m# Extract version from firmware_config.h[0m
Build & Upload Firmware	Upload Firmware to Server	2026-03-23T23:02:58.7372028Z [36;1mFW_VERSION=$(grep 'define FW_VERSION' firmware/Core/Inc/firmware_config.h | awk -F '"' '{print $2}')[0m
Build & Upload Firmware	Upload Firmware to Server	2026-03-23T23:02:58.7372559Z [36;1mecho "­ƒôñ Uploading firmware v${FW_VERSION}..."[0m
Build & Upload Firmware	Upload Firmware to Server	2026-03-23T23:02:58.7372843Z [36;1m[0m
Build & Upload Firmware	Upload Firmware to Server	2026-03-23T23:02:58.7373106Z [36;1mHTTP_CODE=$(curl -s -o /tmp/upload_resp.json -w "%{http_code}" \[0m
Build & Upload Firmware	Upload Firmware to Server	2026-03-23T23:02:58.7373560Z [36;1m  -X POST "${DEPLOY_URL}/api/firmware/upload?version=${FW_VERSION}" \[0m
Build & Upload Firmware	Upload Firmware to Server	2026-03-23T23:02:58.7373974Z [36;1m  -H "X-Firmware-Token: ${FIRMWARE_TOKEN}" \[0m
Build & Upload Firmware	Upload Firmware to Server	2026-03-23T23:02:58.7374371Z [36;1m  -F "file=@firmware/build/thesis-iot-firmware.bin" \[0m
Build & Upload Firmware	Upload Firmware to Server	2026-03-23T23:02:58.7374692Z [36;1m  --connect-timeout 15 \[0m
Build & Upload Firmware	Upload Firmware to Server	2026-03-23T23:02:58.7374927Z [36;1m  --max-time 60) || true[0m
Build & Upload Firmware	Upload Firmware to Server	2026-03-23T23:02:58.7375136Z [36;1m  [0m
Build & Upload Firmware	Upload Firmware to Server	2026-03-23T23:02:58.7375322Z [36;1mif [ "$HTTP_CODE" = "200" ]; then[0m
Build & Upload Firmware	Upload Firmware to Server	2026-03-23T23:02:58.7375610Z [36;1m  echo "Ô£à Firmware uploaded successfully"[0m
Build & Upload Firmware	Upload Firmware to Server	2026-03-23T23:02:58.7375900Z [36;1m  cat /tmp/upload_resp.json[0m
Build & Upload Firmware	Upload Firmware to Server	2026-03-23T23:02:58.7376128Z [36;1m  echo ""[0m
Build & Upload Firmware	Upload Firmware to Server	2026-03-23T23:02:58.7376306Z [36;1melse[0m
Build & Upload Firmware	Upload Firmware to Server	2026-03-23T23:02:58.7376878Z [36;1m  echo "ÔØî HTTP $HTTP_CODE ÔÇö upload failed:"[0m
Build & Upload Firmware	Upload Firmware to Server	2026-03-23T23:02:58.7377259Z [36;1m  cat /tmp/upload_resp.json 2>/dev/null || echo "(no response body)"[0m
Build & Upload Firmware	Upload Firmware to Server	2026-03-23T23:02:58.7377612Z [36;1m  exit 1[0m
Build & Upload Firmware	Upload Firmware to Server	2026-03-23T23:02:58.7377786Z [36;1mfi[0m
Build & Upload Firmware	Upload Firmware to Server	2026-03-23T23:02:58.7426851Z shell: /usr/bin/bash -e {0}
Build & Upload Firmware	Upload Firmware to Server	2026-03-23T23:02:58.7427267Z env:
Build & Upload Firmware	Upload Firmware to Server	2026-03-23T23:02:58.7427437Z   REGISTRY: ghcr.io
Build & Upload Firmware	Upload Firmware to Server	2026-03-23T23:02:58.7427959Z   DEPLOY_URL: ***
Build & Upload Firmware	Upload Firmware to Server	2026-03-23T23:02:58.7428186Z   FIRMWARE_TOKEN: ***
Build & Upload Firmware	Upload Firmware to Server	2026-03-23T23:02:58.7428382Z ##[endgroup]
Build & Upload Firmware	Upload Firmware to Server	2026-03-23T23:02:58.7520190Z ­ƒôñ Uploading firmware v0.2...
Build & Upload Firmware	Upload Firmware to Server	2026-03-23T23:02:59.3389605Z Ô£à Firmware uploaded successfully
Build & Upload Firmware	Upload Firmware to Server	2026-03-23T23:02:59.3402483Z {"version":"0.2","size":97760,"crc32":2322501972,"status":"uploaded"}
Build & Upload Firmware	Post Run actions/checkout@v4	´╗┐2026-03-23T23:02:59.3479082Z Post job cleanup.
Build & Upload Firmware	Post Run actions/checkout@v4	2026-03-23T23:02:59.4430391Z [command]/usr/bin/git version
Build & Upload Firmware	Post Run actions/checkout@v4	2026-03-23T23:02:59.4468567Z git version 2.53.0
Build & Upload Firmware	Post Run actions/checkout@v4	2026-03-23T23:02:59.4512406Z Temporarily overriding HOME='/home/runner/work/_temp/2a771905-b264-4abf-8538-ff15237a5cc4' before making global git config changes
Build & Upload Firmware	Post Run actions/checkout@v4	2026-03-23T23:02:59.4513741Z Adding repository directory to the temporary git global config as a safe directory
Build & Upload Firmware	Post Run actions/checkout@v4	2026-03-23T23:02:59.4526179Z [command]/usr/bin/git config --global --add safe.directory /home/runner/work/thesis-iot-monitoring/thesis-iot-monitoring
Build & Upload Firmware	Post Run actions/checkout@v4	2026-03-23T23:02:59.4561456Z [command]/usr/bin/git config --local --name-only --get-regexp core\.sshCommand
Build & Upload Firmware	Post Run actions/checkout@v4	2026-03-23T23:02:59.4594927Z [command]/usr/bin/git submodule foreach --recursive sh -c "git config --local --name-only --get-regexp 'core\.sshCommand' && git config --local --unset-all 'core.sshCommand' || :"
Build & Upload Firmware	Post Run actions/checkout@v4	2026-03-23T23:02:59.4836677Z [command]/usr/bin/git config --local --name-only --get-regexp http\.https\:\/\/github\.com\/\.extraheader
Build & Upload Firmware	Post Run actions/checkout@v4	2026-03-23T23:02:59.4858069Z http.https://github.com/.extraheader
Build & Upload Firmware	Post Run actions/checkout@v4	2026-03-23T23:02:59.4870078Z [command]/usr/bin/git config --local --unset-all http.https://github.com/.extraheader
Build & Upload Firmware	Post Run actions/checkout@v4	2026-03-23T23:02:59.4900583Z [command]/usr/bin/git submodule foreach --recursive sh -c "git config --local --name-only --get-regexp 'http\.https\:\/\/github\.com\/\.extraheader' && git config --local --unset-all 'http.https://github.com/.extraheader' || :"
Build & Upload Firmware	Post Run actions/checkout@v4	2026-03-23T23:02:59.5142069Z [command]/usr/bin/git config --local --name-only --get-regexp ^includeIf\.gitdir:
Build & Upload Firmware	Post Run actions/checkout@v4	2026-03-23T23:02:59.5177779Z [command]/usr/bin/git submodule foreach --recursive git config --local --show-origin --name-only --get-regexp remote.origin.url
Build & Upload Firmware	Complete job	´╗┐2026-03-23T23:02:59.5568897Z Cleaning up orphan processes
Build & Upload Firmware	Complete job	2026-03-23T23:02:59.5861766Z ##[warning]Node.js 20 actions are deprecated. The following actions are running on Node.js 20 and may not work as expected: actions/checkout@v4. Actions will be forced to run with Node.js 24 by default starting June 2nd, 2026. Please check if updated versions of these actions are available that support Node.js 24. To opt into Node.js 24 now, set the FORCE_JAVASCRIPT_ACTIONS_TO_NODE24=true environment variable on the runner or in your workflow file. Once Node.js 24 becomes the default, you can temporarily opt out by setting ACTIONS_ALLOW_USE_UNSECURE_NODE_VERSION=true. For more information see: https://github.blog/changelog/2025-09-19-deprecation-of-node-20-on-github-actions-runners/
Build Server Image	Set up job	´╗┐2026-03-23T23:02:56.5711067Z Current runner version: '2.332.0'
Build Server Image	Set up job	2026-03-23T23:02:56.5734535Z ##[group]Runner Image Provisioner
Build Server Image	Set up job	2026-03-23T23:02:56.5735377Z Hosted Compute Agent
Build Server Image	Set up job	2026-03-23T23:02:56.5736221Z Version: 20260213.493
Build Server Image	Set up job	2026-03-23T23:02:56.5736856Z Commit: 5c115507f6dd24b8de37d8bbe0bb4509d0cc0fa3
Build Server Image	Set up job	2026-03-23T23:02:56.5737576Z Build Date: 2026-02-13T00:28:41Z
Build Server Image	Set up job	2026-03-23T23:02:56.5738247Z Worker ID: {fdb5f668-48ae-44b7-9cd2-554e8788012b}
Build Server Image	Set up job	2026-03-23T23:02:56.5738949Z Azure Region: westus
Build Server Image	Set up job	2026-03-23T23:02:56.5739449Z ##[endgroup]
Build Server Image	Set up job	2026-03-23T23:02:56.5740893Z ##[group]Operating System
Build Server Image	Set up job	2026-03-23T23:02:56.5741527Z Ubuntu
Build Server Image	Set up job	2026-03-23T23:02:56.5742027Z 24.04.3
Build Server Image	Set up job	2026-03-23T23:02:56.5742579Z LTS
Build Server Image	Set up job	2026-03-23T23:02:56.5743067Z ##[endgroup]
Build Server Image	Set up job	2026-03-23T23:02:56.5743578Z ##[group]Runner Image
Build Server Image	Set up job	2026-03-23T23:02:56.5744068Z Image: ubuntu-24.04
Build Server Image	Set up job	2026-03-23T23:02:56.5744702Z Version: 20260309.50.1
Build Server Image	Set up job	2026-03-23T23:02:56.5745675Z Included Software: https://github.com/actions/runner-images/blob/ubuntu24/20260309.50/images/ubuntu/Ubuntu2404-Readme.md
Build Server Image	Set up job	2026-03-23T23:02:56.5747768Z Image Release: https://github.com/actions/runner-images/releases/tag/ubuntu24%2F20260309.50
Build Server Image	Set up job	2026-03-23T23:02:56.5748684Z ##[endgroup]
Build Server Image	Set up job	2026-03-23T23:02:56.5749861Z ##[group]GITHUB_TOKEN Permissions
Build Server Image	Set up job	2026-03-23T23:02:56.5751629Z Contents: read
Build Server Image	Set up job	2026-03-23T23:02:56.5752154Z Metadata: read
Build Server Image	Set up job	2026-03-23T23:02:56.5752759Z Packages: write
Build Server Image	Set up job	2026-03-23T23:02:56.5753239Z ##[endgroup]
Build Server Image	Set up job	2026-03-23T23:02:56.5755253Z Secret source: Actions
Build Server Image	Set up job	2026-03-23T23:02:56.5756483Z Prepare workflow directory
Build Server Image	Set up job	2026-03-23T23:02:56.6138361Z Prepare all required actions
Build Server Image	Set up job	2026-03-23T23:02:56.6175636Z Getting action download info
Build Server Image	Set up job	2026-03-23T23:02:57.0815824Z Download action repository 'actions/checkout@v4' (SHA:34e114876b0b11c390a56381ad16ebd13914f8d5)
Build Server Image	Set up job	2026-03-23T23:02:57.2262164Z Download action repository 'docker/login-action@v3' (SHA:c94ce9fb468520275223c153574b00df6fe4bcc9)
Build Server Image	Set up job	2026-03-23T23:02:57.8802502Z Download action repository 'docker/build-push-action@v5' (SHA:ca052bb54ab0790a636c9b5f226502c73d547a25)
Build Server Image	Set up job	2026-03-23T23:02:58.6099193Z Complete job name: Build Server Image
Build Server Image	Run actions/checkout@v4	´╗┐2026-03-23T23:02:58.6947351Z ##[group]Run actions/checkout@v4
Build Server Image	Run actions/checkout@v4	2026-03-23T23:02:58.6948755Z with:
Build Server Image	Run actions/checkout@v4	2026-03-23T23:02:58.6949647Z   repository: WhitehatD/thesis-iot-monitoring
Build Server Image	Run actions/checkout@v4	2026-03-23T23:02:58.6950997Z   token: ***
Build Server Image	Run actions/checkout@v4	2026-03-23T23:02:58.6951727Z   ssh-strict: true
Build Server Image	Run actions/checkout@v4	2026-03-23T23:02:58.6952495Z   ssh-user: git
Build Server Image	Run actions/checkout@v4	2026-03-23T23:02:58.6953289Z   persist-credentials: true
Build Server Image	Run actions/checkout@v4	2026-03-23T23:02:58.6954168Z   clean: true
Build Server Image	Run actions/checkout@v4	2026-03-23T23:02:58.6954978Z   sparse-checkout-cone-mode: true
Build Server Image	Run actions/checkout@v4	2026-03-23T23:02:58.6956463Z   fetch-depth: 1
Build Server Image	Run actions/checkout@v4	2026-03-23T23:02:58.6957324Z   fetch-tags: false
Build Server Image	Run actions/checkout@v4	2026-03-23T23:02:58.6958133Z   show-progress: true
Build Server Image	Run actions/checkout@v4	2026-03-23T23:02:58.6958959Z   lfs: false
Build Server Image	Run actions/checkout@v4	2026-03-23T23:02:58.6959721Z   submodules: false
Build Server Image	Run actions/checkout@v4	2026-03-23T23:02:58.6960540Z   set-safe-directory: true
Build Server Image	Run actions/checkout@v4	2026-03-23T23:02:58.6961719Z env:
Build Server Image	Run actions/checkout@v4	2026-03-23T23:02:58.6962458Z   REGISTRY: ghcr.io
Build Server Image	Run actions/checkout@v4	2026-03-23T23:02:58.6963252Z ##[endgroup]
Build Server Image	Run actions/checkout@v4	2026-03-23T23:02:58.8100634Z Syncing repository: WhitehatD/thesis-iot-monitoring
Build Server Image	Run actions/checkout@v4	2026-03-23T23:02:58.8104162Z ##[group]Getting Git version info
Build Server Image	Run actions/checkout@v4	2026-03-23T23:02:58.8106800Z Working directory is '/home/runner/work/thesis-iot-monitoring/thesis-iot-monitoring'
Build Server Image	Run actions/checkout@v4	2026-03-23T23:02:58.8109607Z [command]/usr/bin/git version
Build Server Image	Run actions/checkout@v4	2026-03-23T23:02:58.8158214Z git version 2.53.0
Build Server Image	Run actions/checkout@v4	2026-03-23T23:02:58.8185229Z ##[endgroup]
Build Server Image	Run actions/checkout@v4	2026-03-23T23:02:58.8199921Z Temporarily overriding HOME='/home/runner/work/_temp/f2b001c9-bd74-489e-b37f-cb2333e020c7' before making global git config changes
Build Server Image	Run actions/checkout@v4	2026-03-23T23:02:58.8202906Z Adding repository directory to the temporary git global config as a safe directory
Build Server Image	Run actions/checkout@v4	2026-03-23T23:02:58.8213266Z [command]/usr/bin/git config --global --add safe.directory /home/runner/work/thesis-iot-monitoring/thesis-iot-monitoring
Build Server Image	Run actions/checkout@v4	2026-03-23T23:02:58.8253256Z Deleting the contents of '/home/runner/work/thesis-iot-monitoring/thesis-iot-monitoring'
Build Server Image	Run actions/checkout@v4	2026-03-23T23:02:58.8256681Z ##[group]Initializing the repository
Build Server Image	Run actions/checkout@v4	2026-03-23T23:02:58.8261176Z [command]/usr/bin/git init /home/runner/work/thesis-iot-monitoring/thesis-iot-monitoring
Build Server Image	Run actions/checkout@v4	2026-03-23T23:02:58.8371686Z hint: Using 'master' as the name for the initial branch. This default branch name
Build Server Image	Run actions/checkout@v4	2026-03-23T23:02:58.8373862Z hint: will change to "main" in Git 3.0. To configure the initial branch name
Build Server Image	Run actions/checkout@v4	2026-03-23T23:02:58.8376758Z hint: to use in all of your new repositories, which will suppress this warning,
Build Server Image	Run actions/checkout@v4	2026-03-23T23:02:58.8378678Z hint: call:
Build Server Image	Run actions/checkout@v4	2026-03-23T23:02:58.8379534Z hint:
Build Server Image	Run actions/checkout@v4	2026-03-23T23:02:58.8380757Z hint: 	git config --global init.defaultBranch <name>
Build Server Image	Run actions/checkout@v4	2026-03-23T23:02:58.8382195Z hint:
Build Server Image	Run actions/checkout@v4	2026-03-23T23:02:58.8383407Z hint: Names commonly chosen instead of 'master' are 'main', 'trunk' and
Build Server Image	Run actions/checkout@v4	2026-03-23T23:02:58.8385556Z hint: 'development'. The just-created branch can be renamed via this command:
Build Server Image	Run actions/checkout@v4	2026-03-23T23:02:58.8387930Z hint:
Build Server Image	Run actions/checkout@v4	2026-03-23T23:02:58.8388807Z hint: 	git branch -m <name>
Build Server Image	Run actions/checkout@v4	2026-03-23T23:02:58.8389792Z hint:
Build Server Image	Run actions/checkout@v4	2026-03-23T23:02:58.8391100Z hint: Disable this message with "git config set advice.defaultBranchName false"
Build Server Image	Run actions/checkout@v4	2026-03-23T23:02:58.8393806Z Initialized empty Git repository in /home/runner/work/thesis-iot-monitoring/thesis-iot-monitoring/.git/
Build Server Image	Run actions/checkout@v4	2026-03-23T23:02:58.8398069Z [command]/usr/bin/git remote add origin https://github.com/WhitehatD/thesis-iot-monitoring
Build Server Image	Run actions/checkout@v4	2026-03-23T23:02:58.8424112Z ##[endgroup]
Build Server Image	Run actions/checkout@v4	2026-03-23T23:02:58.8426266Z ##[group]Disabling automatic garbage collection
Build Server Image	Run actions/checkout@v4	2026-03-23T23:02:58.8428497Z [command]/usr/bin/git config --local gc.auto 0
Build Server Image	Run actions/checkout@v4	2026-03-23T23:02:58.8459251Z ##[endgroup]
Build Server Image	Run actions/checkout@v4	2026-03-23T23:02:58.8460966Z ##[group]Setting up auth
Build Server Image	Run actions/checkout@v4	2026-03-23T23:02:58.8466741Z [command]/usr/bin/git config --local --name-only --get-regexp core\.sshCommand
Build Server Image	Run actions/checkout@v4	2026-03-23T23:02:58.8501694Z [command]/usr/bin/git submodule foreach --recursive sh -c "git config --local --name-only --get-regexp 'core\.sshCommand' && git config --local --unset-all 'core.sshCommand' || :"
Build Server Image	Run actions/checkout@v4	2026-03-23T23:02:58.8859179Z [command]/usr/bin/git config --local --name-only --get-regexp http\.https\:\/\/github\.com\/\.extraheader
Build Server Image	Run actions/checkout@v4	2026-03-23T23:02:58.8890019Z [command]/usr/bin/git submodule foreach --recursive sh -c "git config --local --name-only --get-regexp 'http\.https\:\/\/github\.com\/\.extraheader' && git config --local --unset-all 'http.https://github.com/.extraheader' || :"
Build Server Image	Run actions/checkout@v4	2026-03-23T23:02:58.9123214Z [command]/usr/bin/git config --local --name-only --get-regexp ^includeIf\.gitdir:
Build Server Image	Run actions/checkout@v4	2026-03-23T23:02:58.9154904Z [command]/usr/bin/git submodule foreach --recursive git config --local --show-origin --name-only --get-regexp remote.origin.url
Build Server Image	Run actions/checkout@v4	2026-03-23T23:02:58.9400937Z [command]/usr/bin/git config --local http.https://github.com/.extraheader AUTHORIZATION: basic ***
Build Server Image	Run actions/checkout@v4	2026-03-23T23:02:58.9436890Z ##[endgroup]
Build Server Image	Run actions/checkout@v4	2026-03-23T23:02:58.9438489Z ##[group]Fetching the repository
Build Server Image	Run actions/checkout@v4	2026-03-23T23:02:58.9445227Z [command]/usr/bin/git -c protocol.version=2 fetch --no-tags --prune --no-recurse-submodules --depth=1 origin +ed74cd31e83301abb2b4d417c7477d2e37e9ac60:refs/remotes/origin/main
Build Server Image	Run actions/checkout@v4	2026-03-23T23:03:00.4243916Z From https://github.com/WhitehatD/thesis-iot-monitoring
Build Server Image	Run actions/checkout@v4	2026-03-23T23:03:00.4245425Z  * [new ref]         ed74cd31e83301abb2b4d417c7477d2e37e9ac60 -> origin/main
Build Server Image	Run actions/checkout@v4	2026-03-23T23:03:00.4281089Z ##[endgroup]
Build Server Image	Run actions/checkout@v4	2026-03-23T23:03:00.4281926Z ##[group]Determining the checkout info
Build Server Image	Run actions/checkout@v4	2026-03-23T23:03:00.4288067Z ##[endgroup]
Build Server Image	Run actions/checkout@v4	2026-03-23T23:03:00.4290835Z [command]/usr/bin/git sparse-checkout disable
Build Server Image	Run actions/checkout@v4	2026-03-23T23:03:00.4336705Z [command]/usr/bin/git config --local --unset-all extensions.worktreeConfig
Build Server Image	Run actions/checkout@v4	2026-03-23T23:03:00.4365694Z ##[group]Checking out the ref
Build Server Image	Run actions/checkout@v4	2026-03-23T23:03:00.4371439Z [command]/usr/bin/git checkout --progress --force -B main refs/remotes/origin/main
Build Server Image	Run actions/checkout@v4	2026-03-23T23:03:00.7607210Z Switched to a new branch 'main'
Build Server Image	Run actions/checkout@v4	2026-03-23T23:03:00.7608311Z branch 'main' set up to track 'origin/main'.
Build Server Image	Run actions/checkout@v4	2026-03-23T23:03:00.7641107Z ##[endgroup]
Build Server Image	Run actions/checkout@v4	2026-03-23T23:03:00.7682433Z [command]/usr/bin/git log -1 --format=%H
Build Server Image	Run actions/checkout@v4	2026-03-23T23:03:00.7705540Z ed74cd31e83301abb2b4d417c7477d2e37e9ac60
Build Server Image	Compute lowercase image name	´╗┐2026-03-23T23:03:00.7881461Z ##[group]Run echo "image=ghcr.io/${GITHUB_REPOSITORY_OWNER,,}/thesis-server" >> "$GITHUB_OUTPUT"
Build Server Image	Compute lowercase image name	2026-03-23T23:03:00.7882368Z [36;1mecho "image=ghcr.io/${GITHUB_REPOSITORY_OWNER,,}/thesis-server" >> "$GITHUB_OUTPUT"[0m
Build Server Image	Compute lowercase image name	2026-03-23T23:03:00.7934461Z shell: /usr/bin/bash -e {0}
Build Server Image	Compute lowercase image name	2026-03-23T23:03:00.7934733Z env:
Build Server Image	Compute lowercase image name	2026-03-23T23:03:00.7934914Z   REGISTRY: ghcr.io
Build Server Image	Compute lowercase image name	2026-03-23T23:03:00.7935117Z ##[endgroup]
Build Server Image	Log in to GitHub Container Registry	´╗┐2026-03-23T23:03:00.8099646Z ##[group]Run docker/login-action@v3
Build Server Image	Log in to GitHub Container Registry	2026-03-23T23:03:00.8099942Z with:
Build Server Image	Log in to GitHub Container Registry	2026-03-23T23:03:00.8100124Z   registry: ghcr.io
Build Server Image	Log in to GitHub Container Registry	2026-03-23T23:03:00.8100320Z   username: WhitehatD
Build Server Image	Log in to GitHub Container Registry	2026-03-23T23:03:00.8100788Z   password: ***
Build Server Image	Log in to GitHub Container Registry	2026-03-23T23:03:00.8100993Z   logout: true
Build Server Image	Log in to GitHub Container Registry	2026-03-23T23:03:00.8101162Z env:
Build Server Image	Log in to GitHub Container Registry	2026-03-23T23:03:00.8101324Z   REGISTRY: ghcr.io
Build Server Image	Log in to GitHub Container Registry	2026-03-23T23:03:00.8101507Z ##[endgroup]
Build Server Image	Log in to GitHub Container Registry	2026-03-23T23:03:01.1217597Z Logging into ghcr.io...
Build Server Image	Log in to GitHub Container Registry	2026-03-23T23:03:01.9488156Z Login Succeeded!
Build Server Image	Build and push server image	´╗┐2026-03-23T23:03:01.9695614Z ##[group]Run docker/build-push-action@v5
Build Server Image	Build and push server image	2026-03-23T23:03:01.9696195Z with:
Build Server Image	Build and push server image	2026-03-23T23:03:01.9696412Z   context: ./server
Build Server Image	Build and push server image	2026-03-23T23:03:01.9696596Z   push: true
Build Server Image	Build and push server image	2026-03-23T23:03:01.9697046Z   tags: ghcr.io/whitehatd/thesis-server:latest
Build Server Image	Build and push server image	ghcr.io/whitehatd/thesis-server:ed74cd31e83301abb2b4d417c7477d2e37e9ac60
Build Server Image	Build and push server image	
Build Server Image	Build and push server image	2026-03-23T23:03:01.9697576Z   load: false
Build Server Image	Build and push server image	2026-03-23T23:03:01.9697753Z   no-cache: false
Build Server Image	Build and push server image	2026-03-23T23:03:01.9697968Z   pull: false
Build Server Image	Build and push server image	2026-03-23T23:03:01.9698597Z   github-token: ***
Build Server Image	Build and push server image	2026-03-23T23:03:01.9698828Z env:
Build Server Image	Build and push server image	2026-03-23T23:03:01.9698986Z   REGISTRY: ghcr.io
Build Server Image	Build and push server image	2026-03-23T23:03:01.9699167Z ##[endgroup]
Build Server Image	Build and push server image	2026-03-23T23:03:02.1954490Z ##[group]GitHub Actions runtime token ACs
Build Server Image	Build and push server image	2026-03-23T23:03:02.1966799Z refs/heads/main: read/write
Build Server Image	Build and push server image	2026-03-23T23:03:02.1968089Z ##[endgroup]
Build Server Image	Build and push server image	2026-03-23T23:03:02.1969418Z ##[group]Docker info
Build Server Image	Build and push server image	2026-03-23T23:03:02.2015222Z [command]/usr/bin/docker version
Build Server Image	Build and push server image	2026-03-23T23:03:02.2246463Z Client: Docker Engine - Community
Build Server Image	Build and push server image	2026-03-23T23:03:02.2250295Z  Version:           28.0.4
Build Server Image	Build and push server image	2026-03-23T23:03:02.2251077Z  API version:       1.48
Build Server Image	Build and push server image	2026-03-23T23:03:02.2253165Z  Go version:        go1.23.7
Build Server Image	Build and push server image	2026-03-23T23:03:02.2253566Z  Git commit:        b8034c0
Build Server Image	Build and push server image	2026-03-23T23:03:02.2253976Z  Built:             Tue Mar 25 15:07:16 2025
Build Server Image	Build and push server image	2026-03-23T23:03:02.2254515Z  OS/Arch:           linux/amd64
Build Server Image	Build and push server image	2026-03-23T23:03:02.2254915Z  Context:           default
Build Server Image	Build and push server image	2026-03-23T23:03:02.2255156Z 
Build Server Image	Build and push server image	2026-03-23T23:03:02.2255307Z Server: Docker Engine - Community
Build Server Image	Build and push server image	2026-03-23T23:03:02.2255699Z  Engine:
Build Server Image	Build and push server image	2026-03-23T23:03:02.2256243Z   Version:          28.0.4
Build Server Image	Build and push server image	2026-03-23T23:03:02.2256662Z   API version:      1.48 (minimum version 1.24)
Build Server Image	Build and push server image	2026-03-23T23:03:02.2257128Z   Go version:       go1.23.7
Build Server Image	Build and push server image	2026-03-23T23:03:02.2257480Z   Git commit:       6430e49
Build Server Image	Build and push server image	2026-03-23T23:03:02.2257860Z   Built:            Tue Mar 25 15:07:16 2025
Build Server Image	Build and push server image	2026-03-23T23:03:02.2258276Z   OS/Arch:          linux/amd64
Build Server Image	Build and push server image	2026-03-23T23:03:02.2258648Z   Experimental:     false
Build Server Image	Build and push server image	2026-03-23T23:03:02.2258981Z  containerd:
Build Server Image	Build and push server image	2026-03-23T23:03:02.2259272Z   Version:          v2.2.1
Build Server Image	Build and push server image	2026-03-23T23:03:02.2259738Z   GitCommit:        dea7da592f5d1d2b7755e3a161be07f43fad8f75
Build Server Image	Build and push server image	2026-03-23T23:03:02.2260276Z  runc:
Build Server Image	Build and push server image	2026-03-23T23:03:02.2260543Z   Version:          1.3.4
Build Server Image	Build and push server image	2026-03-23T23:03:02.2260911Z   GitCommit:        v1.3.4-0-gd6d73eb8
Build Server Image	Build and push server image	2026-03-23T23:03:02.2261323Z  docker-init:
Build Server Image	Build and push server image	2026-03-23T23:03:02.2261622Z   Version:          0.19.0
Build Server Image	Build and push server image	2026-03-23T23:03:02.2261976Z   GitCommit:        de40ad0
Build Server Image	Build and push server image	2026-03-23T23:03:02.2300501Z [command]/usr/bin/docker info
Build Server Image	Build and push server image	2026-03-23T23:03:11.3944208Z Client: Docker Engine - Community
Build Server Image	Build and push server image	2026-03-23T23:03:11.3944860Z  Version:    28.0.4
Build Server Image	Build and push server image	2026-03-23T23:03:11.3945178Z  Context:    default
Build Server Image	Build and push server image	2026-03-23T23:03:11.3945498Z  Debug Mode: false
Build Server Image	Build and push server image	2026-03-23T23:03:11.3945794Z  Plugins:
Build Server Image	Build and push server image	2026-03-23T23:03:11.3947565Z   buildx: Docker Buildx (Docker Inc.)
Build Server Image	Build and push server image	2026-03-23T23:03:11.3947938Z     Version:  v0.32.1
Build Server Image	Build and push server image	2026-03-23T23:03:11.3948350Z     Path:     /usr/libexec/docker/cli-plugins/docker-buildx
Build Server Image	Build and push server image	2026-03-23T23:03:11.3948834Z   compose: Docker Compose (Docker Inc.)
Build Server Image	Build and push server image	2026-03-23T23:03:11.3949198Z     Version:  v2.38.2
Build Server Image	Build and push server image	2026-03-23T23:03:11.3949645Z     Path:     /usr/libexec/docker/cli-plugins/docker-compose
Build Server Image	Build and push server image	2026-03-23T23:03:11.3949907Z 
Build Server Image	Build and push server image	2026-03-23T23:03:11.3949974Z Server:
Build Server Image	Build and push server image	2026-03-23T23:03:11.3950459Z  Containers: 0
Build Server Image	Build and push server image	2026-03-23T23:03:11.3950625Z   Running: 0
Build Server Image	Build and push server image	2026-03-23T23:03:11.3950786Z   Paused: 0
Build Server Image	Build and push server image	2026-03-23T23:03:11.3950937Z   Stopped: 0
Build Server Image	Build and push server image	2026-03-23T23:03:11.3951099Z  Images: 6
Build Server Image	Build and push server image	2026-03-23T23:03:11.3951256Z  Server Version: 28.0.4
Build Server Image	Build and push server image	2026-03-23T23:03:11.3951484Z  Storage Driver: overlay2
Build Server Image	Build and push server image	2026-03-23T23:03:11.3951695Z   Backing Filesystem: extfs
Build Server Image	Build and push server image	2026-03-23T23:03:11.3951899Z   Supports d_type: true
Build Server Image	Build and push server image	2026-03-23T23:03:11.3952092Z   Using metacopy: false
Build Server Image	Build and push server image	2026-03-23T23:03:11.3952280Z   Native Overlay Diff: false
Build Server Image	Build and push server image	2026-03-23T23:03:11.3952487Z   userxattr: false
Build Server Image	Build and push server image	2026-03-23T23:03:11.3952670Z  Logging Driver: json-file
Build Server Image	Build and push server image	2026-03-23T23:03:11.3952874Z  Cgroup Driver: systemd
Build Server Image	Build and push server image	2026-03-23T23:03:11.3953052Z  Cgroup Version: 2
Build Server Image	Build and push server image	2026-03-23T23:03:11.3953415Z  Plugins:
Build Server Image	Build and push server image	2026-03-23T23:03:11.3953687Z   Volume: local
Build Server Image	Build and push server image	2026-03-23T23:03:11.3954414Z   Network: bridge host ipvlan macvlan null overlay
Build Server Image	Build and push server image	2026-03-23T23:03:11.3955101Z   Log: awslogs fluentd gcplogs gelf journald json-file local splunk syslog
Build Server Image	Build and push server image	2026-03-23T23:03:11.3955693Z  Swarm: inactive
Build Server Image	Build and push server image	2026-03-23T23:03:11.3956478Z  Runtimes: io.containerd.runc.v2 runc
Build Server Image	Build and push server image	2026-03-23T23:03:11.3956914Z  Default Runtime: runc
Build Server Image	Build and push server image	2026-03-23T23:03:11.3957261Z  Init Binary: docker-init
Build Server Image	Build and push server image	2026-03-23T23:03:11.3957734Z  containerd version: dea7da592f5d1d2b7755e3a161be07f43fad8f75
Build Server Image	Build and push server image	2026-03-23T23:03:11.3958272Z  runc version: v1.3.4-0-gd6d73eb8
Build Server Image	Build and push server image	2026-03-23T23:03:11.3958654Z  init version: de40ad0
Build Server Image	Build and push server image	2026-03-23T23:03:11.3959003Z  Security Options:
Build Server Image	Build and push server image	2026-03-23T23:03:11.3959304Z   apparmor
Build Server Image	Build and push server image	2026-03-23T23:03:11.3959571Z   seccomp
Build Server Image	Build and push server image	2026-03-23T23:03:11.3959871Z    Profile: builtin
Build Server Image	Build and push server image	2026-03-23T23:03:11.3960175Z   cgroupns
Build Server Image	Build and push server image	2026-03-23T23:03:11.3960470Z  Kernel Version: 6.14.0-1017-azure
Build Server Image	Build and push server image	2026-03-23T23:03:11.3960892Z  Operating System: Ubuntu 24.04.3 LTS
Build Server Image	Build and push server image	2026-03-23T23:03:11.3961315Z  OSType: linux
Build Server Image	Build and push server image	2026-03-23T23:03:11.3961611Z  Architecture: x86_64
Build Server Image	Build and push server image	2026-03-23T23:03:11.3961954Z  CPUs: 4
Build Server Image	Build and push server image	2026-03-23T23:03:11.3962214Z  Total Memory: 15.62GiB
Build Server Image	Build and push server image	2026-03-23T23:03:11.3962554Z  Name: runnervm46oaq
Build Server Image	Build and push server image	2026-03-23T23:03:11.3962890Z  ID: d09189cb-1d3f-4984-a57a-14f8dab86177
Build Server Image	Build and push server image	2026-03-23T23:03:11.3963526Z  Docker Root Dir: /var/lib/docker
Build Server Image	Build and push server image	2026-03-23T23:03:11.3963913Z  Debug Mode: false
Build Server Image	Build and push server image	2026-03-23T23:03:11.3964220Z  Username: githubactions
Build Server Image	Build and push server image	2026-03-23T23:03:11.3964567Z  Experimental: false
Build Server Image	Build and push server image	2026-03-23T23:03:11.3964880Z  Insecure Registries:
Build Server Image	Build and push server image	2026-03-23T23:03:11.3969549Z   ::1/128
Build Server Image	Build and push server image	2026-03-23T23:03:11.3969833Z   127.0.0.0/8
Build Server Image	Build and push server image	2026-03-23T23:03:11.3970140Z  Live Restore Enabled: false
Build Server Image	Build and push server image	2026-03-23T23:03:11.3970392Z 
Build Server Image	Build and push server image	2026-03-23T23:03:11.3970918Z ##[endgroup]
Build Server Image	Build and push server image	2026-03-23T23:03:11.3971471Z ##[group]Proxy configuration
Build Server Image	Build and push server image	2026-03-23T23:03:11.3971851Z No proxy configuration found
Build Server Image	Build and push server image	2026-03-23T23:03:11.3972516Z ##[endgroup]
Build Server Image	Build and push server image	2026-03-23T23:03:11.5346993Z ##[group]Buildx version
Build Server Image	Build and push server image	2026-03-23T23:03:11.5394353Z [command]/usr/bin/docker buildx version
Build Server Image	Build and push server image	2026-03-23T23:03:11.6030154Z github.com/docker/buildx v0.32.1 d3bfb3f4e48a67dda56e957a6636f4fab6c5fcb2
Build Server Image	Build and push server image	2026-03-23T23:03:11.6064384Z ##[endgroup]
Build Server Image	Build and push server image	2026-03-23T23:03:11.6064807Z ##[group]Builder info
Build Server Image	Build and push server image	2026-03-23T23:03:11.7458349Z {
Build Server Image	Build and push server image	2026-03-23T23:03:11.7458745Z   "nodes": [
Build Server Image	Build and push server image	2026-03-23T23:03:11.7459041Z     {
Build Server Image	Build and push server image	2026-03-23T23:03:11.7459267Z       "name": "default",
Build Server Image	Build and push server image	2026-03-23T23:03:11.7459502Z       "endpoint": "default",
Build Server Image	Build and push server image	2026-03-23T23:03:11.7459716Z       "status": "running",
Build Server Image	Build and push server image	2026-03-23T23:03:11.7459921Z       "buildkit": "v0.20.2",
Build Server Image	Build and push server image	2026-03-23T23:03:11.7460227Z       "platforms": "linux/amd64,linux/amd64/v2,linux/amd64/v3,linux/386",
Build Server Image	Build and push server image	2026-03-23T23:03:11.7460556Z       "features": {
Build Server Image	Build and push server image	2026-03-23T23:03:11.7460848Z         "Automatically load images to the Docker Engine image store": true,
Build Server Image	Build and push server image	2026-03-23T23:03:11.7461192Z         "Cache export": true,
Build Server Image	Build and push server image	2026-03-23T23:03:11.7461403Z         "Direct push": true,
Build Server Image	Build and push server image	2026-03-23T23:03:11.7461609Z         "Docker exporter": true,
Build Server Image	Build and push server image	2026-03-23T23:03:11.7461837Z         "Multi-platform build": true,
Build Server Image	Build and push server image	2026-03-23T23:03:11.7462065Z         "OCI exporter": true
Build Server Image	Build and push server image	2026-03-23T23:03:11.7462266Z       },
Build Server Image	Build and push server image	2026-03-23T23:03:11.7462412Z       "labels": {
Build Server Image	Build and push server image	2026-03-23T23:03:11.7462715Z         "org.mobyproject.buildkit.worker.moby.host-gateway-ip": "172.17.0.1"
Build Server Image	Build and push server image	2026-03-23T23:03:11.7463322Z       }
Build Server Image	Build and push server image	2026-03-23T23:03:11.7463463Z     }
Build Server Image	Build and push server image	2026-03-23T23:03:11.7463605Z   ],
Build Server Image	Build and push server image	2026-03-23T23:03:11.7464002Z   "name": "default",
Build Server Image	Build and push server image	2026-03-23T23:03:11.7464196Z   "driver": "docker"
Build Server Image	Build and push server image	2026-03-23T23:03:11.7464357Z }
Build Server Image	Build and push server image	2026-03-23T23:03:11.7464807Z ##[endgroup]
Build Server Image	Build and push server image	2026-03-23T23:03:11.8990648Z [command]/usr/bin/docker buildx build --iidfile /home/runner/work/_temp/docker-actions-toolkit-7faYCc/build-iidfile-28cf5ab707.txt --tag ghcr.io/whitehatd/thesis-server:latest --tag ghcr.io/whitehatd/thesis-server:ed74cd31e83301abb2b4d417c7477d2e37e9ac60 --metadata-file /home/runner/work/_temp/docker-actions-toolkit-7faYCc/build-metadata-c5fff80bd1.json --push ./server
Build Server Image	Build and push server image	2026-03-23T23:03:12.2192132Z #0 building with "default" instance using docker driver
Build Server Image	Build and push server image	2026-03-23T23:03:12.2192523Z 
Build Server Image	Build and push server image	2026-03-23T23:03:12.2193068Z #1 [internal] load build definition from Dockerfile
Build Server Image	Build and push server image	2026-03-23T23:03:12.2193421Z #1 transferring dockerfile: 383B done
Build Server Image	Build and push server image	2026-03-23T23:03:12.2193703Z #1 DONE 0.0s
Build Server Image	Build and push server image	2026-03-23T23:03:12.2193832Z 
Build Server Image	Build and push server image	2026-03-23T23:03:12.2194035Z #2 [internal] load metadata for docker.io/library/python:3.11-slim
Build Server Image	Build and push server image	2026-03-23T23:03:12.4461294Z #2 ...
Build Server Image	Build and push server image	2026-03-23T23:03:12.4461761Z 
Build Server Image	Build and push server image	2026-03-23T23:03:12.4462041Z #3 [auth] library/python:pull token for registry-1.docker.io
Build Server Image	Build and push server image	2026-03-23T23:03:12.4462733Z #3 DONE 0.0s
Build Server Image	Build and push server image	2026-03-23T23:03:12.5956225Z 
Build Server Image	Build and push server image	2026-03-23T23:03:12.5956914Z #2 [internal] load metadata for docker.io/library/python:3.11-slim
Build Server Image	Build and push server image	2026-03-23T23:03:12.9503937Z #2 DONE 0.9s
Build Server Image	Build and push server image	2026-03-23T23:03:13.0655090Z 
Build Server Image	Build and push server image	2026-03-23T23:03:13.0655612Z #4 [internal] load .dockerignore
Build Server Image	Build and push server image	2026-03-23T23:03:13.0656337Z #4 transferring context: 2B done
Build Server Image	Build and push server image	2026-03-23T23:03:13.0656691Z #4 DONE 0.0s
Build Server Image	Build and push server image	2026-03-23T23:03:13.0656849Z 
Build Server Image	Build and push server image	2026-03-23T23:03:13.0657002Z #5 [internal] load build context
Build Server Image	Build and push server image	2026-03-23T23:03:13.0657400Z #5 transferring context: 43.06kB done
Build Server Image	Build and push server image	2026-03-23T23:03:13.0657901Z #5 DONE 0.0s
Build Server Image	Build and push server image	2026-03-23T23:03:13.0658095Z 
Build Server Image	Build and push server image	2026-03-23T23:03:13.0658811Z #6 [1/6] FROM docker.io/library/python:3.11-slim@sha256:9358444059ed78e2975ada2c189f1c1a3144a5dab6f35bff8c981afb38946634
Build Server Image	Build and push server image	2026-03-23T23:03:13.0660491Z #6 resolve docker.io/library/python:3.11-slim@sha256:9358444059ed78e2975ada2c189f1c1a3144a5dab6f35bff8c981afb38946634 done
Build Server Image	Build and push server image	2026-03-23T23:03:13.0662006Z #6 sha256:e67db9b14d098500c534b3acb73f5503fad7eed29720b8870d12dadb98ae245b 5.48kB / 5.48kB done
Build Server Image	Build and push server image	2026-03-23T23:03:13.0663334Z #6 sha256:ec781dee3f4719c2ca0dd9e73cb1d4ed834ed1a406495eb6e44b6dfaad5d1f8f 0B / 29.78MB 0.1s
Build Server Image	Build and push server image	2026-03-23T23:03:13.0664203Z #6 sha256:6944007a5b45fe41656cd72b1691b1419bf9d39641e7afbc937f3a3abd07e575 0B / 1.29MB 0.1s
Build Server Image	Build and push server image	2026-03-23T23:03:13.0664788Z #6 sha256:e35b92e2619d5152fbb45e6ccb02dbb1007c5784ad19a5e235bf05ca6e226a88 0B / 14.37MB 0.1s
Build Server Image	Build and push server image	2026-03-23T23:03:13.0665389Z #6 sha256:9358444059ed78e2975ada2c189f1c1a3144a5dab6f35bff8c981afb38946634 10.37kB / 10.37kB done
Build Server Image	Build and push server image	2026-03-23T23:03:13.0666361Z #6 sha256:16cb75beff0e104520a4bc4e98b08987b6978b82e37b81b87d786504e17579e7 1.75kB / 1.75kB done
Build Server Image	Build and push server image	2026-03-23T23:03:13.1659780Z #6 sha256:ec781dee3f4719c2ca0dd9e73cb1d4ed834ed1a406495eb6e44b6dfaad5d1f8f 29.78MB / 29.78MB 0.2s
Build Server Image	Build and push server image	2026-03-23T23:03:13.3197150Z #6 sha256:ec781dee3f4719c2ca0dd9e73cb1d4ed834ed1a406495eb6e44b6dfaad5d1f8f 29.78MB / 29.78MB 0.2s done
Build Server Image	Build and push server image	2026-03-23T23:03:13.3198554Z #6 sha256:6944007a5b45fe41656cd72b1691b1419bf9d39641e7afbc937f3a3abd07e575 1.29MB / 1.29MB 0.2s done
Build Server Image	Build and push server image	2026-03-23T23:03:13.3200054Z #6 sha256:e35b92e2619d5152fbb45e6ccb02dbb1007c5784ad19a5e235bf05ca6e226a88 14.37MB / 14.37MB 0.3s done
Build Server Image	Build and push server image	2026-03-23T23:03:13.3201320Z #6 extracting sha256:ec781dee3f4719c2ca0dd9e73cb1d4ed834ed1a406495eb6e44b6dfaad5d1f8f 0.1s
Build Server Image	Build and push server image	2026-03-23T23:03:13.3202537Z #6 sha256:7524aba74b8cc45ff3cf2f089fd9a638dfd58b001763194d0819c8d7c75d598f 0B / 250B 0.3s
Build Server Image	Build and push server image	2026-03-23T23:03:13.4321151Z #6 sha256:7524aba74b8cc45ff3cf2f089fd9a638dfd58b001763194d0819c8d7c75d598f 250B / 250B 0.3s done
Build Server Image	Build and push server image	2026-03-23T23:03:14.1997830Z #6 extracting sha256:ec781dee3f4719c2ca0dd9e73cb1d4ed834ed1a406495eb6e44b6dfaad5d1f8f 1.0s done
Build Server Image	Build and push server image	2026-03-23T23:03:14.1999342Z #6 extracting sha256:6944007a5b45fe41656cd72b1691b1419bf9d39641e7afbc937f3a3abd07e575
Build Server Image	Build and push server image	2026-03-23T23:03:14.4665797Z #6 extracting sha256:6944007a5b45fe41656cd72b1691b1419bf9d39641e7afbc937f3a3abd07e575 0.1s done
Build Server Image	Build and push server image	2026-03-23T23:03:15.0529682Z #6 extracting sha256:e35b92e2619d5152fbb45e6ccb02dbb1007c5784ad19a5e235bf05ca6e226a88
Build Server Image	Build and push server image	2026-03-23T23:03:15.8646505Z #6 extracting sha256:e35b92e2619d5152fbb45e6ccb02dbb1007c5784ad19a5e235bf05ca6e226a88 0.7s done
Build Server Image	Build and push server image	2026-03-23T23:03:15.8648604Z #6 extracting sha256:7524aba74b8cc45ff3cf2f089fd9a638dfd58b001763194d0819c8d7c75d598f
Build Server Image	Build and push server image	2026-03-23T23:03:16.0611108Z #6 extracting sha256:7524aba74b8cc45ff3cf2f089fd9a638dfd58b001763194d0819c8d7c75d598f done
Build Server Image	Build and push server image	2026-03-23T23:03:16.0611984Z #6 DONE 2.9s
Build Server Image	Build and push server image	2026-03-23T23:03:16.0612202Z 
Build Server Image	Build and push server image	2026-03-23T23:03:16.0612323Z #7 [2/6] WORKDIR /app
Build Server Image	Build and push server image	2026-03-23T23:03:16.0612667Z #7 DONE 0.0s
Build Server Image	Build and push server image	2026-03-23T23:03:16.0612784Z 
Build Server Image	Build and push server image	2026-03-23T23:03:16.0612966Z #8 [3/6] COPY requirements.txt .
Build Server Image	Build and push server image	2026-03-23T23:03:16.0613595Z #8 DONE 0.0s
Build Server Image	Build and push server image	2026-03-23T23:03:16.0613735Z 
Build Server Image	Build and push server image	2026-03-23T23:03:16.0613968Z #9 [4/6] RUN pip install --no-cache-dir -r requirements.txt
Build Server Image	Build and push server image	2026-03-23T23:03:17.5133523Z #9 1.603 Collecting fastapi>=0.115.0 (from -r requirements.txt (line 2))
Build Server Image	Build and push server image	2026-03-23T23:03:17.7090387Z #9 1.619   Downloading fastapi-0.135.2-py3-none-any.whl.metadata (28 kB)
Build Server Image	Build and push server image	2026-03-23T23:03:17.7091809Z #9 1.655 Collecting uvicorn>=0.34.0 (from uvicorn[standard]>=0.34.0->-r requirements.txt (line 3))
Build Server Image	Build and push server image	2026-03-23T23:03:17.7092870Z #9 1.658   Downloading uvicorn-0.42.0-py3-none-any.whl.metadata (6.7 kB)
Build Server Image	Build and push server image	2026-03-23T23:03:17.7093769Z #9 1.798 Collecting pydantic>=2.10.0 (from -r requirements.txt (line 4))
Build Server Image	Build and push server image	2026-03-23T23:03:17.9382277Z #9 1.801   Downloading pydantic-2.12.5-py3-none-any.whl.metadata (90 kB)
Build Server Image	Build and push server image	2026-03-23T23:03:17.9383459Z #9 1.805      ÔöüÔöüÔöüÔöüÔöüÔöüÔöüÔöüÔöüÔöüÔöüÔöüÔöüÔöüÔöüÔöüÔöüÔöüÔöüÔöüÔöüÔöüÔöüÔöüÔöüÔöüÔöüÔöüÔöüÔöüÔöüÔöüÔöüÔöüÔöüÔöüÔöüÔöüÔöüÔöü 90.6/90.6 kB 39.9 MB/s eta 0:00:00
Build Server Image	Build and push server image	2026-03-23T23:03:17.9384118Z #9 1.830 Collecting pydantic-settings>=2.7.0 (from -r requirements.txt (line 5))
Build Server Image	Build and push server image	2026-03-23T23:03:17.9385005Z #9 1.834   Downloading pydantic_settings-2.13.1-py3-none-any.whl.metadata (3.4 kB)
Build Server Image	Build and push server image	2026-03-23T23:03:17.9385724Z #9 1.851 Collecting python-multipart>=0.0.18 (from -r requirements.txt (line 6))
Build Server Image	Build and push server image	2026-03-23T23:03:17.9386942Z #9 1.854   Downloading python_multipart-0.0.22-py3-none-any.whl.metadata (1.8 kB)
Build Server Image	Build and push server image	2026-03-23T23:03:17.9387744Z #9 1.871 Collecting fastapi-mqtt>=2.2.0 (from -r requirements.txt (line 9))
Build Server Image	Build and push server image	2026-03-23T23:03:17.9388407Z #9 1.877   Downloading fastapi_mqtt-2.2.0-py3-none-any.whl.metadata (6.0 kB)
Build Server Image	Build and push server image	2026-03-23T23:03:18.1100416Z #9 2.199 Collecting sqlalchemy>=2.0.36 (from sqlalchemy[asyncio]>=2.0.36->-r requirements.txt (line 12))
Build Server Image	Build and push server image	2026-03-23T23:03:18.2677244Z #9 2.204   Downloading sqlalchemy-2.0.48-cp311-cp311-manylinux2014_x86_64.manylinux_2_17_x86_64.manylinux_2_28_x86_64.whl.metadata (9.5 kB)
Build Server Image	Build and push server image	2026-03-23T23:03:18.2679016Z #9 2.219 Collecting aiosqlite>=0.20.0 (from -r requirements.txt (line 13))
Build Server Image	Build and push server image	2026-03-23T23:03:18.2680045Z #9 2.222   Downloading aiosqlite-0.22.1-py3-none-any.whl.metadata (4.3 kB)
Build Server Image	Build and push server image	2026-03-23T23:03:18.2681013Z #9 2.259 Collecting alembic>=1.14.0 (from -r requirements.txt (line 14))
Build Server Image	Build and push server image	2026-03-23T23:03:18.2682163Z #9 2.261   Downloading alembic-1.18.4-py3-none-any.whl.metadata (7.2 kB)
Build Server Image	Build and push server image	2026-03-23T23:03:18.2682936Z #9 2.357 Collecting openai>=1.60.0 (from -r requirements.txt (line 17))
Build Server Image	Build and push server image	2026-03-23T23:03:18.4923155Z #9 2.360   Downloading openai-2.29.0-py3-none-any.whl.metadata (29 kB)
Build Server Image	Build and push server image	2026-03-23T23:03:18.4923996Z #9 2.394 Collecting google-genai>=1.5.0 (from -r requirements.txt (line 18))
Build Server Image	Build and push server image	2026-03-23T23:03:18.4924646Z #9 2.397   Downloading google_genai-1.68.0-py3-none-any.whl.metadata (52 kB)
Build Server Image	Build and push server image	2026-03-23T23:03:18.4925637Z #9 2.400      ÔöüÔöüÔöüÔöüÔöüÔöüÔöüÔöüÔöüÔöüÔöüÔöüÔöüÔöüÔöüÔöüÔöüÔöüÔöüÔöüÔöüÔöüÔöüÔöüÔöüÔöüÔöüÔöüÔöüÔöüÔöüÔöüÔöüÔöüÔöüÔöüÔöüÔöüÔöüÔöü 52.3/52.3 kB 24.1 MB/s eta 0:00:00
Build Server Image	Build and push server image	2026-03-23T23:03:18.4926745Z #9 2.429 Collecting httpx>=0.28.0 (from -r requirements.txt (line 21))
Build Server Image	Build and push server image	2026-03-23T23:03:18.4927401Z #9 2.431   Downloading httpx-0.28.1-py3-none-any.whl.metadata (7.1 kB)
Build Server Image	Build and push server image	2026-03-23T23:03:18.5822792Z #9 2.672 Collecting numpy>=1.26.0 (from -r requirements.txt (line 22))
Build Server Image	Build and push server image	2026-03-23T23:03:18.7356782Z #9 2.675   Downloading numpy-2.4.3-cp311-cp311-manylinux_2_27_x86_64.manylinux_2_28_x86_64.whl.metadata (6.6 kB)
Build Server Image	Build and push server image	2026-03-23T23:03:18.7679554Z #9 2.857 Collecting Pillow>=11.0.0 (from -r requirements.txt (line 23))
Build Server Image	Build and push server image	2026-03-23T23:03:18.8784161Z #9 2.860   Downloading pillow-12.1.1-cp311-cp311-manylinux_2_27_x86_64.manylinux_2_28_x86_64.whl.metadata (8.8 kB)
Build Server Image	Build and push server image	2026-03-23T23:03:18.8785513Z #9 2.919 Collecting starlette>=0.46.0 (from fastapi>=0.115.0->-r requirements.txt (line 2))
Build Server Image	Build and push server image	2026-03-23T23:03:18.8786500Z #9 2.922   Downloading starlette-1.0.0-py3-none-any.whl.metadata (6.3 kB)
Build Server Image	Build and push server image	2026-03-23T23:03:18.8787178Z #9 2.954 Collecting typing-extensions>=4.8.0 (from fastapi>=0.115.0->-r requirements.txt (line 2))
Build Server Image	Build and push server image	2026-03-23T23:03:18.8788044Z #9 2.956   Downloading typing_extensions-4.15.0-py3-none-any.whl.metadata (3.3 kB)
Build Server Image	Build and push server image	2026-03-23T23:03:18.8788778Z #9 2.968 Collecting typing-inspection>=0.4.2 (from fastapi>=0.115.0->-r requirements.txt (line 2))
Build Server Image	Build and push server image	2026-03-23T23:03:19.1120355Z #9 2.971   Downloading typing_inspection-0.4.2-py3-none-any.whl.metadata (2.6 kB)
Build Server Image	Build and push server image	2026-03-23T23:03:19.1121279Z #9 2.982 Collecting annotated-doc>=0.0.2 (from fastapi>=0.115.0->-r requirements.txt (line 2))
Build Server Image	Build and push server image	2026-03-23T23:03:19.1122100Z #9 2.984   Downloading annotated_doc-0.0.4-py3-none-any.whl.metadata (6.6 kB)
Build Server Image	Build and push server image	2026-03-23T23:03:19.1122894Z #9 3.014 Collecting click>=7.0 (from uvicorn>=0.34.0->uvicorn[standard]>=0.34.0->-r requirements.txt (line 3))
Build Server Image	Build and push server image	2026-03-23T23:03:19.1123708Z #9 3.016   Downloading click-8.3.1-py3-none-any.whl.metadata (2.6 kB)
Build Server Image	Build and push server image	2026-03-23T23:03:19.1124437Z #9 3.028 Collecting h11>=0.8 (from uvicorn>=0.34.0->uvicorn[standard]>=0.34.0->-r requirements.txt (line 3))
Build Server Image	Build and push server image	2026-03-23T23:03:19.1125163Z #9 3.031   Downloading h11-0.16.0-py3-none-any.whl.metadata (8.3 kB)
Build Server Image	Build and push server image	2026-03-23T23:03:19.1125874Z #9 3.048 Collecting annotated-types>=0.6.0 (from pydantic>=2.10.0->-r requirements.txt (line 4))
Build Server Image	Build and push server image	2026-03-23T23:03:19.1127055Z #9 3.051   Downloading annotated_types-0.7.0-py3-none-any.whl.metadata (15 kB)
Build Server Image	Build and push server image	2026-03-23T23:03:19.7479493Z #9 3.837 Collecting pydantic-core==2.41.5 (from pydantic>=2.10.0->-r requirements.txt (line 4))
Build Server Image	Build and push server image	2026-03-23T23:03:19.9719026Z #9 3.840   Downloading pydantic_core-2.41.5-cp311-cp311-manylinux_2_17_x86_64.manylinux2014_x86_64.whl.metadata (7.3 kB)
Build Server Image	Build and push server image	2026-03-23T23:03:19.9720597Z #9 3.881 Collecting python-dotenv>=0.21.0 (from pydantic-settings>=2.7.0->-r requirements.txt (line 5))
Build Server Image	Build and push server image	2026-03-23T23:03:19.9721373Z #9 3.884   Downloading python_dotenv-1.2.2-py3-none-any.whl.metadata (27 kB)
Build Server Image	Build and push server image	2026-03-23T23:03:19.9722031Z #9 3.907 Collecting gmqtt>=0.6.11 (from fastapi-mqtt>=2.2.0->-r requirements.txt (line 9))
Build Server Image	Build and push server image	2026-03-23T23:03:19.9722871Z #9 3.911   Downloading gmqtt-0.7.0-py3-none-any.whl.metadata (8.7 kB)
Build Server Image	Build and push server image	2026-03-23T23:03:19.9969007Z #9 4.086 Collecting greenlet>=1 (from sqlalchemy>=2.0.36->sqlalchemy[asyncio]>=2.0.36->-r requirements.txt (line 12))
Build Server Image	Build and push server image	2026-03-23T23:03:20.1155686Z #9 4.089   Downloading greenlet-3.3.2-cp311-cp311-manylinux_2_24_x86_64.manylinux_2_28_x86_64.whl.metadata (3.7 kB)
Build Server Image	Build and push server image	2026-03-23T23:03:20.1157029Z #9 4.205 Collecting Mako (from alembic>=1.14.0->-r requirements.txt (line 14))
Build Server Image	Build and push server image	2026-03-23T23:03:20.2587393Z #9 4.208   Downloading mako-1.3.10-py3-none-any.whl.metadata (2.9 kB)
Build Server Image	Build and push server image	2026-03-23T23:03:20.2588400Z #9 4.249 Collecting anyio<5,>=3.5.0 (from openai>=1.60.0->-r requirements.txt (line 17))
Build Server Image	Build and push server image	2026-03-23T23:03:20.2589036Z #9 4.251   Downloading anyio-4.12.1-py3-none-any.whl.metadata (4.3 kB)
Build Server Image	Build and push server image	2026-03-23T23:03:20.2589589Z #9 4.264 Collecting distro<2,>=1.7.0 (from openai>=1.60.0->-r requirements.txt (line 17))
Build Server Image	Build and push server image	2026-03-23T23:03:20.2590278Z #9 4.266   Downloading distro-1.9.0-py3-none-any.whl.metadata (6.8 kB)
Build Server Image	Build and push server image	2026-03-23T23:03:20.2590833Z #9 4.348 Collecting jiter<1,>=0.10.0 (from openai>=1.60.0->-r requirements.txt (line 17))
Build Server Image	Build and push server image	2026-03-23T23:03:20.4498934Z #9 4.351   Downloading jiter-0.13.0-cp311-cp311-manylinux_2_17_x86_64.manylinux2014_x86_64.whl.metadata (5.2 kB)
Build Server Image	Build and push server image	2026-03-23T23:03:20.4500544Z #9 4.380 Collecting sniffio (from openai>=1.60.0->-r requirements.txt (line 17))
Build Server Image	Build and push server image	2026-03-23T23:03:20.4501535Z #9 4.383   Downloading sniffio-1.3.1-py3-none-any.whl.metadata (3.9 kB)
Build Server Image	Build and push server image	2026-03-23T23:03:20.4502494Z #9 4.435 Collecting tqdm>4 (from openai>=1.60.0->-r requirements.txt (line 17))
Build Server Image	Build and push server image	2026-03-23T23:03:20.4503775Z #9 4.439   Downloading tqdm-4.67.3-py3-none-any.whl.metadata (57 kB)
Build Server Image	Build and push server image	2026-03-23T23:03:20.4504628Z #9 4.441      ÔöüÔöüÔöüÔöüÔöüÔöüÔöüÔöüÔöüÔöüÔöüÔöüÔöüÔöüÔöüÔöüÔöüÔöüÔöüÔöüÔöüÔöüÔöüÔöüÔöüÔöüÔöüÔöüÔöüÔöüÔöüÔöüÔöüÔöüÔöüÔöüÔöüÔöüÔöü 57.7/57.7 kB 277.2 MB/s eta 0:00:00
Build Server Image	Build and push server image	2026-03-23T23:03:20.4505371Z #9 4.539 Collecting google-auth<3.0.0,>=2.47.0 (from google-auth[requests]<3.0.0,>=2.47.0->google-genai>=1.5.0->-r requirements.txt (line 18))
Build Server Image	Build and push server image	2026-03-23T23:03:20.6196723Z #9 4.544   Downloading google_auth-2.49.1-py3-none-any.whl.metadata (6.2 kB)
Build Server Image	Build and push server image	2026-03-23T23:03:20.6197945Z #9 4.585 Collecting requests<3.0.0,>=2.28.1 (from google-genai>=1.5.0->-r requirements.txt (line 18))
Build Server Image	Build and push server image	2026-03-23T23:03:20.6199313Z #9 4.593   Downloading requests-2.32.5-py3-none-any.whl.metadata (4.9 kB)
Build Server Image	Build and push server image	2026-03-23T23:03:20.6200346Z #9 4.613 Collecting tenacity<9.2.0,>=8.2.3 (from google-genai>=1.5.0->-r requirements.txt (line 18))
Build Server Image	Build and push server image	2026-03-23T23:03:20.6201826Z #9 4.616   Downloading tenacity-9.1.4-py3-none-any.whl.metadata (1.2 kB)
Build Server Image	Build and push server image	2026-03-23T23:03:20.6203020Z #9 4.709 Collecting websockets<17.0,>=13.0.0 (from google-genai>=1.5.0->-r requirements.txt (line 18))
Build Server Image	Build and push server image	2026-03-23T23:03:20.7956292Z #9 4.712   Downloading websockets-16.0-cp311-cp311-manylinux1_x86_64.manylinux_2_28_x86_64.manylinux_2_5_x86_64.whl.metadata (6.8 kB)
Build Server Image	Build and push server image	2026-03-23T23:03:20.7957999Z #9 4.743 Collecting certifi (from httpx>=0.28.0->-r requirements.txt (line 21))
Build Server Image	Build and push server image	2026-03-23T23:03:20.7958971Z #9 4.746   Downloading certifi-2026.2.25-py3-none-any.whl.metadata (2.5 kB)
Build Server Image	Build and push server image	2026-03-23T23:03:20.7960094Z #9 4.770 Collecting httpcore==1.* (from httpx>=0.28.0->-r requirements.txt (line 21))
Build Server Image	Build and push server image	2026-03-23T23:03:20.7961110Z #9 4.773   Downloading httpcore-1.0.9-py3-none-any.whl.metadata (21 kB)
Build Server Image	Build and push server image	2026-03-23T23:03:20.7961637Z #9 4.789 Collecting idna (from httpx>=0.28.0->-r requirements.txt (line 21))
Build Server Image	Build and push server image	2026-03-23T23:03:20.7962199Z #9 4.791   Downloading idna-3.11-py3-none-any.whl.metadata (8.4 kB)
Build Server Image	Build and push server image	2026-03-23T23:03:20.7962834Z #9 4.885 Collecting httptools>=0.6.3 (from uvicorn[standard]>=0.34.0->-r requirements.txt (line 3))
Build Server Image	Build and push server image	2026-03-23T23:03:20.9699619Z #9 4.888   Downloading httptools-0.7.1-cp311-cp311-manylinux1_x86_64.manylinux_2_28_x86_64.manylinux_2_5_x86_64.whl.metadata (3.5 kB)
Build Server Image	Build and push server image	2026-03-23T23:03:20.9701127Z #9 4.932 Collecting pyyaml>=5.1 (from uvicorn[standard]>=0.34.0->-r requirements.txt (line 3))
Build Server Image	Build and push server image	2026-03-23T23:03:20.9702862Z #9 4.934   Downloading pyyaml-6.0.3-cp311-cp311-manylinux2014_x86_64.manylinux_2_17_x86_64.manylinux_2_28_x86_64.whl.metadata (2.4 kB)
Build Server Image	Build and push server image	2026-03-23T23:03:20.9704335Z #9 4.979 Collecting uvloop>=0.15.1 (from uvicorn[standard]>=0.34.0->-r requirements.txt (line 3))
Build Server Image	Build and push server image	2026-03-23T23:03:20.9705130Z #9 4.981   Downloading uvloop-0.22.1-cp311-cp311-manylinux2014_x86_64.manylinux_2_17_x86_64.manylinux_2_28_x86_64.whl.metadata (4.9 kB)
Build Server Image	Build and push server image	2026-03-23T23:03:20.9706355Z #9 5.059 Collecting watchfiles>=0.20 (from uvicorn[standard]>=0.34.0->-r requirements.txt (line 3))
Build Server Image	Build and push server image	2026-03-23T23:03:21.2060117Z #9 5.062   Downloading watchfiles-1.1.1-cp311-cp311-manylinux_2_17_x86_64.manylinux2014_x86_64.whl.metadata (4.9 kB)
Build Server Image	Build and push server image	2026-03-23T23:03:21.2061666Z #9 5.142 Collecting pyasn1-modules>=0.2.1 (from google-auth<3.0.0,>=2.47.0->google-auth[requests]<3.0.0,>=2.47.0->google-genai>=1.5.0->-r requirements.txt (line 18))
Build Server Image	Build and push server image	2026-03-23T23:03:21.2062581Z #9 5.145   Downloading pyasn1_modules-0.4.2-py3-none-any.whl.metadata (3.5 kB)
Build Server Image	Build and push server image	2026-03-23T23:03:21.3530609Z #9 5.442 Collecting cryptography>=38.0.3 (from google-auth<3.0.0,>=2.47.0->google-auth[requests]<3.0.0,>=2.47.0->google-genai>=1.5.0->-r requirements.txt (line 18))
Build Server Image	Build and push server image	2026-03-23T23:03:21.5066130Z #9 5.446   Downloading cryptography-46.0.5-cp311-abi3-manylinux_2_34_x86_64.whl.metadata (5.7 kB)
Build Server Image	Build and push server image	2026-03-23T23:03:21.5217754Z #9 5.611 Collecting charset_normalizer<4,>=2 (from requests<3.0.0,>=2.28.1->google-genai>=1.5.0->-r requirements.txt (line 18))
Build Server Image	Build and push server image	2026-03-23T23:03:21.7219129Z #9 5.614   Downloading charset_normalizer-3.4.6-cp311-cp311-manylinux2014_x86_64.manylinux_2_17_x86_64.manylinux_2_28_x86_64.whl.metadata (40 kB)
Build Server Image	Build and push server image	2026-03-23T23:03:21.7221175Z #9 5.616      ÔöüÔöüÔöüÔöüÔöüÔöüÔöüÔöüÔöüÔöüÔöüÔöüÔöüÔöüÔöüÔöüÔöüÔöüÔöüÔöüÔöüÔöüÔöüÔöüÔöüÔöüÔöüÔöüÔöüÔöüÔöüÔöüÔöüÔöüÔöüÔöüÔöüÔöüÔöü 40.6/40.6 kB 256.6 MB/s eta 0:00:00
Build Server Image	Build and push server image	2026-03-23T23:03:21.7222782Z #9 5.664 Collecting urllib3<3,>=1.21.1 (from requests<3.0.0,>=2.28.1->google-genai>=1.5.0->-r requirements.txt (line 18))
Build Server Image	Build and push server image	2026-03-23T23:03:21.7224084Z #9 5.666   Downloading urllib3-2.6.3-py3-none-any.whl.metadata (6.9 kB)
Build Server Image	Build and push server image	2026-03-23T23:03:21.7224979Z #9 5.811 Collecting MarkupSafe>=0.9.2 (from Mako->alembic>=1.14.0->-r requirements.txt (line 14))
Build Server Image	Build and push server image	2026-03-23T23:03:21.8619606Z #9 5.814   Downloading markupsafe-3.0.3-cp311-cp311-manylinux2014_x86_64.manylinux_2_17_x86_64.manylinux_2_28_x86_64.whl.metadata (2.7 kB)
Build Server Image	Build and push server image	2026-03-23T23:03:21.8621648Z #9 5.951 Collecting cffi>=2.0.0 (from cryptography>=38.0.3->google-auth<3.0.0,>=2.47.0->google-auth[requests]<3.0.0,>=2.47.0->google-genai>=1.5.0->-r requirements.txt (line 18))
Build Server Image	Build and push server image	2026-03-23T23:03:21.9695857Z #9 5.954   Downloading cffi-2.0.0-cp311-cp311-manylinux2014_x86_64.manylinux_2_17_x86_64.whl.metadata (2.6 kB)
Build Server Image	Build and push server image	2026-03-23T23:03:21.9698289Z #9 5.997 Collecting pyasn1<0.7.0,>=0.6.1 (from pyasn1-modules>=0.2.1->google-auth<3.0.0,>=2.47.0->google-auth[requests]<3.0.0,>=2.47.0->google-genai>=1.5.0->-r requirements.txt (line 18))
Build Server Image	Build and push server image	2026-03-23T23:03:21.9700105Z #9 5.999   Downloading pyasn1-0.6.3-py3-none-any.whl.metadata (8.4 kB)
Build Server Image	Build and push server image	2026-03-23T23:03:21.9701379Z #9 6.030 Collecting pycparser (from cffi>=2.0.0->cryptography>=38.0.3->google-auth<3.0.0,>=2.47.0->google-auth[requests]<3.0.0,>=2.47.0->google-genai>=1.5.0->-r requirements.txt (line 18))
Build Server Image	Build and push server image	2026-03-23T23:03:21.9702430Z #9 6.033   Downloading pycparser-3.0-py3-none-any.whl.metadata (8.2 kB)
Build Server Image	Build and push server image	2026-03-23T23:03:21.9703039Z #9 6.059 Downloading fastapi-0.135.2-py3-none-any.whl (117 kB)
Build Server Image	Build and push server image	2026-03-23T23:03:22.0701104Z #9 6.062    ÔöüÔöüÔöüÔöüÔöüÔöüÔöüÔöüÔöüÔöüÔöüÔöüÔöüÔöüÔöüÔöüÔöüÔöüÔöüÔöüÔöüÔöüÔöüÔöüÔöüÔöüÔöüÔöüÔöüÔöüÔöüÔöüÔöüÔöüÔöüÔöüÔöüÔöüÔöü 117.4/117.4 kB 287.8 MB/s eta 0:00:00
Build Server Image	Build and push server image	2026-03-23T23:03:22.0702360Z #9 6.066 Downloading uvicorn-0.42.0-py3-none-any.whl (68 kB)
Build Server Image	Build and push server image	2026-03-23T23:03:22.0703703Z #9 6.067    ÔöüÔöüÔöüÔöüÔöüÔöüÔöüÔöüÔöüÔöüÔöüÔöüÔöüÔöüÔöüÔöüÔöüÔöüÔöüÔöüÔöüÔöüÔöüÔöüÔöüÔöüÔöüÔöüÔöüÔöüÔöüÔöüÔöüÔöüÔöüÔöüÔöüÔöüÔöüÔöü 68.8/68.8 kB 226.7 MB/s eta 0:00:00
Build Server Image	Build and push server image	2026-03-23T23:03:22.0704587Z #9 6.070 Downloading pydantic-2.12.5-py3-none-any.whl (463 kB)
Build Server Image	Build and push server image	2026-03-23T23:03:22.0705755Z #9 6.077    ÔöüÔöüÔöüÔöüÔöüÔöüÔöüÔöüÔöüÔöüÔöüÔöüÔöüÔöüÔöüÔöüÔöüÔöüÔöüÔöüÔöüÔöüÔöüÔöüÔöüÔöüÔöüÔöüÔöüÔöüÔöüÔöüÔöüÔöüÔöüÔöüÔöüÔöüÔöüÔöü 463.6/463.6 kB 93.6 MB/s eta 0:00:00
Build Server Image	Build and push server image	2026-03-23T23:03:22.0707180Z #9 6.079 Downloading pydantic_core-2.41.5-cp311-cp311-manylinux_2_17_x86_64.manylinux2014_x86_64.whl (2.1 MB)
Build Server Image	Build and push server image	2026-03-23T23:03:22.0708587Z #9 6.096    ÔöüÔöüÔöüÔöüÔöüÔöüÔöüÔöüÔöüÔöüÔöüÔöüÔöüÔöüÔöüÔöüÔöüÔöüÔöüÔöüÔöüÔöüÔöüÔöüÔöüÔöüÔöüÔöüÔöüÔöüÔöüÔöüÔöüÔöüÔöüÔöüÔöüÔöüÔöüÔöü 2.1/2.1 MB 137.4 MB/s eta 0:00:00
Build Server Image	Build and push server image	2026-03-23T23:03:22.0709368Z #9 6.099 Downloading pydantic_settings-2.13.1-py3-none-any.whl (58 kB)
Build Server Image	Build and push server image	2026-03-23T23:03:22.0710129Z #9 6.101    ÔöüÔöüÔöüÔöüÔöüÔöüÔöüÔöüÔöüÔöüÔöüÔöüÔöüÔöüÔöüÔöüÔöüÔöüÔöüÔöüÔöüÔöüÔöüÔöüÔöüÔöüÔöüÔöüÔöüÔöüÔöüÔöüÔöüÔöüÔöüÔöüÔöüÔöüÔöüÔöü 58.9/58.9 kB 195.6 MB/s eta 0:00:00
Build Server Image	Build and push server image	2026-03-23T23:03:22.0710764Z #9 6.104 Downloading python_multipart-0.0.22-py3-none-any.whl (24 kB)
Build Server Image	Build and push server image	2026-03-23T23:03:22.0711358Z #9 6.107 Downloading fastapi_mqtt-2.2.0-py3-none-any.whl (9.3 kB)
Build Server Image	Build and push server image	2026-03-23T23:03:22.0712529Z #9 6.110 Downloading sqlalchemy-2.0.48-cp311-cp311-manylinux2014_x86_64.manylinux_2_17_x86_64.manylinux_2_28_x86_64.whl (3.3 MB)
Build Server Image	Build and push server image	2026-03-23T23:03:22.0713388Z #9 6.127    ÔöüÔöüÔöüÔöüÔöüÔöüÔöüÔöüÔöüÔöüÔöüÔöüÔöüÔöüÔöüÔöüÔöüÔöüÔöüÔöüÔöüÔöüÔöüÔöüÔöüÔöüÔöüÔöüÔöüÔöüÔöüÔöüÔöüÔöüÔöüÔöüÔöüÔöüÔöüÔöü 3.3/3.3 MB 213.0 MB/s eta 0:00:00
Build Server Image	Build and push server image	2026-03-23T23:03:22.0713900Z #9 6.130 Downloading aiosqlite-0.22.1-py3-none-any.whl (17 kB)
Build Server Image	Build and push server image	2026-03-23T23:03:22.0714407Z #9 6.133 Downloading alembic-1.18.4-py3-none-any.whl (263 kB)
Build Server Image	Build and push server image	2026-03-23T23:03:22.0715519Z #9 6.136    ÔöüÔöüÔöüÔöüÔöüÔöüÔöüÔöüÔöüÔöüÔöüÔöüÔöüÔöüÔöüÔöüÔöüÔöüÔöüÔöüÔöüÔöüÔöüÔöüÔöüÔöüÔöüÔöüÔöüÔöüÔöüÔöüÔöüÔöüÔöüÔöüÔöüÔöüÔöü 263.9/263.9 kB 336.5 MB/s eta 0:00:00
Build Server Image	Build and push server image	2026-03-23T23:03:22.0717787Z #9 6.139 Downloading openai-2.29.0-py3-none-any.whl (1.1 MB)
Build Server Image	Build and push server image	2026-03-23T23:03:22.0718862Z #9 6.145    ÔöüÔöüÔöüÔöüÔöüÔöüÔöüÔöüÔöüÔöüÔöüÔöüÔöüÔöüÔöüÔöüÔöüÔöüÔöüÔöüÔöüÔöüÔöüÔöüÔöüÔöüÔöüÔöüÔöüÔöüÔöüÔöüÔöüÔöüÔöüÔöüÔöüÔöüÔöüÔöü 1.1/1.1 MB 255.3 MB/s eta 0:00:00
Build Server Image	Build and push server image	2026-03-23T23:03:22.0719764Z #9 6.148 Downloading google_genai-1.68.0-py3-none-any.whl (750 kB)
Build Server Image	Build and push server image	2026-03-23T23:03:22.0720627Z #9 6.152    ÔöüÔöüÔöüÔöüÔöüÔöüÔöüÔöüÔöüÔöüÔöüÔöüÔöüÔöüÔöüÔöüÔöüÔöüÔöüÔöüÔöüÔöüÔöüÔöüÔöüÔöüÔöüÔöüÔöüÔöüÔöüÔöüÔöüÔöüÔöüÔöüÔöüÔöüÔöü 750.9/750.9 kB 294.8 MB/s eta 0:00:00
Build Server Image	Build and push server image	2026-03-23T23:03:22.0721330Z #9 6.155 Downloading httpx-0.28.1-py3-none-any.whl (73 kB)
Build Server Image	Build and push server image	2026-03-23T23:03:22.0722033Z #9 6.157    ÔöüÔöüÔöüÔöüÔöüÔöüÔöüÔöüÔöüÔöüÔöüÔöüÔöüÔöüÔöüÔöüÔöüÔöüÔöüÔöüÔöüÔöüÔöüÔöüÔöüÔöüÔöüÔöüÔöüÔöüÔöüÔöüÔöüÔöüÔöüÔöüÔöüÔöüÔöüÔöü 73.5/73.5 kB 270.3 MB/s eta 0:00:00
Build Server Image	Build and push server image	2026-03-23T23:03:22.0723190Z #9 6.160 Downloading httpcore-1.0.9-py3-none-any.whl (78 kB)
Build Server Image	Build and push server image	2026-03-23T23:03:22.1776404Z #9 6.161    ÔöüÔöüÔöüÔöüÔöüÔöüÔöüÔöüÔöüÔöüÔöüÔöüÔöüÔöüÔöüÔöüÔöüÔöüÔöüÔöüÔöüÔöüÔöüÔöüÔöüÔöüÔöüÔöüÔöüÔöüÔöüÔöüÔöüÔöüÔöüÔöüÔöüÔöüÔöüÔöü 78.8/78.8 kB 231.1 MB/s eta 0:00:00
Build Server Image	Build and push server image	2026-03-23T23:03:22.1777766Z #9 6.165 Downloading numpy-2.4.3-cp311-cp311-manylinux_2_27_x86_64.manylinux_2_28_x86_64.whl (16.9 MB)
Build Server Image	Build and push server image	2026-03-23T23:03:22.1779288Z #9 6.234    ÔöüÔöüÔöüÔöüÔöüÔöüÔöüÔöüÔöüÔöüÔöüÔöüÔöüÔöüÔöüÔöüÔöüÔöüÔöüÔöüÔöüÔöüÔöüÔöüÔöüÔöüÔöüÔöüÔöüÔöüÔöüÔöüÔöüÔöüÔöüÔöüÔöüÔöüÔöüÔöü 16.9/16.9 MB 256.3 MB/s eta 0:00:00
Build Server Image	Build and push server image	2026-03-23T23:03:22.1780263Z #9 6.237 Downloading pillow-12.1.1-cp311-cp311-manylinux_2_27_x86_64.manylinux_2_28_x86_64.whl (7.0 MB)
Build Server Image	Build and push server image	2026-03-23T23:03:22.2893841Z #9 6.267    ÔöüÔöüÔöüÔöüÔöüÔöüÔöüÔöüÔöüÔöüÔöüÔöüÔöüÔöüÔöüÔöüÔöüÔöüÔöüÔöüÔöüÔöüÔöüÔöüÔöüÔöüÔöüÔöüÔöüÔöüÔöüÔöüÔöüÔöüÔöüÔöüÔöüÔöüÔöüÔöü 7.0/7.0 MB 251.6 MB/s eta 0:00:00
Build Server Image	Build and push server image	2026-03-23T23:03:22.2895215Z #9 6.270 Downloading annotated_doc-0.0.4-py3-none-any.whl (5.3 kB)
Build Server Image	Build and push server image	2026-03-23T23:03:22.2896470Z #9 6.273 Downloading annotated_types-0.7.0-py3-none-any.whl (13 kB)
Build Server Image	Build and push server image	2026-03-23T23:03:22.2897291Z #9 6.275 Downloading anyio-4.12.1-py3-none-any.whl (113 kB)
Build Server Image	Build and push server image	2026-03-23T23:03:22.2898398Z #9 6.278    ÔöüÔöüÔöüÔöüÔöüÔöüÔöüÔöüÔöüÔöüÔöüÔöüÔöüÔöüÔöüÔöüÔöüÔöüÔöüÔöüÔöüÔöüÔöüÔöüÔöüÔöüÔöüÔöüÔöüÔöüÔöüÔöüÔöüÔöüÔöüÔöüÔöüÔöüÔöü 113.6/113.6 kB 218.5 MB/s eta 0:00:00
Build Server Image	Build and push server image	2026-03-23T23:03:22.2898925Z #9 6.281 Downloading click-8.3.1-py3-none-any.whl (108 kB)
Build Server Image	Build and push server image	2026-03-23T23:03:22.2899499Z #9 6.283    ÔöüÔöüÔöüÔöüÔöüÔöüÔöüÔöüÔöüÔöüÔöüÔöüÔöüÔöüÔöüÔöüÔöüÔöüÔöüÔöüÔöüÔöüÔöüÔöüÔöüÔöüÔöüÔöüÔöüÔöüÔöüÔöüÔöüÔöüÔöüÔöüÔöüÔöüÔöü 108.3/108.3 kB 311.4 MB/s eta 0:00:00
Build Server Image	Build and push server image	2026-03-23T23:03:22.2900146Z #9 6.286 Downloading distro-1.9.0-py3-none-any.whl (20 kB)
Build Server Image	Build and push server image	2026-03-23T23:03:22.2900554Z #9 6.289 Downloading gmqtt-0.7.0-py3-none-any.whl (30 kB)
Build Server Image	Build and push server image	2026-03-23T23:03:22.2901000Z #9 6.292 Downloading google_auth-2.49.1-py3-none-any.whl (240 kB)
Build Server Image	Build and push server image	2026-03-23T23:03:22.2901613Z #9 6.295    ÔöüÔöüÔöüÔöüÔöüÔöüÔöüÔöüÔöüÔöüÔöüÔöüÔöüÔöüÔöüÔöüÔöüÔöüÔöüÔöüÔöüÔöüÔöüÔöüÔöüÔöüÔöüÔöüÔöüÔöüÔöüÔöüÔöüÔöüÔöüÔöüÔöüÔöüÔöü 240.7/240.7 kB 324.5 MB/s eta 0:00:00
Build Server Image	Build and push server image	2026-03-23T23:03:22.2902263Z #9 6.298 Downloading greenlet-3.3.2-cp311-cp311-manylinux_2_24_x86_64.manylinux_2_28_x86_64.whl (594 kB)
Build Server Image	Build and push server image	2026-03-23T23:03:22.2902972Z #9 6.301    ÔöüÔöüÔöüÔöüÔöüÔöüÔöüÔöüÔöüÔöüÔöüÔöüÔöüÔöüÔöüÔöüÔöüÔöüÔöüÔöüÔöüÔöüÔöüÔöüÔöüÔöüÔöüÔöüÔöüÔöüÔöüÔöüÔöüÔöüÔöüÔöüÔöüÔöüÔöü 594.2/594.2 kB 299.1 MB/s eta 0:00:00
Build Server Image	Build and push server image	2026-03-23T23:03:22.2932909Z #9 6.304 Downloading h11-0.16.0-py3-none-any.whl (37 kB)
Build Server Image	Build and push server image	2026-03-23T23:03:22.2934052Z #9 6.307 Downloading httptools-0.7.1-cp311-cp311-manylinux1_x86_64.manylinux_2_28_x86_64.manylinux_2_5_x86_64.whl (456 kB)
Build Server Image	Build and push server image	2026-03-23T23:03:22.2935380Z #9 6.310    ÔöüÔöüÔöüÔöüÔöüÔöüÔöüÔöüÔöüÔöüÔöüÔöüÔöüÔöüÔöüÔöüÔöüÔöüÔöüÔöüÔöüÔöüÔöüÔöüÔöüÔöüÔöüÔöüÔöüÔöüÔöüÔöüÔöüÔöüÔöüÔöüÔöüÔöüÔöü 456.6/456.6 kB 335.5 MB/s eta 0:00:00
Build Server Image	Build and push server image	2026-03-23T23:03:22.2936291Z #9 6.313 Downloading idna-3.11-py3-none-any.whl (71 kB)
Build Server Image	Build and push server image	2026-03-23T23:03:22.2937160Z #9 6.314    ÔöüÔöüÔöüÔöüÔöüÔöüÔöüÔöüÔöüÔöüÔöüÔöüÔöüÔöüÔöüÔöüÔöüÔöüÔöüÔöüÔöüÔöüÔöüÔöüÔöüÔöüÔöüÔöüÔöüÔöüÔöüÔöüÔöüÔöüÔöüÔöüÔöüÔöüÔöüÔöü 71.0/71.0 kB 298.0 MB/s eta 0:00:00
Build Server Image	Build and push server image	2026-03-23T23:03:22.2938118Z #9 6.318 Downloading jiter-0.13.0-cp311-cp311-manylinux_2_17_x86_64.manylinux2014_x86_64.whl (362 kB)
Build Server Image	Build and push server image	2026-03-23T23:03:22.2939364Z #9 6.320    ÔöüÔöüÔöüÔöüÔöüÔöüÔöüÔöüÔöüÔöüÔöüÔöüÔöüÔöüÔöüÔöüÔöüÔöüÔöüÔöüÔöüÔöüÔöüÔöüÔöüÔöüÔöüÔöüÔöüÔöüÔöüÔöüÔöüÔöüÔöüÔöüÔöüÔöüÔöü 362.7/362.7 kB 337.2 MB/s eta 0:00:00
Build Server Image	Build and push server image	2026-03-23T23:03:22.2940142Z #9 6.323 Downloading python_dotenv-1.2.2-py3-none-any.whl (22 kB)
Build Server Image	Build and push server image	2026-03-23T23:03:22.2941278Z #9 6.326 Downloading pyyaml-6.0.3-cp311-cp311-manylinux2014_x86_64.manylinux_2_17_x86_64.manylinux_2_28_x86_64.whl (806 kB)
Build Server Image	Build and push server image	2026-03-23T23:03:22.2942608Z #9 6.330    ÔöüÔöüÔöüÔöüÔöüÔöüÔöüÔöüÔöüÔöüÔöüÔöüÔöüÔöüÔöüÔöüÔöüÔöüÔöüÔöüÔöüÔöüÔöüÔöüÔöüÔöüÔöüÔöüÔöüÔöüÔöüÔöüÔöüÔöüÔöüÔöüÔöüÔöüÔöü 806.6/806.6 kB 336.9 MB/s eta 0:00:00
Build Server Image	Build and push server image	2026-03-23T23:03:22.2943806Z #9 6.333 Downloading requests-2.32.5-py3-none-any.whl (64 kB)
Build Server Image	Build and push server image	2026-03-23T23:03:22.2944687Z #9 6.335    ÔöüÔöüÔöüÔöüÔöüÔöüÔöüÔöüÔöüÔöüÔöüÔöüÔöüÔöüÔöüÔöüÔöüÔöüÔöüÔöüÔöüÔöüÔöüÔöüÔöüÔöüÔöüÔöüÔöüÔöüÔöüÔöüÔöüÔöüÔöüÔöüÔöüÔöüÔöüÔöü 64.7/64.7 kB 242.4 MB/s eta 0:00:00
Build Server Image	Build and push server image	2026-03-23T23:03:22.2945470Z #9 6.339 Downloading certifi-2026.2.25-py3-none-any.whl (153 kB)
Build Server Image	Build and push server image	2026-03-23T23:03:22.2946592Z #9 6.341    ÔöüÔöüÔöüÔöüÔöüÔöüÔöüÔöüÔöüÔöüÔöüÔöüÔöüÔöüÔöüÔöüÔöüÔöüÔöüÔöüÔöüÔöüÔöüÔöüÔöüÔöüÔöüÔöüÔöüÔöüÔöüÔöüÔöüÔöüÔöüÔöüÔöüÔöüÔöü 153.7/153.7 kB 334.1 MB/s eta 0:00:00
Build Server Image	Build and push server image	2026-03-23T23:03:22.2947347Z #9 6.344 Downloading starlette-1.0.0-py3-none-any.whl (72 kB)
Build Server Image	Build and push server image	2026-03-23T23:03:22.2948247Z #9 6.346    ÔöüÔöüÔöüÔöüÔöüÔöüÔöüÔöüÔöüÔöüÔöüÔöüÔöüÔöüÔöüÔöüÔöüÔöüÔöüÔöüÔöüÔöüÔöüÔöüÔöüÔöüÔöüÔöüÔöüÔöüÔöüÔöüÔöüÔöüÔöüÔöüÔöüÔöüÔöüÔöü 72.7/72.7 kB 288.3 MB/s eta 0:00:00
Build Server Image	Build and push server image	2026-03-23T23:03:22.2948971Z #9 6.349 Downloading tenacity-9.1.4-py3-none-any.whl (28 kB)
Build Server Image	Build and push server image	2026-03-23T23:03:22.2949667Z #9 6.351 Downloading tqdm-4.67.3-py3-none-any.whl (78 kB)
Build Server Image	Build and push server image	2026-03-23T23:03:22.2950944Z #9 6.353    ÔöüÔöüÔöüÔöüÔöüÔöüÔöüÔöüÔöüÔöüÔöüÔöüÔöüÔöüÔöüÔöüÔöüÔöüÔöüÔöüÔöüÔöüÔöüÔöüÔöüÔöüÔöüÔöüÔöüÔöüÔöüÔöüÔöüÔöüÔöüÔöüÔöüÔöüÔöüÔöü 78.4/78.4 kB 308.6 MB/s eta 0:00:00
Build Server Image	Build and push server image	2026-03-23T23:03:22.2951731Z #9 6.356 Downloading typing_extensions-4.15.0-py3-none-any.whl (44 kB)
Build Server Image	Build and push server image	2026-03-23T23:03:22.2952721Z #9 6.358    ÔöüÔöüÔöüÔöüÔöüÔöüÔöüÔöüÔöüÔöüÔöüÔöüÔöüÔöüÔöüÔöüÔöüÔöüÔöüÔöüÔöüÔöüÔöüÔöüÔöüÔöüÔöüÔöüÔöüÔöüÔöüÔöüÔöüÔöüÔöüÔöüÔöüÔöüÔöüÔöü 44.6/44.6 kB 202.0 MB/s eta 0:00:00
Build Server Image	Build and push server image	2026-03-23T23:03:22.2953507Z #9 6.360 Downloading typing_inspection-0.4.2-py3-none-any.whl (14 kB)
Build Server Image	Build and push server image	2026-03-23T23:03:22.2954635Z #9 6.363 Downloading uvloop-0.22.1-cp311-cp311-manylinux2014_x86_64.manylinux_2_17_x86_64.manylinux_2_28_x86_64.whl (3.8 MB)
Build Server Image	Build and push server image	2026-03-23T23:03:22.5098434Z #9 6.378    ÔöüÔöüÔöüÔöüÔöüÔöüÔöüÔöüÔöüÔöüÔöüÔöüÔöüÔöüÔöüÔöüÔöüÔöüÔöüÔöüÔöüÔöüÔöüÔöüÔöüÔöüÔöüÔöüÔöüÔöüÔöüÔöüÔöüÔöüÔöüÔöüÔöüÔöüÔöüÔöü 3.8/3.8 MB 287.5 MB/s eta 0:00:00
Build Server Image	Build and push server image	2026-03-23T23:03:22.5099505Z #9 6.381 Downloading watchfiles-1.1.1-cp311-cp311-manylinux_2_17_x86_64.manylinux2014_x86_64.whl (456 kB)
Build Server Image	Build and push server image	2026-03-23T23:03:22.5100698Z #9 6.385    ÔöüÔöüÔöüÔöüÔöüÔöüÔöüÔöüÔöüÔöüÔöüÔöüÔöüÔöüÔöüÔöüÔöüÔöüÔöüÔöüÔöüÔöüÔöüÔöüÔöüÔöüÔöüÔöüÔöüÔöüÔöüÔöüÔöüÔöüÔöüÔöüÔöüÔöüÔöü 456.1/456.1 kB 237.4 MB/s eta 0:00:00
Build Server Image	Build and push server image	2026-03-23T23:03:22.5101580Z #9 6.388 Downloading websockets-16.0-cp311-cp311-manylinux1_x86_64.manylinux_2_28_x86_64.manylinux_2_5_x86_64.whl (184 kB)
Build Server Image	Build and push server image	2026-03-23T23:03:22.5102283Z #9 6.390    ÔöüÔöüÔöüÔöüÔöüÔöüÔöüÔöüÔöüÔöüÔöüÔöüÔöüÔöüÔöüÔöüÔöüÔöüÔöüÔöüÔöüÔöüÔöüÔöüÔöüÔöüÔöüÔöüÔöüÔöüÔöüÔöüÔöüÔöüÔöüÔöüÔöüÔöüÔöü 184.6/184.6 kB 336.6 MB/s eta 0:00:00
Build Server Image	Build and push server image	2026-03-23T23:03:22.5102702Z #9 6.393 Downloading mako-1.3.10-py3-none-any.whl (78 kB)
Build Server Image	Build and push server image	2026-03-23T23:03:22.5103148Z #9 6.395    ÔöüÔöüÔöüÔöüÔöüÔöüÔöüÔöüÔöüÔöüÔöüÔöüÔöüÔöüÔöüÔöüÔöüÔöüÔöüÔöüÔöüÔöüÔöüÔöüÔöüÔöüÔöüÔöüÔöüÔöüÔöüÔöüÔöüÔöüÔöüÔöüÔöüÔöüÔöüÔöü 78.5/78.5 kB 312.5 MB/s eta 0:00:00
Build Server Image	Build and push server image	2026-03-23T23:03:22.5103517Z #9 6.398 Downloading sniffio-1.3.1-py3-none-any.whl (10 kB)
Build Server Image	Build and push server image	2026-03-23T23:03:22.5104134Z #9 6.401 Downloading charset_normalizer-3.4.6-cp311-cp311-manylinux2014_x86_64.manylinux_2_17_x86_64.manylinux_2_28_x86_64.whl (204 kB)
Build Server Image	Build and push server image	2026-03-23T23:03:22.5104852Z #9 6.403    ÔöüÔöüÔöüÔöüÔöüÔöüÔöüÔöüÔöüÔöüÔöüÔöüÔöüÔöüÔöüÔöüÔöüÔöüÔöüÔöüÔöüÔöüÔöüÔöüÔöüÔöüÔöüÔöüÔöüÔöüÔöüÔöüÔöüÔöüÔöüÔöüÔöüÔöüÔöü 204.7/204.7 kB 313.8 MB/s eta 0:00:00
Build Server Image	Build and push server image	2026-03-23T23:03:22.5105322Z #9 6.406 Downloading cryptography-46.0.5-cp311-abi3-manylinux_2_34_x86_64.whl (4.5 MB)
Build Server Image	Build and push server image	2026-03-23T23:03:22.5105859Z #9 6.422    ÔöüÔöüÔöüÔöüÔöüÔöüÔöüÔöüÔöüÔöüÔöüÔöüÔöüÔöüÔöüÔöüÔöüÔöüÔöüÔöüÔöüÔöüÔöüÔöüÔöüÔöüÔöüÔöüÔöüÔöüÔöüÔöüÔöüÔöüÔöüÔöüÔöüÔöüÔöüÔöü 4.5/4.5 MB 308.3 MB/s eta 0:00:00
Build Server Image	Build and push server image	2026-03-23T23:03:22.5106648Z #9 6.425 Downloading markupsafe-3.0.3-cp311-cp311-manylinux2014_x86_64.manylinux_2_17_x86_64.manylinux_2_28_x86_64.whl (22 kB)
Build Server Image	Build and push server image	2026-03-23T23:03:22.5107509Z #9 6.427 Downloading pyasn1_modules-0.4.2-py3-none-any.whl (181 kB)
Build Server Image	Build and push server image	2026-03-23T23:03:22.5107990Z #9 6.429    ÔöüÔöüÔöüÔöüÔöüÔöüÔöüÔöüÔöüÔöüÔöüÔöüÔöüÔöüÔöüÔöüÔöüÔöüÔöüÔöüÔöüÔöüÔöüÔöüÔöüÔöüÔöüÔöüÔöüÔöüÔöüÔöüÔöüÔöüÔöüÔöüÔöüÔöüÔöü 181.3/181.3 kB 344.9 MB/s eta 0:00:00
Build Server Image	Build and push server image	2026-03-23T23:03:22.5108362Z #9 6.432 Downloading urllib3-2.6.3-py3-none-any.whl (131 kB)
Build Server Image	Build and push server image	2026-03-23T23:03:22.5108800Z #9 6.434    ÔöüÔöüÔöüÔöüÔöüÔöüÔöüÔöüÔöüÔöüÔöüÔöüÔöüÔöüÔöüÔöüÔöüÔöüÔöüÔöüÔöüÔöüÔöüÔöüÔöüÔöüÔöüÔöüÔöüÔöüÔöüÔöüÔöüÔöüÔöüÔöüÔöüÔöüÔöü 131.6/131.6 kB 307.3 MB/s eta 0:00:00
Build Server Image	Build and push server image	2026-03-23T23:03:22.5109277Z #9 6.437 Downloading cffi-2.0.0-cp311-cp311-manylinux2014_x86_64.manylinux_2_17_x86_64.whl (215 kB)
Build Server Image	Build and push server image	2026-03-23T23:03:22.5109848Z #9 6.439    ÔöüÔöüÔöüÔöüÔöüÔöüÔöüÔöüÔöüÔöüÔöüÔöüÔöüÔöüÔöüÔöüÔöüÔöüÔöüÔöüÔöüÔöüÔöüÔöüÔöüÔöüÔöüÔöüÔöüÔöüÔöüÔöüÔöüÔöüÔöüÔöüÔöüÔöüÔöü 215.6/215.6 kB 318.7 MB/s eta 0:00:00
Build Server Image	Build and push server image	2026-03-23T23:03:22.5110208Z #9 6.442 Downloading pyasn1-0.6.3-py3-none-any.whl (83 kB)
Build Server Image	Build and push server image	2026-03-23T23:03:22.5110640Z #9 6.444    ÔöüÔöüÔöüÔöüÔöüÔöüÔöüÔöüÔöüÔöüÔöüÔöüÔöüÔöüÔöüÔöüÔöüÔöüÔöüÔöüÔöüÔöüÔöüÔöüÔöüÔöüÔöüÔöüÔöüÔöüÔöüÔöüÔöüÔöüÔöüÔöüÔöüÔöüÔöüÔöü 84.0/84.0 kB 281.1 MB/s eta 0:00:00
Build Server Image	Build and push server image	2026-03-23T23:03:22.5111166Z #9 6.447 Downloading pycparser-3.0-py3-none-any.whl (48 kB)
Build Server Image	Build and push server image	2026-03-23T23:03:22.5111605Z #9 6.449    ÔöüÔöüÔöüÔöüÔöüÔöüÔöüÔöüÔöüÔöüÔöüÔöüÔöüÔöüÔöüÔöüÔöüÔöüÔöüÔöüÔöüÔöüÔöüÔöüÔöüÔöüÔöüÔöüÔöüÔöüÔöüÔöüÔöüÔöüÔöüÔöüÔöüÔöüÔöüÔöü 48.2/48.2 kB 281.9 MB/s eta 0:00:00
Build Server Image	Build and push server image	2026-03-23T23:03:22.7117661Z #9 6.801 Installing collected packages: websockets, uvloop, urllib3, typing-extensions, tqdm, tenacity, sniffio, pyyaml, python-multipart, python-dotenv, pycparser, pyasn1, Pillow, numpy, MarkupSafe, jiter, idna, httptools, h11, greenlet, gmqtt, distro, click, charset_normalizer, certifi, annotated-types, annotated-doc, aiosqlite, uvicorn, typing-inspection, sqlalchemy, requests, pydantic-core, pyasn1-modules, Mako, httpcore, cffi, anyio, watchfiles, starlette, pydantic, httpx, cryptography, alembic, pydantic-settings, openai, google-auth, fastapi-mqtt, fastapi, google-genai
Build Server Image	Build and push server image	2026-03-23T23:03:29.4491259Z #9 13.54 Successfully installed Mako-1.3.10 MarkupSafe-3.0.3 Pillow-12.1.1 aiosqlite-0.22.1 alembic-1.18.4 annotated-doc-0.0.4 annotated-types-0.7.0 anyio-4.12.1 certifi-2026.2.25 cffi-2.0.0 charset_normalizer-3.4.6 click-8.3.1 cryptography-46.0.5 distro-1.9.0 fastapi-0.135.2 fastapi-mqtt-2.2.0 gmqtt-0.7.0 google-auth-2.49.1 google-genai-1.68.0 greenlet-3.3.2 h11-0.16.0 httpcore-1.0.9 httptools-0.7.1 httpx-0.28.1 idna-3.11 jiter-0.13.0 numpy-2.4.3 openai-2.29.0 pyasn1-0.6.3 pyasn1-modules-0.4.2 pycparser-3.0 pydantic-2.12.5 pydantic-core-2.41.5 pydantic-settings-2.13.1 python-dotenv-1.2.2 python-multipart-0.0.22 pyyaml-6.0.3 requests-2.32.5 sniffio-1.3.1 sqlalchemy-2.0.48 starlette-1.0.0 tenacity-9.1.4 tqdm-4.67.3 typing-extensions-4.15.0 typing-inspection-0.4.2 urllib3-2.6.3 uvicorn-0.42.0 uvloop-0.22.1 watchfiles-1.1.1 websockets-16.0
Build Server Image	Build and push server image	2026-03-23T23:03:29.6668297Z #9 13.54 WARNING: Running pip as the 'root' user can result in broken permissions and conflicting behaviour with the system package manager. It is recommended to use a virtual environment instead: https://pip.pypa.io/warnings/venv
Build Server Image	Build and push server image	2026-03-23T23:03:29.6669676Z #9 13.61 
Build Server Image	Build and push server image	2026-03-23T23:03:29.6670054Z #9 13.61 [notice] A new release of pip is available: 24.0 -> 26.0.1
Build Server Image	Build and push server image	2026-03-23T23:03:29.6670579Z #9 13.61 [notice] To update, run: pip install --upgrade pip
Build Server Image	Build and push server image	2026-03-23T23:03:30.3200781Z #9 DONE 14.4s
Build Server Image	Build and push server image	2026-03-23T23:03:30.4521483Z 
Build Server Image	Build and push server image	2026-03-23T23:03:30.4522654Z #10 [5/6] COPY app/ app/
Build Server Image	Build and push server image	2026-03-23T23:03:30.4523097Z #10 DONE 0.0s
Build Server Image	Build and push server image	2026-03-23T23:03:30.4523300Z 
Build Server Image	Build and push server image	2026-03-23T23:03:30.4523482Z #11 [6/6] RUN mkdir -p /app/data/uploads
Build Server Image	Build and push server image	2026-03-23T23:03:30.4523977Z #11 DONE 0.1s
Build Server Image	Build and push server image	2026-03-23T23:03:30.6034419Z 
Build Server Image	Build and push server image	2026-03-23T23:03:30.6036666Z #12 exporting to image
Build Server Image	Build and push server image	2026-03-23T23:03:30.6037095Z #12 exporting layers
Build Server Image	Build and push server image	2026-03-23T23:03:32.3474783Z #12 exporting layers 1.9s done
Build Server Image	Build and push server image	2026-03-23T23:03:32.5253006Z #12 writing image sha256:19671929bef4dcb674c59cb0c79e82025def4ff0bddc523a7413dc354355b0ae done
Build Server Image	Build and push server image	2026-03-23T23:03:32.5254010Z #12 naming to ghcr.io/whitehatd/thesis-server:latest done
Build Server Image	Build and push server image	2026-03-23T23:03:32.5254891Z #12 naming to ghcr.io/whitehatd/thesis-server:ed74cd31e83301abb2b4d417c7477d2e37e9ac60 done
Build Server Image	Build and push server image	2026-03-23T23:03:32.5256157Z #12 DONE 1.9s
Build Server Image	Build and push server image	2026-03-23T23:03:32.5256295Z 
Build Server Image	Build and push server image	2026-03-23T23:03:32.5256416Z #13 resolving provenance for metadata file
Build Server Image	Build and push server image	2026-03-23T23:03:32.5256703Z #13 DONE 0.0s
Build Server Image	Build and push server image	2026-03-23T23:03:32.5256841Z 
Build Server Image	Build and push server image	2026-03-23T23:03:32.5257027Z #14 pushing ghcr.io/whitehatd/thesis-server:latest with docker
Build Server Image	Build and push server image	2026-03-23T23:03:32.5257409Z #14 pushing layer b96d9cd45455
Build Server Image	Build and push server image	2026-03-23T23:03:32.6756505Z #14 pushing layer 74c4ba986b41
Build Server Image	Build and push server image	2026-03-23T23:03:32.6757090Z #14 pushing layer 1a7250211d43
Build Server Image	Build and push server image	2026-03-23T23:03:32.6757581Z #14 pushing layer 87e56e130a3a
Build Server Image	Build and push server image	2026-03-23T23:03:32.6758075Z #14 pushing layer b4397ec51bc2
Build Server Image	Build and push server image	2026-03-23T23:03:32.6758549Z #14 pushing layer 8347a0657a00
Build Server Image	Build and push server image	2026-03-23T23:03:32.6759036Z #14 pushing layer 34b037810a00
Build Server Image	Build and push server image	2026-03-23T23:03:32.6759523Z #14 pushing layer 188695d9eb1d
Build Server Image	Build and push server image	2026-03-23T23:03:32.6759994Z #14 pushing layer 188c9b34dfbe
Build Server Image	Build and push server image	2026-03-23T23:03:33.1150267Z #14 pushing layer 74c4ba986b41 62.46kB / 41.57kB 0.4s
Build Server Image	Build and push server image	2026-03-23T23:03:33.1150871Z #14 pushing layer 87e56e130a3a 2.56kB / 328B 0.4s
Build Server Image	Build and push server image	2026-03-23T23:03:33.4508455Z #14 pushing layer 1a7250211d43 12.50MB / 209.04MB 0.9s
Build Server Image	Build and push server image	2026-03-23T23:03:33.9135209Z #14 pushing layer 1a7250211d43 25.03MB / 209.04MB 1.4s
Build Server Image	Build and push server image	2026-03-23T23:03:34.2454564Z #14 pushing layer b96d9cd45455 1.7s done
Build Server Image	Build and push server image	2026-03-23T23:03:34.2455313Z #14 pushing layer 74c4ba986b41 1.7s done
Build Server Image	Build and push server image	2026-03-23T23:03:34.2455767Z #14 pushing layer 87e56e130a3a 1.7s done
Build Server Image	Build and push server image	2026-03-23T23:03:34.3561771Z #14 pushing layer 1a7250211d43 38.17MB / 209.04MB 1.8s
Build Server Image	Build and push server image	2026-03-23T23:03:34.3562375Z #14 pushing layer b4397ec51bc2 1.8s done
Build Server Image	Build and push server image	2026-03-23T23:03:34.6865476Z #14 pushing layer 1a7250211d43 48.92MB / 209.04MB 2.2s
Build Server Image	Build and push server image	2026-03-23T23:03:35.0978513Z #14 pushing layer 1a7250211d43 60.99MB / 209.04MB 2.6s
Build Server Image	Build and push server image	2026-03-23T23:03:35.0979767Z #14 pushing layer 188c9b34dfbe 5.41MB / 78.61MB 2.5s
Build Server Image	Build and push server image	2026-03-23T23:03:35.3111748Z #14 pushing layer 188c9b34dfbe 10.81MB / 78.61MB 2.7s
Build Server Image	Build and push server image	2026-03-23T23:03:35.4317371Z #14 pushing layer 1a7250211d43 72.13MB / 209.04MB 2.9s
Build Server Image	Build and push server image	2026-03-23T23:03:35.5329881Z #14 pushing layer 188c9b34dfbe 15.77MB / 78.61MB 2.9s
Build Server Image	Build and push server image	2026-03-23T23:03:35.7882760Z #14 pushing layer 188c9b34dfbe 21.22MB / 78.61MB 3.2s
Build Server Image	Build and push server image	2026-03-23T23:03:35.8970448Z #14 pushing layer 188c9b34dfbe 28.16MB / 78.61MB 3.4s
Build Server Image	Build and push server image	2026-03-23T23:03:36.0020267Z #14 pushing layer 1a7250211d43 83.76MB / 209.04MB 3.5s
Build Server Image	Build and push server image	2026-03-23T23:03:36.1107955Z #14 pushing layer 188c9b34dfbe 32.42MB / 78.61MB 3.5s
Build Server Image	Build and push server image	2026-03-23T23:03:36.3178125Z #14 pushing layer 188c9b34dfbe 37.41MB / 78.61MB 3.7s
Build Server Image	Build and push server image	2026-03-23T23:03:36.4261286Z #14 pushing layer 1a7250211d43 95.39MB / 209.04MB 3.9s
Build Server Image	Build and push server image	2026-03-23T23:03:36.5311231Z #14 pushing layer 188c9b34dfbe 42.40MB / 78.61MB 3.9s
Build Server Image	Build and push server image	2026-03-23T23:03:36.7547702Z #14 pushing layer 188c9b34dfbe 47.41MB / 78.61MB 4.1s
Build Server Image	Build and push server image	2026-03-23T23:03:36.8635859Z #14 pushing layer 1a7250211d43 107.81MB / 209.04MB 4.3s
Build Server Image	Build and push server image	2026-03-23T23:03:36.9686832Z #14 pushing layer 188c9b34dfbe 52.82MB / 78.61MB 4.4s
Build Server Image	Build and push server image	2026-03-23T23:03:37.1926338Z #14 pushing layer 188c9b34dfbe 57.76MB / 78.61MB 4.6s
Build Server Image	Build and push server image	2026-03-23T23:03:37.3127418Z #14 pushing layer 1a7250211d43 119.71MB / 209.04MB 4.8s
Build Server Image	Build and push server image	2026-03-23T23:03:37.4290869Z #14 pushing layer 188c9b34dfbe 63.18MB / 78.61MB 4.8s
Build Server Image	Build and push server image	2026-03-23T23:03:37.6432857Z #14 pushing layer 188c9b34dfbe 69.07MB / 78.61MB 5.1s
Build Server Image	Build and push server image	2026-03-23T23:03:37.7510133Z #14 pushing layer 1a7250211d43 132.03MB / 209.04MB 5.2s
Build Server Image	Build and push server image	2026-03-23T23:03:37.8690407Z #14 pushing layer 188c9b34dfbe 74.48MB / 78.61MB 5.3s
Build Server Image	Build and push server image	2026-03-23T23:03:38.1018433Z #14 pushing layer 188c9b34dfbe 81.04MB / 78.61MB 5.5s
Build Server Image	Build and push server image	2026-03-23T23:03:38.2128597Z #14 pushing layer 1a7250211d43 142.93MB / 209.04MB 5.7s
Build Server Image	Build and push server image	2026-03-23T23:03:38.6682804Z #14 pushing layer 1a7250211d43 155.91MB / 209.04MB 6.1s
Build Server Image	Build and push server image	2026-03-23T23:03:39.1015276Z #14 pushing layer 1a7250211d43 168.35MB / 209.04MB 6.6s
Build Server Image	Build and push server image	2026-03-23T23:03:39.1015865Z #14 pushing layer 188c9b34dfbe 6.5s done
Build Server Image	Build and push server image	2026-03-23T23:03:39.5264856Z #14 pushing layer 1a7250211d43 180.72MB / 209.04MB 7.0s
Build Server Image	Build and push server image	2026-03-23T23:03:39.9686378Z #14 pushing layer 1a7250211d43 193.63MB / 209.04MB 7.4s
Build Server Image	Build and push server image	2026-03-23T23:03:40.4081171Z #14 pushing layer 1a7250211d43 204.62MB / 209.04MB 7.9s
Build Server Image	Build and push server image	2026-03-23T23:03:40.9580088Z #14 pushing layer 1a7250211d43 216.07MB / 209.04MB 8.3s
Build Server Image	Build and push server image	2026-03-23T23:03:42.8985392Z #14 pushing layer 1a7250211d43 10.4s done
Build Server Image	Build and push server image	2026-03-23T23:03:44.9299675Z #14 pushing layer 8347a0657a00 12.4s done
Build Server Image	Build and push server image	2026-03-23T23:03:45.0674482Z #14 pushing layer 34b037810a00 12.4s done
Build Server Image	Build and push server image	2026-03-23T23:03:45.0675520Z #14 pushing layer 188695d9eb1d 12.4s done
Build Server Image	Build and push server image	2026-03-23T23:03:45.0676648Z #14 DONE 12.6s
Build Server Image	Build and push server image	2026-03-23T23:03:45.0676952Z 
Build Server Image	Build and push server image	2026-03-23T23:03:45.0677490Z #15 pushing ghcr.io/whitehatd/thesis-server:ed74cd31e83301abb2b4d417c7477d2e37e9ac60 with docker
Build Server Image	Build and push server image	2026-03-23T23:03:45.0678253Z #15 pushing layer b96d9cd45455
Build Server Image	Build and push server image	2026-03-23T23:03:45.2158689Z #15 pushing layer 74c4ba986b41
Build Server Image	Build and push server image	2026-03-23T23:03:45.2159078Z #15 pushing layer 87e56e130a3a
Build Server Image	Build and push server image	2026-03-23T23:03:45.2159404Z #15 pushing layer b4397ec51bc2
Build Server Image	Build and push server image	2026-03-23T23:03:45.2159721Z #15 pushing layer 8347a0657a00
Build Server Image	Build and push server image	2026-03-23T23:03:45.2160022Z #15 pushing layer 34b037810a00
Build Server Image	Build and push server image	2026-03-23T23:03:45.2160328Z #15 pushing layer 188695d9eb1d
Build Server Image	Build and push server image	2026-03-23T23:03:45.2160649Z #15 pushing layer 188c9b34dfbe
Build Server Image	Build and push server image	2026-03-23T23:03:46.1184767Z #15 pushing layer b96d9cd45455 1.1s done
Build Server Image	Build and push server image	2026-03-23T23:03:46.2691574Z #15 pushing layer 74c4ba986b41 1.1s done
Build Server Image	Build and push server image	2026-03-23T23:03:46.2692128Z #15 pushing layer 1a7250211d43 1.1s done
Build Server Image	Build and push server image	2026-03-23T23:03:46.2692650Z #15 pushing layer 87e56e130a3a 1.1s done
Build Server Image	Build and push server image	2026-03-23T23:03:46.2693119Z #15 pushing layer b4397ec51bc2 1.1s done
Build Server Image	Build and push server image	2026-03-23T23:03:46.2693546Z #15 pushing layer 8347a0657a00 1.1s done
Build Server Image	Build and push server image	2026-03-23T23:03:46.2693831Z #15 pushing layer 34b037810a00 1.1s done
Build Server Image	Build and push server image	2026-03-23T23:03:46.2694114Z #15 pushing layer 188695d9eb1d 1.1s done
Build Server Image	Build and push server image	2026-03-23T23:03:46.2694402Z #15 pushing layer 188c9b34dfbe 1.1s done
Build Server Image	Build and push server image	2026-03-23T23:03:46.2694670Z #15 DONE 1.2s
Build Server Image	Build and push server image	2026-03-23T23:03:47.0277593Z ##[group]ImageID
Build Server Image	Build and push server image	2026-03-23T23:03:47.0278200Z sha256:19671929bef4dcb674c59cb0c79e82025def4ff0bddc523a7413dc354355b0ae
Build Server Image	Build and push server image	2026-03-23T23:03:47.0279439Z ##[endgroup]
Build Server Image	Build and push server image	2026-03-23T23:03:47.0279955Z ##[group]Digest
Build Server Image	Build and push server image	2026-03-23T23:03:47.0281011Z sha256:32a91620a7ba1a6cafe9fc37014f4d178d0f674b342f7e88641e45fca9f86b46
Build Server Image	Build and push server image	2026-03-23T23:03:47.0282307Z ##[endgroup]
Build Server Image	Build and push server image	2026-03-23T23:03:47.0283637Z ##[group]Metadata
Build Server Image	Build and push server image	2026-03-23T23:03:47.0284720Z {
Build Server Image	Build and push server image	2026-03-23T23:03:47.0285000Z   "buildx.build.provenance": {
Build Server Image	Build and push server image	2026-03-23T23:03:47.0285384Z     "builder": {
Build Server Image	Build and push server image	2026-03-23T23:03:47.0285759Z       "id": ""
Build Server Image	Build and push server image	2026-03-23T23:03:47.0286284Z     },
Build Server Image	Build and push server image	2026-03-23T23:03:47.0286680Z     "buildType": "https://mobyproject.org/buildkit@v1",
Build Server Image	Build and push server image	2026-03-23T23:03:47.0287160Z     "materials": [
Build Server Image	Build and push server image	2026-03-23T23:03:47.0287449Z       {
Build Server Image	Build and push server image	2026-03-23T23:03:47.0287773Z         "uri": "pkg:docker/python@3.11-slim?platform=linux%2Famd64",
Build Server Image	Build and push server image	2026-03-23T23:03:47.0288074Z         "digest": {
Build Server Image	Build and push server image	2026-03-23T23:03:47.0288380Z           "sha256": "9358444059ed78e2975ada2c189f1c1a3144a5dab6f35bff8c981afb38946634"
Build Server Image	Build and push server image	2026-03-23T23:03:47.0288837Z         }
Build Server Image	Build and push server image	2026-03-23T23:03:47.0288989Z       }
Build Server Image	Build and push server image	2026-03-23T23:03:47.0289130Z     ],
Build Server Image	Build and push server image	2026-03-23T23:03:47.0289282Z     "invocation": {
Build Server Image	Build and push server image	2026-03-23T23:03:47.0289483Z       "configSource": {
Build Server Image	Build and push server image	2026-03-23T23:03:47.0289693Z         "entryPoint": "Dockerfile"
Build Server Image	Build and push server image	2026-03-23T23:03:47.0289903Z       },
Build Server Image	Build and push server image	2026-03-23T23:03:47.0290071Z       "parameters": {
Build Server Image	Build and push server image	2026-03-23T23:03:47.0290268Z         "frontend": "dockerfile.v0",
Build Server Image	Build and push server image	2026-03-23T23:03:47.0290510Z         "locals": [
Build Server Image	Build and push server image	2026-03-23T23:03:47.0290679Z           {
Build Server Image	Build and push server image	2026-03-23T23:03:47.0291124Z             "name": "context"
Build Server Image	Build and push server image	2026-03-23T23:03:47.0291344Z           },
Build Server Image	Build and push server image	2026-03-23T23:03:47.0291492Z           {
Build Server Image	Build and push server image	2026-03-23T23:03:47.0291656Z             "name": "dockerfile"
Build Server Image	Build and push server image	2026-03-23T23:03:47.0291869Z           }
Build Server Image	Build and push server image	2026-03-23T23:03:47.0292020Z         ]
Build Server Image	Build and push server image	2026-03-23T23:03:47.0292159Z       },
Build Server Image	Build and push server image	2026-03-23T23:03:47.0292337Z       "environment": {
Build Server Image	Build and push server image	2026-03-23T23:03:47.0292526Z         "platform": "linux/amd64"
Build Server Image	Build and push server image	2026-03-23T23:03:47.0292758Z       }
Build Server Image	Build and push server image	2026-03-23T23:03:47.0292896Z     }
Build Server Image	Build and push server image	2026-03-23T23:03:47.0293056Z   },
Build Server Image	Build and push server image	2026-03-23T23:03:47.0293304Z   "buildx.build.ref": "default/default/teul7y3ibxtj6cgdphu1h3nf9",
Build Server Image	Build and push server image	2026-03-23T23:03:47.0293903Z   "containerimage.config.digest": "sha256:19671929bef4dcb674c59cb0c79e82025def4ff0bddc523a7413dc354355b0ae",
Build Server Image	Build and push server image	2026-03-23T23:03:47.0294636Z   "containerimage.digest": "sha256:32a91620a7ba1a6cafe9fc37014f4d178d0f674b342f7e88641e45fca9f86b46",
Build Server Image	Build and push server image	2026-03-23T23:03:47.0295583Z   "image.name": "ghcr.io/whitehatd/thesis-server:latest,ghcr.io/whitehatd/thesis-server:ed74cd31e83301abb2b4d417c7477d2e37e9ac60"
Build Server Image	Build and push server image	2026-03-23T23:03:47.0296648Z }
Build Server Image	Build and push server image	2026-03-23T23:03:47.0296987Z ##[endgroup]
Build Server Image	Post Build and push server image	´╗┐2026-03-23T23:03:47.0438285Z Post job cleanup.
Build Server Image	Post Build and push server image	2026-03-23T23:03:47.2630593Z ##[group]Removing temp folder /home/runner/work/_temp/docker-actions-toolkit-7faYCc
Build Server Image	Post Build and push server image	2026-03-23T23:03:47.2644660Z ##[endgroup]
Build Server Image	Post Build and push server image	2026-03-23T23:03:47.2645262Z ##[group]Post cache
Build Server Image	Post Build and push server image	2026-03-23T23:03:47.2647428Z State not set
Build Server Image	Post Build and push server image	2026-03-23T23:03:47.2648002Z ##[endgroup]
Build Server Image	Post Log in to GitHub Container Registry	´╗┐2026-03-23T23:03:47.2762247Z Post job cleanup.
Build Server Image	Post Log in to GitHub Container Registry	2026-03-23T23:03:47.5781783Z ##[group]Logout from ghcr.io
Build Server Image	Post Log in to GitHub Container Registry	2026-03-23T23:03:47.5828970Z [command]/usr/bin/docker logout ghcr.io
Build Server Image	Post Log in to GitHub Container Registry	2026-03-23T23:03:47.5963921Z Removing login credentials for ghcr.io
Build Server Image	Post Log in to GitHub Container Registry	2026-03-23T23:03:47.5997717Z ##[endgroup]
Build Server Image	Post Log in to GitHub Container Registry	2026-03-23T23:03:47.5998088Z ##[group]Post cache
Build Server Image	Post Log in to GitHub Container Registry	2026-03-23T23:03:47.6000134Z State not set
Build Server Image	Post Log in to GitHub Container Registry	2026-03-23T23:03:47.6000976Z ##[endgroup]
Build Server Image	Post Run actions/checkout@v4	´╗┐2026-03-23T23:03:47.6136756Z Post job cleanup.
Build Server Image	Post Run actions/checkout@v4	2026-03-23T23:03:47.7091469Z [command]/usr/bin/git version
Build Server Image	Post Run actions/checkout@v4	2026-03-23T23:03:47.7131423Z git version 2.53.0
Build Server Image	Post Run actions/checkout@v4	2026-03-23T23:03:47.7175783Z Temporarily overriding HOME='/home/runner/work/_temp/4071034d-f6c0-44c9-aee6-143e453b9b2b' before making global git config changes
Build Server Image	Post Run actions/checkout@v4	2026-03-23T23:03:47.7177297Z Adding repository directory to the temporary git global config as a safe directory
Build Server Image	Post Run actions/checkout@v4	2026-03-23T23:03:47.7182908Z [command]/usr/bin/git config --global --add safe.directory /home/runner/work/thesis-iot-monitoring/thesis-iot-monitoring
Build Server Image	Post Run actions/checkout@v4	2026-03-23T23:03:47.7220671Z [command]/usr/bin/git config --local --name-only --get-regexp core\.sshCommand
Build Server Image	Post Run actions/checkout@v4	2026-03-23T23:03:47.7255087Z [command]/usr/bin/git submodule foreach --recursive sh -c "git config --local --name-only --get-regexp 'core\.sshCommand' && git config --local --unset-all 'core.sshCommand' || :"
Build Server Image	Post Run actions/checkout@v4	2026-03-23T23:03:47.7496804Z [command]/usr/bin/git config --local --name-only --get-regexp http\.https\:\/\/github\.com\/\.extraheader
Build Server Image	Post Run actions/checkout@v4	2026-03-23T23:03:47.7519652Z http.https://github.com/.extraheader
Build Server Image	Post Run actions/checkout@v4	2026-03-23T23:03:47.7532163Z [command]/usr/bin/git config --local --unset-all http.https://github.com/.extraheader
Build Server Image	Post Run actions/checkout@v4	2026-03-23T23:03:47.7565770Z [command]/usr/bin/git submodule foreach --recursive sh -c "git config --local --name-only --get-regexp 'http\.https\:\/\/github\.com\/\.extraheader' && git config --local --unset-all 'http.https://github.com/.extraheader' || :"
Build Server Image	Post Run actions/checkout@v4	2026-03-23T23:03:47.7798796Z [command]/usr/bin/git config --local --name-only --get-regexp ^includeIf\.gitdir:
Build Server Image	Post Run actions/checkout@v4	2026-03-23T23:03:47.7830734Z [command]/usr/bin/git submodule foreach --recursive git config --local --show-origin --name-only --get-regexp remote.origin.url
Build Server Image	Complete job	´╗┐2026-03-23T23:03:47.8177706Z Cleaning up orphan processes
Build Server Image	Complete job	2026-03-23T23:03:47.8500062Z ##[warning]Node.js 20 actions are deprecated. The following actions are running on Node.js 20 and may not work as expected: actions/checkout@v4, docker/build-push-action@v5, docker/login-action@v3. Actions will be forced to run with Node.js 24 by default starting June 2nd, 2026. Please check if updated versions of these actions are available that support Node.js 24. To opt into Node.js 24 now, set the FORCE_JAVASCRIPT_ACTIONS_TO_NODE24=true environment variable on the runner or in your workflow file. Once Node.js 24 becomes the default, you can temporarily opt out by setting ACTIONS_ALLOW_USE_UNSECURE_NODE_VERSION=true. For more information see: https://github.blog/changelog/2025-09-19-deprecation-of-node-20-on-github-actions-runners/
Build Dashboard Image	Set up job	´╗┐2026-03-23T23:02:55.9498573Z Current runner version: '2.332.0'
Build Dashboard Image	Set up job	2026-03-23T23:02:55.9533987Z ##[group]Runner Image Provisioner
Build Dashboard Image	Set up job	2026-03-23T23:02:55.9535500Z Hosted Compute Agent
Build Dashboard Image	Set up job	2026-03-23T23:02:55.9536689Z Version: 20260213.493
Build Dashboard Image	Set up job	2026-03-23T23:02:55.9537691Z Commit: 5c115507f6dd24b8de37d8bbe0bb4509d0cc0fa3
Build Dashboard Image	Set up job	2026-03-23T23:02:55.9539060Z Build Date: 2026-02-13T00:28:41Z
Build Dashboard Image	Set up job	2026-03-23T23:02:55.9540257Z Worker ID: {6de0d031-2c62-49bc-8c6f-5ef364ed33dc}
Build Dashboard Image	Set up job	2026-03-23T23:02:55.9541475Z Azure Region: eastus2
Build Dashboard Image	Set up job	2026-03-23T23:02:55.9542536Z ##[endgroup]
Build Dashboard Image	Set up job	2026-03-23T23:02:55.9545330Z ##[group]Operating System
Build Dashboard Image	Set up job	2026-03-23T23:02:55.9546382Z Ubuntu
Build Dashboard Image	Set up job	2026-03-23T23:02:55.9547291Z 24.04.3
Build Dashboard Image	Set up job	2026-03-23T23:02:55.9548079Z LTS
Build Dashboard Image	Set up job	2026-03-23T23:02:55.9548841Z ##[endgroup]
Build Dashboard Image	Set up job	2026-03-23T23:02:55.9549888Z ##[group]Runner Image
Build Dashboard Image	Set up job	2026-03-23T23:02:55.9550849Z Image: ubuntu-24.04
Build Dashboard Image	Set up job	2026-03-23T23:02:55.9551857Z Version: 20260309.50.1
Build Dashboard Image	Set up job	2026-03-23T23:02:55.9553575Z Included Software: https://github.com/actions/runner-images/blob/ubuntu24/20260309.50/images/ubuntu/Ubuntu2404-Readme.md
Build Dashboard Image	Set up job	2026-03-23T23:02:55.9556798Z Image Release: https://github.com/actions/runner-images/releases/tag/ubuntu24%2F20260309.50
Build Dashboard Image	Set up job	2026-03-23T23:02:55.9558455Z ##[endgroup]
Build Dashboard Image	Set up job	2026-03-23T23:02:55.9560413Z ##[group]GITHUB_TOKEN Permissions
Build Dashboard Image	Set up job	2026-03-23T23:02:55.9563156Z Contents: read
Build Dashboard Image	Set up job	2026-03-23T23:02:55.9563990Z Metadata: read
Build Dashboard Image	Set up job	2026-03-23T23:02:55.9565218Z Packages: write
Build Dashboard Image	Set up job	2026-03-23T23:02:55.9566192Z ##[endgroup]
Build Dashboard Image	Set up job	2026-03-23T23:02:55.9569288Z Secret source: Actions
Build Dashboard Image	Set up job	2026-03-23T23:02:55.9570576Z Prepare workflow directory
Build Dashboard Image	Set up job	2026-03-23T23:02:56.0142281Z Prepare all required actions
Build Dashboard Image	Set up job	2026-03-23T23:02:56.0199871Z Getting action download info
Build Dashboard Image	Set up job	2026-03-23T23:02:56.2728268Z Download action repository 'actions/checkout@v4' (SHA:34e114876b0b11c390a56381ad16ebd13914f8d5)
Build Dashboard Image	Set up job	2026-03-23T23:02:56.3823977Z Download action repository 'docker/login-action@v3' (SHA:c94ce9fb468520275223c153574b00df6fe4bcc9)
Build Dashboard Image	Set up job	2026-03-23T23:02:56.6911877Z Download action repository 'docker/build-push-action@v5' (SHA:ca052bb54ab0790a636c9b5f226502c73d547a25)
Build Dashboard Image	Set up job	2026-03-23T23:02:57.1389960Z Complete job name: Build Dashboard Image
Build Dashboard Image	Run actions/checkout@v4	´╗┐2026-03-23T23:02:57.2136025Z ##[group]Run actions/checkout@v4
Build Dashboard Image	Run actions/checkout@v4	2026-03-23T23:02:57.2136975Z with:
Build Dashboard Image	Run actions/checkout@v4	2026-03-23T23:02:57.2137453Z   repository: WhitehatD/thesis-iot-monitoring
Build Dashboard Image	Run actions/checkout@v4	2026-03-23T23:02:57.2138228Z   token: ***
Build Dashboard Image	Run actions/checkout@v4	2026-03-23T23:02:57.2138641Z   ssh-strict: true
Build Dashboard Image	Run actions/checkout@v4	2026-03-23T23:02:57.2139052Z   ssh-user: git
Build Dashboard Image	Run actions/checkout@v4	2026-03-23T23:02:57.2139489Z   persist-credentials: true
Build Dashboard Image	Run actions/checkout@v4	2026-03-23T23:02:57.2139972Z   clean: true
Build Dashboard Image	Run actions/checkout@v4	2026-03-23T23:02:57.2140399Z   sparse-checkout-cone-mode: true
Build Dashboard Image	Run actions/checkout@v4	2026-03-23T23:02:57.2140903Z   fetch-depth: 1
Build Dashboard Image	Run actions/checkout@v4	2026-03-23T23:02:57.2141316Z   fetch-tags: false
Build Dashboard Image	Run actions/checkout@v4	2026-03-23T23:02:57.2141730Z   show-progress: true
Build Dashboard Image	Run actions/checkout@v4	2026-03-23T23:02:57.2142158Z   lfs: false
Build Dashboard Image	Run actions/checkout@v4	2026-03-23T23:02:57.2142545Z   submodules: false
Build Dashboard Image	Run actions/checkout@v4	2026-03-23T23:02:57.2142987Z   set-safe-directory: true
Build Dashboard Image	Run actions/checkout@v4	2026-03-23T23:02:57.2143678Z env:
Build Dashboard Image	Run actions/checkout@v4	2026-03-23T23:02:57.2144084Z   REGISTRY: ghcr.io
Build Dashboard Image	Run actions/checkout@v4	2026-03-23T23:02:57.2144511Z ##[endgroup]
Build Dashboard Image	Run actions/checkout@v4	2026-03-23T23:02:57.3215741Z Syncing repository: WhitehatD/thesis-iot-monitoring
Build Dashboard Image	Run actions/checkout@v4	2026-03-23T23:02:57.3218361Z ##[group]Getting Git version info
Build Dashboard Image	Run actions/checkout@v4	2026-03-23T23:02:57.3219645Z Working directory is '/home/runner/work/thesis-iot-monitoring/thesis-iot-monitoring'
Build Dashboard Image	Run actions/checkout@v4	2026-03-23T23:02:57.3220981Z [command]/usr/bin/git version
Build Dashboard Image	Run actions/checkout@v4	2026-03-23T23:02:57.3280624Z git version 2.53.0
Build Dashboard Image	Run actions/checkout@v4	2026-03-23T23:02:57.3306751Z ##[endgroup]
Build Dashboard Image	Run actions/checkout@v4	2026-03-23T23:02:57.3320550Z Temporarily overriding HOME='/home/runner/work/_temp/13ecc8b1-c345-4114-8cf3-4afc3a5e5b19' before making global git config changes
Build Dashboard Image	Run actions/checkout@v4	2026-03-23T23:02:57.3323440Z Adding repository directory to the temporary git global config as a safe directory
Build Dashboard Image	Run actions/checkout@v4	2026-03-23T23:02:57.3333590Z [command]/usr/bin/git config --global --add safe.directory /home/runner/work/thesis-iot-monitoring/thesis-iot-monitoring
Build Dashboard Image	Run actions/checkout@v4	2026-03-23T23:02:57.3373157Z Deleting the contents of '/home/runner/work/thesis-iot-monitoring/thesis-iot-monitoring'
Build Dashboard Image	Run actions/checkout@v4	2026-03-23T23:02:57.3376761Z ##[group]Initializing the repository
Build Dashboard Image	Run actions/checkout@v4	2026-03-23T23:02:57.3380916Z [command]/usr/bin/git init /home/runner/work/thesis-iot-monitoring/thesis-iot-monitoring
Build Dashboard Image	Run actions/checkout@v4	2026-03-23T23:02:57.3481689Z hint: Using 'master' as the name for the initial branch. This default branch name
Build Dashboard Image	Run actions/checkout@v4	2026-03-23T23:02:57.3483775Z hint: will change to "main" in Git 3.0. To configure the initial branch name
Build Dashboard Image	Run actions/checkout@v4	2026-03-23T23:02:57.3485776Z hint: to use in all of your new repositories, which will suppress this warning,
Build Dashboard Image	Run actions/checkout@v4	2026-03-23T23:02:57.3487744Z hint: call:
Build Dashboard Image	Run actions/checkout@v4	2026-03-23T23:02:57.3488582Z hint:
Build Dashboard Image	Run actions/checkout@v4	2026-03-23T23:02:57.3489483Z hint: 	git config --global init.defaultBranch <name>
Build Dashboard Image	Run actions/checkout@v4	2026-03-23T23:02:57.3490497Z hint:
Build Dashboard Image	Run actions/checkout@v4	2026-03-23T23:02:57.3491639Z hint: Names commonly chosen instead of 'master' are 'main', 'trunk' and
Build Dashboard Image	Run actions/checkout@v4	2026-03-23T23:02:57.3492755Z hint: 'development'. The just-created branch can be renamed via this command:
Build Dashboard Image	Run actions/checkout@v4	2026-03-23T23:02:57.3493744Z hint:
Build Dashboard Image	Run actions/checkout@v4	2026-03-23T23:02:57.3494225Z hint: 	git branch -m <name>
Build Dashboard Image	Run actions/checkout@v4	2026-03-23T23:02:57.3494785Z hint:
Build Dashboard Image	Run actions/checkout@v4	2026-03-23T23:02:57.3495881Z hint: Disable this message with "git config set advice.defaultBranchName false"
Build Dashboard Image	Run actions/checkout@v4	2026-03-23T23:02:57.3497845Z Initialized empty Git repository in /home/runner/work/thesis-iot-monitoring/thesis-iot-monitoring/.git/
Build Dashboard Image	Run actions/checkout@v4	2026-03-23T23:02:57.3500130Z [command]/usr/bin/git remote add origin https://github.com/WhitehatD/thesis-iot-monitoring
Build Dashboard Image	Run actions/checkout@v4	2026-03-23T23:02:57.3535410Z ##[endgroup]
Build Dashboard Image	Run actions/checkout@v4	2026-03-23T23:02:57.3536438Z ##[group]Disabling automatic garbage collection
Build Dashboard Image	Run actions/checkout@v4	2026-03-23T23:02:57.3539154Z [command]/usr/bin/git config --local gc.auto 0
Build Dashboard Image	Run actions/checkout@v4	2026-03-23T23:02:57.3569990Z ##[endgroup]
Build Dashboard Image	Run actions/checkout@v4	2026-03-23T23:02:57.3571856Z ##[group]Setting up auth
Build Dashboard Image	Run actions/checkout@v4	2026-03-23T23:02:57.3578096Z [command]/usr/bin/git config --local --name-only --get-regexp core\.sshCommand
Build Dashboard Image	Run actions/checkout@v4	2026-03-23T23:02:57.3611444Z [command]/usr/bin/git submodule foreach --recursive sh -c "git config --local --name-only --get-regexp 'core\.sshCommand' && git config --local --unset-all 'core.sshCommand' || :"
Build Dashboard Image	Run actions/checkout@v4	2026-03-23T23:02:57.3947328Z [command]/usr/bin/git config --local --name-only --get-regexp http\.https\:\/\/github\.com\/\.extraheader
Build Dashboard Image	Run actions/checkout@v4	2026-03-23T23:02:57.3978285Z [command]/usr/bin/git submodule foreach --recursive sh -c "git config --local --name-only --get-regexp 'http\.https\:\/\/github\.com\/\.extraheader' && git config --local --unset-all 'http.https://github.com/.extraheader' || :"
Build Dashboard Image	Run actions/checkout@v4	2026-03-23T23:02:57.4212681Z [command]/usr/bin/git config --local --name-only --get-regexp ^includeIf\.gitdir:
Build Dashboard Image	Run actions/checkout@v4	2026-03-23T23:02:57.4244874Z [command]/usr/bin/git submodule foreach --recursive git config --local --show-origin --name-only --get-regexp remote.origin.url
Build Dashboard Image	Run actions/checkout@v4	2026-03-23T23:02:57.4487675Z [command]/usr/bin/git config --local http.https://github.com/.extraheader AUTHORIZATION: basic ***
Build Dashboard Image	Run actions/checkout@v4	2026-03-23T23:02:57.4523166Z ##[endgroup]
Build Dashboard Image	Run actions/checkout@v4	2026-03-23T23:02:57.4525362Z ##[group]Fetching the repository
Build Dashboard Image	Run actions/checkout@v4	2026-03-23T23:02:57.4533544Z [command]/usr/bin/git -c protocol.version=2 fetch --no-tags --prune --no-recurse-submodules --depth=1 origin +ed74cd31e83301abb2b4d417c7477d2e37e9ac60:refs/remotes/origin/main
Build Dashboard Image	Run actions/checkout@v4	2026-03-23T23:02:58.6265765Z From https://github.com/WhitehatD/thesis-iot-monitoring
Build Dashboard Image	Run actions/checkout@v4	2026-03-23T23:02:58.6270527Z  * [new ref]         ed74cd31e83301abb2b4d417c7477d2e37e9ac60 -> origin/main
Build Dashboard Image	Run actions/checkout@v4	2026-03-23T23:02:58.6300264Z ##[endgroup]
Build Dashboard Image	Run actions/checkout@v4	2026-03-23T23:02:58.6302095Z ##[group]Determining the checkout info
Build Dashboard Image	Run actions/checkout@v4	2026-03-23T23:02:58.6304131Z ##[endgroup]
Build Dashboard Image	Run actions/checkout@v4	2026-03-23T23:02:58.6307414Z [command]/usr/bin/git sparse-checkout disable
Build Dashboard Image	Run actions/checkout@v4	2026-03-23T23:02:58.6347932Z [command]/usr/bin/git config --local --unset-all extensions.worktreeConfig
Build Dashboard Image	Run actions/checkout@v4	2026-03-23T23:02:58.6374587Z ##[group]Checking out the ref
Build Dashboard Image	Run actions/checkout@v4	2026-03-23T23:02:58.6377345Z [command]/usr/bin/git checkout --progress --force -B main refs/remotes/origin/main
Build Dashboard Image	Run actions/checkout@v4	2026-03-23T23:02:58.9580656Z Switched to a new branch 'main'
Build Dashboard Image	Run actions/checkout@v4	2026-03-23T23:02:58.9584404Z branch 'main' set up to track 'origin/main'.
Build Dashboard Image	Run actions/checkout@v4	2026-03-23T23:02:58.9616521Z ##[endgroup]
Build Dashboard Image	Run actions/checkout@v4	2026-03-23T23:02:58.9661617Z [command]/usr/bin/git log -1 --format=%H
Build Dashboard Image	Run actions/checkout@v4	2026-03-23T23:02:58.9686162Z ed74cd31e83301abb2b4d417c7477d2e37e9ac60
Build Dashboard Image	Compute lowercase image name	´╗┐2026-03-23T23:02:58.9908622Z ##[group]Run echo "image=ghcr.io/${GITHUB_REPOSITORY_OWNER,,}/thesis-dashboard" >> "$GITHUB_OUTPUT"
Build Dashboard Image	Compute lowercase image name	2026-03-23T23:02:58.9913100Z [36;1mecho "image=ghcr.io/${GITHUB_REPOSITORY_OWNER,,}/thesis-dashboard" >> "$GITHUB_OUTPUT"[0m
Build Dashboard Image	Compute lowercase image name	2026-03-23T23:02:58.9972217Z shell: /usr/bin/bash -e {0}
Build Dashboard Image	Compute lowercase image name	2026-03-23T23:02:58.9973562Z env:
Build Dashboard Image	Compute lowercase image name	2026-03-23T23:02:58.9974329Z   REGISTRY: ghcr.io
Build Dashboard Image	Compute lowercase image name	2026-03-23T23:02:58.9975465Z ##[endgroup]
Build Dashboard Image	Log in to GitHub Container Registry	´╗┐2026-03-23T23:02:59.0221952Z ##[group]Run docker/login-action@v3
Build Dashboard Image	Log in to GitHub Container Registry	2026-03-23T23:02:59.0223029Z with:
Build Dashboard Image	Log in to GitHub Container Registry	2026-03-23T23:02:59.0223758Z   registry: ghcr.io
Build Dashboard Image	Log in to GitHub Container Registry	2026-03-23T23:02:59.0224577Z   username: WhitehatD
Build Dashboard Image	Log in to GitHub Container Registry	2026-03-23T23:02:59.0226226Z   password: ***
Build Dashboard Image	Log in to GitHub Container Registry	2026-03-23T23:02:59.0227033Z   logout: true
Build Dashboard Image	Log in to GitHub Container Registry	2026-03-23T23:02:59.0227785Z env:
Build Dashboard Image	Log in to GitHub Container Registry	2026-03-23T23:02:59.0228490Z   REGISTRY: ghcr.io
Build Dashboard Image	Log in to GitHub Container Registry	2026-03-23T23:02:59.0229290Z ##[endgroup]
Build Dashboard Image	Log in to GitHub Container Registry	2026-03-23T23:02:59.3261792Z Logging into ghcr.io...
Build Dashboard Image	Log in to GitHub Container Registry	2026-03-23T23:02:59.5730628Z Login Succeeded!
Build Dashboard Image	Build and push dashboard image	´╗┐2026-03-23T23:02:59.5924471Z ##[group]Run docker/build-push-action@v5
Build Dashboard Image	Build and push dashboard image	2026-03-23T23:02:59.5924796Z with:
Build Dashboard Image	Build and push dashboard image	2026-03-23T23:02:59.5925222Z   context: ./dashboard
Build Dashboard Image	Build and push dashboard image	2026-03-23T23:02:59.5925437Z   push: true
Build Dashboard Image	Build and push dashboard image	2026-03-23T23:02:59.5925969Z   tags: ghcr.io/whitehatd/thesis-dashboard:latest
Build Dashboard Image	Build and push dashboard image	ghcr.io/whitehatd/thesis-dashboard:ed74cd31e83301abb2b4d417c7477d2e37e9ac60
Build Dashboard Image	Build and push dashboard image	
Build Dashboard Image	Build and push dashboard image	2026-03-23T23:02:59.5926551Z   load: false
Build Dashboard Image	Build and push dashboard image	2026-03-23T23:02:59.5926728Z   no-cache: false
Build Dashboard Image	Build and push dashboard image	2026-03-23T23:02:59.5926920Z   pull: false
Build Dashboard Image	Build and push dashboard image	2026-03-23T23:02:59.5927238Z   github-token: ***
Build Dashboard Image	Build and push dashboard image	2026-03-23T23:02:59.5927443Z env:
Build Dashboard Image	Build and push dashboard image	2026-03-23T23:02:59.5927636Z   REGISTRY: ghcr.io
Build Dashboard Image	Build and push dashboard image	2026-03-23T23:02:59.5927871Z ##[endgroup]
Build Dashboard Image	Build and push dashboard image	2026-03-23T23:02:59.8165786Z ##[group]GitHub Actions runtime token ACs
Build Dashboard Image	Build and push dashboard image	2026-03-23T23:02:59.8176912Z refs/heads/main: read/write
Build Dashboard Image	Build and push dashboard image	2026-03-23T23:02:59.8182054Z ##[endgroup]
Build Dashboard Image	Build and push dashboard image	2026-03-23T23:02:59.8183096Z ##[group]Docker info
Build Dashboard Image	Build and push dashboard image	2026-03-23T23:02:59.8225340Z [command]/usr/bin/docker version
Build Dashboard Image	Build and push dashboard image	2026-03-23T23:02:59.8454157Z Client: Docker Engine - Community
Build Dashboard Image	Build and push dashboard image	2026-03-23T23:02:59.8455530Z  Version:           28.0.4
Build Dashboard Image	Build and push dashboard image	2026-03-23T23:02:59.8456560Z  API version:       1.48
Build Dashboard Image	Build and push dashboard image	2026-03-23T23:02:59.8457343Z  Go version:        go1.23.7
Build Dashboard Image	Build and push dashboard image	2026-03-23T23:02:59.8457911Z  Git commit:        b8034c0
Build Dashboard Image	Build and push dashboard image	2026-03-23T23:02:59.8458353Z  Built:             Tue Mar 25 15:07:16 2025
Build Dashboard Image	Build and push dashboard image	2026-03-23T23:02:59.8458799Z  OS/Arch:           linux/amd64
Build Dashboard Image	Build and push dashboard image	2026-03-23T23:02:59.8459173Z  Context:           default
Build Dashboard Image	Build and push dashboard image	2026-03-23T23:02:59.8459408Z 
Build Dashboard Image	Build and push dashboard image	2026-03-23T23:02:59.8459614Z Server: Docker Engine - Community
Build Dashboard Image	Build and push dashboard image	2026-03-23T23:02:59.8460020Z  Engine:
Build Dashboard Image	Build and push dashboard image	2026-03-23T23:02:59.8460336Z   Version:          28.0.4
Build Dashboard Image	Build and push dashboard image	2026-03-23T23:02:59.8460743Z   API version:      1.48 (minimum version 1.24)
Build Dashboard Image	Build and push dashboard image	2026-03-23T23:02:59.8461573Z   Go version:       go1.23.7
Build Dashboard Image	Build and push dashboard image	2026-03-23T23:02:59.8461954Z   Git commit:       6430e49
Build Dashboard Image	Build and push dashboard image	2026-03-23T23:02:59.8462331Z   Built:            Tue Mar 25 15:07:16 2025
Build Dashboard Image	Build and push dashboard image	2026-03-23T23:02:59.8462765Z   OS/Arch:          linux/amd64
Build Dashboard Image	Build and push dashboard image	2026-03-23T23:02:59.8463128Z   Experimental:     false
Build Dashboard Image	Build and push dashboard image	2026-03-23T23:02:59.8463489Z  containerd:
Build Dashboard Image	Build and push dashboard image	2026-03-23T23:02:59.8463803Z   Version:          v2.2.1
Build Dashboard Image	Build and push dashboard image	2026-03-23T23:02:59.8464303Z   GitCommit:        dea7da592f5d1d2b7755e3a161be07f43fad8f75
Build Dashboard Image	Build and push dashboard image	2026-03-23T23:02:59.8464839Z  runc:
Build Dashboard Image	Build and push dashboard image	2026-03-23T23:02:59.8465341Z   Version:          1.3.4
Build Dashboard Image	Build and push dashboard image	2026-03-23T23:02:59.8465763Z   GitCommit:        v1.3.4-0-gd6d73eb8
Build Dashboard Image	Build and push dashboard image	2026-03-23T23:02:59.8466219Z  docker-init:
Build Dashboard Image	Build and push dashboard image	2026-03-23T23:02:59.8466565Z   Version:          0.19.0
Build Dashboard Image	Build and push dashboard image	2026-03-23T23:02:59.8467004Z   GitCommit:        de40ad0
Build Dashboard Image	Build and push dashboard image	2026-03-23T23:02:59.8508358Z [command]/usr/bin/docker info
Build Dashboard Image	Build and push dashboard image	2026-03-23T23:03:00.1015493Z Client: Docker Engine - Community
Build Dashboard Image	Build and push dashboard image	2026-03-23T23:03:00.1016067Z  Version:    28.0.4
Build Dashboard Image	Build and push dashboard image	2026-03-23T23:03:00.1016407Z  Context:    default
Build Dashboard Image	Build and push dashboard image	2026-03-23T23:03:00.1016760Z  Debug Mode: false
Build Dashboard Image	Build and push dashboard image	2026-03-23T23:03:00.1017070Z  Plugins:
Build Dashboard Image	Build and push dashboard image	2026-03-23T23:03:00.1017369Z   buildx: Docker Buildx (Docker Inc.)
Build Dashboard Image	Build and push dashboard image	2026-03-23T23:03:00.1017769Z     Version:  v0.32.1
Build Dashboard Image	Build and push dashboard image	2026-03-23T23:03:00.1018196Z     Path:     /usr/libexec/docker/cli-plugins/docker-buildx
Build Dashboard Image	Build and push dashboard image	2026-03-23T23:03:00.1018740Z   compose: Docker Compose (Docker Inc.)
Build Dashboard Image	Build and push dashboard image	2026-03-23T23:03:00.1019181Z     Version:  v2.38.2
Build Dashboard Image	Build and push dashboard image	2026-03-23T23:03:00.1019602Z     Path:     /usr/libexec/docker/cli-plugins/docker-compose
Build Dashboard Image	Build and push dashboard image	2026-03-23T23:03:00.1019983Z 
Build Dashboard Image	Build and push dashboard image	2026-03-23T23:03:00.1020101Z Server:
Build Dashboard Image	Build and push dashboard image	2026-03-23T23:03:00.1020697Z  Containers: 0
Build Dashboard Image	Build and push dashboard image	2026-03-23T23:03:00.1020986Z   Running: 0
Build Dashboard Image	Build and push dashboard image	2026-03-23T23:03:00.1021257Z   Paused: 0
Build Dashboard Image	Build and push dashboard image	2026-03-23T23:03:00.1021530Z   Stopped: 0
Build Dashboard Image	Build and push dashboard image	2026-03-23T23:03:00.1021797Z  Images: 6
Build Dashboard Image	Build and push dashboard image	2026-03-23T23:03:00.1022077Z  Server Version: 28.0.4
Build Dashboard Image	Build and push dashboard image	2026-03-23T23:03:00.1022416Z  Storage Driver: overlay2
Build Dashboard Image	Build and push dashboard image	2026-03-23T23:03:00.1022811Z   Backing Filesystem: extfs
Build Dashboard Image	Build and push dashboard image	2026-03-23T23:03:00.1023166Z   Supports d_type: true
Build Dashboard Image	Build and push dashboard image	2026-03-23T23:03:00.1023488Z   Using metacopy: false
Build Dashboard Image	Build and push dashboard image	2026-03-23T23:03:00.1023830Z   Native Overlay Diff: false
Build Dashboard Image	Build and push dashboard image	2026-03-23T23:03:00.1024182Z   userxattr: false
Build Dashboard Image	Build and push dashboard image	2026-03-23T23:03:00.1024523Z  Logging Driver: json-file
Build Dashboard Image	Build and push dashboard image	2026-03-23T23:03:00.1024876Z  Cgroup Driver: systemd
Build Dashboard Image	Build and push dashboard image	2026-03-23T23:03:00.1025381Z  Cgroup Version: 2
Build Dashboard Image	Build and push dashboard image	2026-03-23T23:03:00.1025670Z  Plugins:
Build Dashboard Image	Build and push dashboard image	2026-03-23T23:03:00.1025982Z   Volume: local
Build Dashboard Image	Build and push dashboard image	2026-03-23T23:03:00.1026674Z   Network: bridge host ipvlan macvlan null overlay
Build Dashboard Image	Build and push dashboard image	2026-03-23T23:03:00.1027329Z   Log: awslogs fluentd gcplogs gelf journald json-file local splunk syslog
Build Dashboard Image	Build and push dashboard image	2026-03-23T23:03:00.1027909Z  Swarm: inactive
Build Dashboard Image	Build and push dashboard image	2026-03-23T23:03:00.1028292Z  Runtimes: runc io.containerd.runc.v2
Build Dashboard Image	Build and push dashboard image	2026-03-23T23:03:00.1028722Z  Default Runtime: runc
Build Dashboard Image	Build and push dashboard image	2026-03-23T23:03:00.1029063Z  Init Binary: docker-init
Build Dashboard Image	Build and push dashboard image	2026-03-23T23:03:00.1029545Z  containerd version: dea7da592f5d1d2b7755e3a161be07f43fad8f75
Build Dashboard Image	Build and push dashboard image	2026-03-23T23:03:00.1030086Z  runc version: v1.3.4-0-gd6d73eb8
Build Dashboard Image	Build and push dashboard image	2026-03-23T23:03:00.1030472Z  init version: de40ad0
Build Dashboard Image	Build and push dashboard image	2026-03-23T23:03:00.1030793Z  Security Options:
Build Dashboard Image	Build and push dashboard image	2026-03-23T23:03:00.1031082Z   apparmor
Build Dashboard Image	Build and push dashboard image	2026-03-23T23:03:00.1031335Z   seccomp
Build Dashboard Image	Build and push dashboard image	2026-03-23T23:03:00.1031577Z    Profile: builtin
Build Dashboard Image	Build and push dashboard image	2026-03-23T23:03:00.1031871Z   cgroupns
Build Dashboard Image	Build and push dashboard image	2026-03-23T23:03:00.1032161Z  Kernel Version: 6.14.0-1017-azure
Build Dashboard Image	Build and push dashboard image	2026-03-23T23:03:00.1032587Z  Operating System: Ubuntu 24.04.3 LTS
Build Dashboard Image	Build and push dashboard image	2026-03-23T23:03:00.1032823Z  OSType: linux
Build Dashboard Image	Build and push dashboard image	2026-03-23T23:03:00.1033005Z  Architecture: x86_64
Build Dashboard Image	Build and push dashboard image	2026-03-23T23:03:00.1033274Z  CPUs: 4
Build Dashboard Image	Build and push dashboard image	2026-03-23T23:03:00.1033495Z  Total Memory: 15.62GiB
Build Dashboard Image	Build and push dashboard image	2026-03-23T23:03:00.1033699Z  Name: runnervm46oaq
Build Dashboard Image	Build and push dashboard image	2026-03-23T23:03:00.1033958Z  ID: d09189cb-1d3f-4984-a57a-14f8dab86177
Build Dashboard Image	Build and push dashboard image	2026-03-23T23:03:00.1034214Z  Docker Root Dir: /var/lib/docker
Build Dashboard Image	Build and push dashboard image	2026-03-23T23:03:00.1034437Z  Debug Mode: false
Build Dashboard Image	Build and push dashboard image	2026-03-23T23:03:00.1034623Z  Username: githubactions
Build Dashboard Image	Build and push dashboard image	2026-03-23T23:03:00.1034822Z  Experimental: false
Build Dashboard Image	Build and push dashboard image	2026-03-23T23:03:00.1035269Z  Insecure Registries:
Build Dashboard Image	Build and push dashboard image	2026-03-23T23:03:00.1040202Z   ::1/128
Build Dashboard Image	Build and push dashboard image	2026-03-23T23:03:00.1040412Z   127.0.0.0/8
Build Dashboard Image	Build and push dashboard image	2026-03-23T23:03:00.1040606Z  Live Restore Enabled: false
Build Dashboard Image	Build and push dashboard image	2026-03-23T23:03:00.1040771Z 
Build Dashboard Image	Build and push dashboard image	2026-03-23T23:03:00.1041169Z ##[endgroup]
Build Dashboard Image	Build and push dashboard image	2026-03-23T23:03:00.1041667Z ##[group]Proxy configuration
Build Dashboard Image	Build and push dashboard image	2026-03-23T23:03:00.1042078Z No proxy configuration found
Build Dashboard Image	Build and push dashboard image	2026-03-23T23:03:00.1042668Z ##[endgroup]
Build Dashboard Image	Build and push dashboard image	2026-03-23T23:03:00.1815172Z ##[group]Buildx version
Build Dashboard Image	Build and push dashboard image	2026-03-23T23:03:00.1842135Z [command]/usr/bin/docker buildx version
Build Dashboard Image	Build and push dashboard image	2026-03-23T23:03:00.2468531Z github.com/docker/buildx v0.32.1 d3bfb3f4e48a67dda56e957a6636f4fab6c5fcb2
Build Dashboard Image	Build and push dashboard image	2026-03-23T23:03:00.2503535Z ##[endgroup]
Build Dashboard Image	Build and push dashboard image	2026-03-23T23:03:00.2503902Z ##[group]Builder info
Build Dashboard Image	Build and push dashboard image	2026-03-23T23:03:00.3335385Z {
Build Dashboard Image	Build and push dashboard image	2026-03-23T23:03:00.3335677Z   "nodes": [
Build Dashboard Image	Build and push dashboard image	2026-03-23T23:03:00.3335864Z     {
Build Dashboard Image	Build and push dashboard image	2026-03-23T23:03:00.3336049Z       "name": "default",
Build Dashboard Image	Build and push dashboard image	2026-03-23T23:03:00.3336266Z       "endpoint": "default",
Build Dashboard Image	Build and push dashboard image	2026-03-23T23:03:00.3336487Z       "status": "running",
Build Dashboard Image	Build and push dashboard image	2026-03-23T23:03:00.3336687Z       "buildkit": "v0.20.2",
Build Dashboard Image	Build and push dashboard image	2026-03-23T23:03:00.3336998Z       "platforms": "linux/amd64,linux/amd64/v2,linux/amd64/v3,linux/386",
Build Dashboard Image	Build and push dashboard image	2026-03-23T23:03:00.3337342Z       "features": {
Build Dashboard Image	Build and push dashboard image	2026-03-23T23:03:00.3337641Z         "Automatically load images to the Docker Engine image store": true,
Build Dashboard Image	Build and push dashboard image	2026-03-23T23:03:00.3338000Z         "Cache export": true,
Build Dashboard Image	Build and push dashboard image	2026-03-23T23:03:00.3338217Z         "Direct push": true,
Build Dashboard Image	Build and push dashboard image	2026-03-23T23:03:00.3338434Z         "Docker exporter": true,
Build Dashboard Image	Build and push dashboard image	2026-03-23T23:03:00.3338660Z         "Multi-platform build": true,
Build Dashboard Image	Build and push dashboard image	2026-03-23T23:03:00.3338919Z         "OCI exporter": true
Build Dashboard Image	Build and push dashboard image	2026-03-23T23:03:00.3339111Z       },
Build Dashboard Image	Build and push dashboard image	2026-03-23T23:03:00.3339270Z       "labels": {
Build Dashboard Image	Build and push dashboard image	2026-03-23T23:03:00.3339573Z         "org.mobyproject.buildkit.worker.moby.host-gateway-ip": "172.17.0.1"
Build Dashboard Image	Build and push dashboard image	2026-03-23T23:03:00.3340169Z       }
Build Dashboard Image	Build and push dashboard image	2026-03-23T23:03:00.3340323Z     }
Build Dashboard Image	Build and push dashboard image	2026-03-23T23:03:00.3340469Z   ],
Build Dashboard Image	Build and push dashboard image	2026-03-23T23:03:00.3340623Z   "name": "default",
Build Dashboard Image	Build and push dashboard image	2026-03-23T23:03:00.3340808Z   "driver": "docker"
Build Dashboard Image	Build and push dashboard image	2026-03-23T23:03:00.3340979Z }
Build Dashboard Image	Build and push dashboard image	2026-03-23T23:03:00.3341421Z ##[endgroup]
Build Dashboard Image	Build and push dashboard image	2026-03-23T23:03:00.4957411Z [command]/usr/bin/docker buildx build --iidfile /home/runner/work/_temp/docker-actions-toolkit-kJvZAn/build-iidfile-a8cb9c66a7.txt --tag ghcr.io/whitehatd/thesis-dashboard:latest --tag ghcr.io/whitehatd/thesis-dashboard:ed74cd31e83301abb2b4d417c7477d2e37e9ac60 --metadata-file /home/runner/work/_temp/docker-actions-toolkit-kJvZAn/build-metadata-814bf2addc.json --push ./dashboard
Build Dashboard Image	Build and push dashboard image	2026-03-23T23:03:00.7973164Z #0 building with "default" instance using docker driver
Build Dashboard Image	Build and push dashboard image	2026-03-23T23:03:00.7974044Z 
Build Dashboard Image	Build and push dashboard image	2026-03-23T23:03:00.7974272Z #1 [internal] load build definition from Dockerfile
Build Dashboard Image	Build and push dashboard image	2026-03-23T23:03:00.7974745Z #1 transferring dockerfile: 544B done
Build Dashboard Image	Build and push dashboard image	2026-03-23T23:03:00.7975230Z #1 DONE 0.0s
Build Dashboard Image	Build and push dashboard image	2026-03-23T23:03:00.7975449Z 
Build Dashboard Image	Build and push dashboard image	2026-03-23T23:03:00.7975644Z #2 [auth] library/node:pull token for registry-1.docker.io
Build Dashboard Image	Build and push dashboard image	2026-03-23T23:03:00.7975942Z #2 DONE 0.0s
Build Dashboard Image	Build and push dashboard image	2026-03-23T23:03:00.7976075Z 
Build Dashboard Image	Build and push dashboard image	2026-03-23T23:03:00.7976334Z #3 [internal] load metadata for docker.io/library/node:20-alpine
Build Dashboard Image	Build and push dashboard image	2026-03-23T23:03:01.0389873Z #3 DONE 0.4s
Build Dashboard Image	Build and push dashboard image	2026-03-23T23:03:01.1564314Z 
Build Dashboard Image	Build and push dashboard image	2026-03-23T23:03:01.1564851Z #4 [internal] load .dockerignore
Build Dashboard Image	Build and push dashboard image	2026-03-23T23:03:01.1565543Z #4 transferring context: 86B done
Build Dashboard Image	Build and push dashboard image	2026-03-23T23:03:01.1565871Z #4 DONE 0.0s
Build Dashboard Image	Build and push dashboard image	2026-03-23T23:03:01.1566105Z 
Build Dashboard Image	Build and push dashboard image	2026-03-23T23:03:01.1566282Z #5 [internal] load build context
Build Dashboard Image	Build and push dashboard image	2026-03-23T23:03:01.1566910Z #5 transferring context: 317.86kB done
Build Dashboard Image	Build and push dashboard image	2026-03-23T23:03:01.1567223Z #5 DONE 0.0s
Build Dashboard Image	Build and push dashboard image	2026-03-23T23:03:01.1567342Z 
Build Dashboard Image	Build and push dashboard image	2026-03-23T23:03:01.1567811Z #6 [builder 1/6] FROM docker.io/library/node:20-alpine@sha256:b88333c42c23fbd91596ebd7fd10de239cedab9617de04142dde7315e3bc0afa
Build Dashboard Image	Build and push dashboard image	2026-03-23T23:03:01.1568678Z #6 resolve docker.io/library/node:20-alpine@sha256:b88333c42c23fbd91596ebd7fd10de239cedab9617de04142dde7315e3bc0afa done
Build Dashboard Image	Build and push dashboard image	2026-03-23T23:03:01.1569596Z #6 sha256:b88333c42c23fbd91596ebd7fd10de239cedab9617de04142dde7315e3bc0afa 7.67kB / 7.67kB done
Build Dashboard Image	Build and push dashboard image	2026-03-23T23:03:01.1570348Z #6 sha256:5bac2112f1a27db4775ce6ead86db9e0cbc087f0dbddfe3cbc11ecea122d5294 1.72kB / 1.72kB done
Build Dashboard Image	Build and push dashboard image	2026-03-23T23:03:01.1571017Z #6 sha256:6757e50d3b6babac896b5ba3e7acb5219351e6a111bf4dd19974c7b0bd694c1f 6.52kB / 6.52kB done
Build Dashboard Image	Build and push dashboard image	2026-03-23T23:03:01.1571761Z #6 sha256:ed2fdcee5269a06b0b8b77c69867176443364a72a9626e9aa2e66ab1ebda35a7 0B / 43.22MB 0.1s
Build Dashboard Image	Build and push dashboard image	2026-03-23T23:03:01.1572467Z #6 sha256:7ad115895a6aadccf7f98a05c33873c04df2933ba557c5bcdbedd3de612803da 0B / 1.26MB 0.1s
Build Dashboard Image	Build and push dashboard image	2026-03-23T23:03:01.1573161Z #6 sha256:9d10d4687fae6e13c052431ea3221ccda835c3262df3564310345ffe173146d9 445B / 445B 0.1s done
Build Dashboard Image	Build and push dashboard image	2026-03-23T23:03:01.3555710Z #6 sha256:ed2fdcee5269a06b0b8b77c69867176443364a72a9626e9aa2e66ab1ebda35a7 18.87MB / 43.22MB 0.3s
Build Dashboard Image	Build and push dashboard image	2026-03-23T23:03:01.3556654Z #6 sha256:7ad115895a6aadccf7f98a05c33873c04df2933ba557c5bcdbedd3de612803da 1.26MB / 1.26MB 0.2s done
Build Dashboard Image	Build and push dashboard image	2026-03-23T23:03:01.4564778Z #6 sha256:ed2fdcee5269a06b0b8b77c69867176443364a72a9626e9aa2e66ab1ebda35a7 26.21MB / 43.22MB 0.4s
Build Dashboard Image	Build and push dashboard image	2026-03-23T23:03:01.5578779Z #6 sha256:ed2fdcee5269a06b0b8b77c69867176443364a72a9626e9aa2e66ab1ebda35a7 32.51MB / 43.22MB 0.5s
Build Dashboard Image	Build and push dashboard image	2026-03-23T23:03:01.7253236Z #6 sha256:ed2fdcee5269a06b0b8b77c69867176443364a72a9626e9aa2e66ab1ebda35a7 41.94MB / 43.22MB 0.6s
Build Dashboard Image	Build and push dashboard image	2026-03-23T23:03:01.7254655Z #6 extracting sha256:ed2fdcee5269a06b0b8b77c69867176443364a72a9626e9aa2e66ab1ebda35a7
Build Dashboard Image	Build and push dashboard image	2026-03-23T23:03:01.8256832Z #6 sha256:ed2fdcee5269a06b0b8b77c69867176443364a72a9626e9aa2e66ab1ebda35a7 43.22MB / 43.22MB 0.6s done
Build Dashboard Image	Build and push dashboard image	2026-03-23T23:03:02.9133588Z #6 extracting sha256:ed2fdcee5269a06b0b8b77c69867176443364a72a9626e9aa2e66ab1ebda35a7 1.0s done
Build Dashboard Image	Build and push dashboard image	2026-03-23T23:03:03.1643327Z #6 extracting sha256:7ad115895a6aadccf7f98a05c33873c04df2933ba557c5bcdbedd3de612803da
Build Dashboard Image	Build and push dashboard image	2026-03-23T23:03:03.4009945Z #6 extracting sha256:7ad115895a6aadccf7f98a05c33873c04df2933ba557c5bcdbedd3de612803da 0.0s done
Build Dashboard Image	Build and push dashboard image	2026-03-23T23:03:03.4011642Z #6 extracting sha256:9d10d4687fae6e13c052431ea3221ccda835c3262df3564310345ffe173146d9 done
Build Dashboard Image	Build and push dashboard image	2026-03-23T23:03:03.4012231Z #6 DONE 2.2s
Build Dashboard Image	Build and push dashboard image	2026-03-23T23:03:03.4012362Z 
Build Dashboard Image	Build and push dashboard image	2026-03-23T23:03:03.4012478Z #7 [builder 2/6] WORKDIR /app
Build Dashboard Image	Build and push dashboard image	2026-03-23T23:03:03.4012939Z #7 DONE 0.0s
Build Dashboard Image	Build and push dashboard image	2026-03-23T23:03:03.4013097Z 
Build Dashboard Image	Build and push dashboard image	2026-03-23T23:03:03.4013281Z #8 [builder 3/6] COPY package*.json ./
Build Dashboard Image	Build and push dashboard image	2026-03-23T23:03:03.4013565Z #8 DONE 0.0s
Build Dashboard Image	Build and push dashboard image	2026-03-23T23:03:03.4013688Z 
Build Dashboard Image	Build and push dashboard image	2026-03-23T23:03:03.4013863Z #9 [builder 4/6] RUN npm ci
Build Dashboard Image	Build and push dashboard image	2026-03-23T23:03:13.4680603Z #9 10.22 
Build Dashboard Image	Build and push dashboard image	2026-03-23T23:03:13.4681748Z #9 10.22 added 383 packages, and audited 384 packages in 10s
Build Dashboard Image	Build and push dashboard image	2026-03-23T23:03:13.4682693Z #9 10.22 
Build Dashboard Image	Build and push dashboard image	2026-03-23T23:03:13.6873257Z #9 10.22 146 packages are looking for funding
Build Dashboard Image	Build and push dashboard image	2026-03-23T23:03:13.6874207Z #9 10.22   run `npm fund` for details
Build Dashboard Image	Build and push dashboard image	2026-03-23T23:03:13.6874828Z #9 10.28 
Build Dashboard Image	Build and push dashboard image	2026-03-23T23:03:13.6875410Z #9 10.28 2 vulnerabilities (1 moderate, 1 high)
Build Dashboard Image	Build and push dashboard image	2026-03-23T23:03:13.6875876Z #9 10.28 
Build Dashboard Image	Build and push dashboard image	2026-03-23T23:03:13.6876181Z #9 10.28 To address issues that do not require attention, run:
Build Dashboard Image	Build and push dashboard image	2026-03-23T23:03:13.6876646Z #9 10.28   npm audit fix
Build Dashboard Image	Build and push dashboard image	2026-03-23T23:03:13.6876940Z #9 10.28 
Build Dashboard Image	Build and push dashboard image	2026-03-23T23:03:13.6877228Z #9 10.28 To address all issues, run:
Build Dashboard Image	Build and push dashboard image	2026-03-23T23:03:13.6877590Z #9 10.28   npm audit fix --force
Build Dashboard Image	Build and push dashboard image	2026-03-23T23:03:13.6877907Z #9 10.28 
Build Dashboard Image	Build and push dashboard image	2026-03-23T23:03:13.6878241Z #9 10.28 Run `npm audit` for details.
Build Dashboard Image	Build and push dashboard image	2026-03-23T23:03:13.6878691Z #9 10.29 npm notice
Build Dashboard Image	Build and push dashboard image	2026-03-23T23:03:13.6879124Z #9 10.29 npm notice New major version of npm available! 10.8.2 -> 11.12.0
Build Dashboard Image	Build and push dashboard image	2026-03-23T23:03:13.6879680Z #9 10.29 npm notice Changelog: https://github.com/npm/cli/releases/tag/v11.12.0
Build Dashboard Image	Build and push dashboard image	2026-03-23T23:03:13.6880223Z #9 10.29 npm notice To update run: npm install -g npm@11.12.0
Build Dashboard Image	Build and push dashboard image	2026-03-23T23:03:13.6880652Z #9 10.29 npm notice
Build Dashboard Image	Build and push dashboard image	2026-03-23T23:03:15.0606288Z #9 DONE 11.8s
Build Dashboard Image	Build and push dashboard image	2026-03-23T23:03:15.2294782Z 
Build Dashboard Image	Build and push dashboard image	2026-03-23T23:03:15.2295505Z #10 [builder 5/6] COPY . .
Build Dashboard Image	Build and push dashboard image	2026-03-23T23:03:15.2296198Z #10 DONE 0.0s
Build Dashboard Image	Build and push dashboard image	2026-03-23T23:03:15.2296443Z 
Build Dashboard Image	Build and push dashboard image	2026-03-23T23:03:15.2296736Z #11 [builder 6/6] RUN npm run build
Build Dashboard Image	Build and push dashboard image	2026-03-23T23:03:15.3274565Z #11 0.248 
Build Dashboard Image	Build and push dashboard image	2026-03-23T23:03:15.3275324Z #11 0.248 > dashboard@0.1.0 build
Build Dashboard Image	Build and push dashboard image	2026-03-23T23:03:15.3275879Z #11 0.248 > next build
Build Dashboard Image	Build and push dashboard image	2026-03-23T23:03:15.3276554Z #11 0.248 
Build Dashboard Image	Build and push dashboard image	2026-03-23T23:03:16.0113055Z #11 0.932 Attention: Next.js now collects completely anonymous telemetry regarding usage.
Build Dashboard Image	Build and push dashboard image	2026-03-23T23:03:16.1154490Z #11 0.933 This information is used to shape Next.js' roadmap and prioritize features.
Build Dashboard Image	Build and push dashboard image	2026-03-23T23:03:16.1156232Z #11 0.933 You can learn more, including how to opt-out if you'd not like to participate in this anonymous program, by visiting the following URL:
Build Dashboard Image	Build and push dashboard image	2026-03-23T23:03:16.1157449Z #11 0.933 https://nextjs.org/telemetry
Build Dashboard Image	Build and push dashboard image	2026-03-23T23:03:16.1158047Z #11 0.933 
Build Dashboard Image	Build and push dashboard image	2026-03-23T23:03:16.1158867Z #11 0.943 Ôû▓ Next.js 16.1.6 (Turbopack)
Build Dashboard Image	Build and push dashboard image	2026-03-23T23:03:16.1159459Z #11 0.944 
Build Dashboard Image	Build and push dashboard image	2026-03-23T23:03:16.1160023Z #11 1.036   Creating an optimized production build ...
Build Dashboard Image	Build and push dashboard image	2026-03-23T23:03:21.7806589Z #11 6.700 Ô£ô Compiled successfully in 5.3s
Build Dashboard Image	Build and push dashboard image	2026-03-23T23:03:21.9436202Z #11 6.713   Running TypeScript ...
Build Dashboard Image	Build and push dashboard image	2026-03-23T23:03:21.9782252Z #11 6.899   Collecting page data using 3 workers ...
Build Dashboard Image	Build and push dashboard image	2026-03-23T23:03:22.5243685Z #11 7.445   Generating static pages using 3 workers (0/4) ...
Build Dashboard Image	Build and push dashboard image	2026-03-23T23:03:22.7301651Z #11 7.651   Generating static pages using 3 workers (1/4) 
Build Dashboard Image	Build and push dashboard image	2026-03-23T23:03:22.8927060Z #11 7.658   Generating static pages using 3 workers (2/4) 
Build Dashboard Image	Build and push dashboard image	2026-03-23T23:03:22.8929029Z #11 7.658   Generating static pages using 3 workers (3/4) 
Build Dashboard Image	Build and push dashboard image	2026-03-23T23:03:22.8930167Z #11 7.658 Ô£ô Generating static pages using 3 workers (4/4) in 213.0ms
Build Dashboard Image	Build and push dashboard image	2026-03-23T23:03:22.8931090Z #11 7.663   Finalizing page optimization ...
Build Dashboard Image	Build and push dashboard image	2026-03-23T23:03:22.9668362Z #11 7.888 
Build Dashboard Image	Build and push dashboard image	2026-03-23T23:03:23.1827631Z #11 7.890 Route (app)
Build Dashboard Image	Build and push dashboard image	2026-03-23T23:03:23.1828648Z #11 7.890 Ôöî Ôùï /
Build Dashboard Image	Build and push dashboard image	2026-03-23T23:03:23.1829897Z #11 7.890 Ôöö Ôùï /_not-found
Build Dashboard Image	Build and push dashboard image	2026-03-23T23:03:23.1830414Z #11 7.890 
Build Dashboard Image	Build and push dashboard image	2026-03-23T23:03:23.1831047Z #11 7.890 
Build Dashboard Image	Build and push dashboard image	2026-03-23T23:03:23.1831987Z #11 7.890 Ôùï  (Static)  prerendered as static content
Build Dashboard Image	Build and push dashboard image	2026-03-23T23:03:23.1832641Z #11 7.890 
Build Dashboard Image	Build and push dashboard image	2026-03-23T23:03:23.1833416Z #11 DONE 8.0s
Build Dashboard Image	Build and push dashboard image	2026-03-23T23:03:23.5966787Z 
Build Dashboard Image	Build and push dashboard image	2026-03-23T23:03:23.5967814Z #12 [runner 3/5] COPY --from=builder /app/.next/standalone ./
Build Dashboard Image	Build and push dashboard image	2026-03-23T23:03:23.8667245Z #12 DONE 0.3s
Build Dashboard Image	Build and push dashboard image	2026-03-23T23:03:24.0420228Z 
Build Dashboard Image	Build and push dashboard image	2026-03-23T23:03:24.0421195Z #13 [runner 4/5] COPY --from=builder /app/.next/static ./.next/static
Build Dashboard Image	Build and push dashboard image	2026-03-23T23:03:24.0424289Z #13 DONE 0.0s
Build Dashboard Image	Build and push dashboard image	2026-03-23T23:03:24.0424746Z 
Build Dashboard Image	Build and push dashboard image	2026-03-23T23:03:24.0425282Z #14 [runner 5/5] COPY --from=builder /app/public ./public
Build Dashboard Image	Build and push dashboard image	2026-03-23T23:03:24.0425976Z #14 DONE 0.0s
Build Dashboard Image	Build and push dashboard image	2026-03-23T23:03:24.0426204Z 
Build Dashboard Image	Build and push dashboard image	2026-03-23T23:03:24.0426385Z #15 exporting to image
Build Dashboard Image	Build and push dashboard image	2026-03-23T23:03:24.0426973Z #15 exporting layers
Build Dashboard Image	Build and push dashboard image	2026-03-23T23:03:24.3929543Z #15 exporting layers 0.5s done
Build Dashboard Image	Build and push dashboard image	2026-03-23T23:03:24.5704319Z #15 writing image sha256:e8f11fe9ac38060964c44986ed34787533493f36cd67b45e2d2a6c2c41a36138 done
Build Dashboard Image	Build and push dashboard image	2026-03-23T23:03:24.5705988Z #15 naming to ghcr.io/whitehatd/thesis-dashboard:latest done
Build Dashboard Image	Build and push dashboard image	2026-03-23T23:03:24.5707043Z #15 naming to ghcr.io/whitehatd/thesis-dashboard:ed74cd31e83301abb2b4d417c7477d2e37e9ac60 done
Build Dashboard Image	Build and push dashboard image	2026-03-23T23:03:24.5707624Z #15 DONE 0.5s
Build Dashboard Image	Build and push dashboard image	2026-03-23T23:03:24.5707768Z 
Build Dashboard Image	Build and push dashboard image	2026-03-23T23:03:24.5707902Z #16 resolving provenance for metadata file
Build Dashboard Image	Build and push dashboard image	2026-03-23T23:03:24.5708342Z #16 DONE 0.0s
Build Dashboard Image	Build and push dashboard image	2026-03-23T23:03:24.5708491Z 
Build Dashboard Image	Build and push dashboard image	2026-03-23T23:03:24.5708688Z #17 pushing ghcr.io/whitehatd/thesis-dashboard:latest with docker
Build Dashboard Image	Build and push dashboard image	2026-03-23T23:03:24.5709137Z #17 pushing layer e2fbb54ec8ab
Build Dashboard Image	Build and push dashboard image	2026-03-23T23:03:24.5709411Z #17 pushing layer 0cdd0b30b2f7
Build Dashboard Image	Build and push dashboard image	2026-03-23T23:03:24.5709799Z #17 pushing layer 5a71c62bea49
Build Dashboard Image	Build and push dashboard image	2026-03-23T23:03:24.5710147Z #17 pushing layer f70cd703a345
Build Dashboard Image	Build and push dashboard image	2026-03-23T23:03:24.5710413Z #17 pushing layer ce29895978ec 0.1s
Build Dashboard Image	Build and push dashboard image	2026-03-23T23:03:24.5710862Z #17 pushing layer 6e7f71700cfd
Build Dashboard Image	Build and push dashboard image	2026-03-23T23:03:24.5711140Z #17 pushing layer ad8a028fb847
Build Dashboard Image	Build and push dashboard image	2026-03-23T23:03:24.5711432Z #17 pushing layer 989e799e6349
Build Dashboard Image	Build and push dashboard image	2026-03-23T23:03:24.6846228Z #17 pushing layer e2fbb54ec8ab 9.22kB / 3.31kB 0.2s
Build Dashboard Image	Build and push dashboard image	2026-03-23T23:03:24.7887201Z #17 pushing layer 0cdd0b30b2f7 1.11MB / 1.10MB 0.3s
Build Dashboard Image	Build and push dashboard image	2026-03-23T23:03:24.8891043Z #17 pushing layer 5a71c62bea49 6.05MB / 71.47MB 0.4s
Build Dashboard Image	Build and push dashboard image	2026-03-23T23:03:25.0987669Z #17 pushing layer 5a71c62bea49 11.62MB / 71.47MB 0.6s
Build Dashboard Image	Build and push dashboard image	2026-03-23T23:03:25.3179020Z #17 pushing layer 5a71c62bea49 18.29MB / 71.47MB 0.9s
Build Dashboard Image	Build and push dashboard image	2026-03-23T23:03:25.5511749Z #17 pushing layer 5a71c62bea49 24.98MB / 71.47MB 1.1s
Build Dashboard Image	Build and push dashboard image	2026-03-23T23:03:25.6563006Z #17 pushing layer e2fbb54ec8ab 1.2s done
Build Dashboard Image	Build and push dashboard image	2026-03-23T23:03:25.7656227Z #17 pushing layer 0cdd0b30b2f7 1.3s done
Build Dashboard Image	Build and push dashboard image	2026-03-23T23:03:25.7657365Z #17 pushing layer 5a71c62bea49 30.55MB / 71.47MB 1.3s
Build Dashboard Image	Build and push dashboard image	2026-03-23T23:03:25.7657873Z #17 pushing layer f70cd703a345 1.2s done
Build Dashboard Image	Build and push dashboard image	2026-03-23T23:03:25.8755591Z #17 pushing layer 5a71c62bea49 34.45MB / 71.47MB 1.4s
Build Dashboard Image	Build and push dashboard image	2026-03-23T23:03:26.0945102Z #17 pushing layer 5a71c62bea49 41.39MB / 71.47MB 1.6s
Build Dashboard Image	Build and push dashboard image	2026-03-23T23:03:26.1996455Z #17 pushing layer 5a71c62bea49 45.16MB / 71.47MB 1.7s
Build Dashboard Image	Build and push dashboard image	2026-03-23T23:03:26.3093866Z #17 pushing layer 5a71c62bea49 50.62MB / 71.47MB 1.9s
Build Dashboard Image	Build and push dashboard image	2026-03-23T23:03:26.5205854Z #17 pushing layer 5a71c62bea49 57.21MB / 71.47MB 2.1s
Build Dashboard Image	Build and push dashboard image	2026-03-23T23:03:26.7223645Z #17 pushing layer 5a71c62bea49 63.76MB / 71.47MB 2.3s
Build Dashboard Image	Build and push dashboard image	2026-03-23T23:03:26.9264537Z #17 pushing layer 5a71c62bea49 70.45MB / 71.47MB 2.5s
Build Dashboard Image	Build and push dashboard image	2026-03-23T23:03:28.2470321Z #17 pushing layer 5a71c62bea49 3.8s done
Build Dashboard Image	Build and push dashboard image	2026-03-23T23:03:29.6907758Z #17 pushing layer ce29895978ec 5.2s done
Build Dashboard Image	Build and push dashboard image	2026-03-23T23:03:29.8369535Z #17 pushing layer 6e7f71700cfd 5.2s done
Build Dashboard Image	Build and push dashboard image	2026-03-23T23:03:29.8370823Z #17 pushing layer ad8a028fb847 5.2s done
Build Dashboard Image	Build and push dashboard image	2026-03-23T23:03:29.8371489Z #17 pushing layer 989e799e6349 5.2s done
Build Dashboard Image	Build and push dashboard image	2026-03-23T23:03:29.8372023Z #17 DONE 5.3s
Build Dashboard Image	Build and push dashboard image	2026-03-23T23:03:29.8372346Z 
Build Dashboard Image	Build and push dashboard image	2026-03-23T23:03:29.8372724Z #18 pushing ghcr.io/whitehatd/thesis-dashboard:ed74cd31e83301abb2b4d417c7477d2e37e9ac60 with docker
Build Dashboard Image	Build and push dashboard image	2026-03-23T23:03:29.8373270Z #18 pushing layer ce29895978ec
Build Dashboard Image	Build and push dashboard image	2026-03-23T23:03:29.8373564Z #18 pushing layer 6e7f71700cfd
Build Dashboard Image	Build and push dashboard image	2026-03-23T23:03:29.8373934Z #18 pushing layer ad8a028fb847
Build Dashboard Image	Build and push dashboard image	2026-03-23T23:03:29.8374256Z #18 pushing layer 989e799e6349
Build Dashboard Image	Build and push dashboard image	2026-03-23T23:03:30.1981354Z #18 pushing layer 0cdd0b30b2f7 0.5s done
Build Dashboard Image	Build and push dashboard image	2026-03-23T23:03:30.3487453Z #18 pushing layer e2fbb54ec8ab 0.5s done
Build Dashboard Image	Build and push dashboard image	2026-03-23T23:03:30.3488268Z #18 pushing layer 5a71c62bea49 0.5s done
Build Dashboard Image	Build and push dashboard image	2026-03-23T23:03:30.3488644Z #18 pushing layer f70cd703a345 0.5s done
Build Dashboard Image	Build and push dashboard image	2026-03-23T23:03:30.3489057Z #18 pushing layer ce29895978ec 0.5s done
Build Dashboard Image	Build and push dashboard image	2026-03-23T23:03:30.3489411Z #18 pushing layer 6e7f71700cfd 0.5s done
Build Dashboard Image	Build and push dashboard image	2026-03-23T23:03:30.3489784Z #18 pushing layer ad8a028fb847 0.5s done
Build Dashboard Image	Build and push dashboard image	2026-03-23T23:03:30.3490096Z #18 pushing layer 989e799e6349 0.5s done
Build Dashboard Image	Build and push dashboard image	2026-03-23T23:03:30.3490464Z #18 DONE 0.5s
Build Dashboard Image	Build and push dashboard image	2026-03-23T23:03:30.5121174Z ##[group]ImageID
Build Dashboard Image	Build and push dashboard image	2026-03-23T23:03:30.5122072Z sha256:e8f11fe9ac38060964c44986ed34787533493f36cd67b45e2d2a6c2c41a36138
Build Dashboard Image	Build and push dashboard image	2026-03-23T23:03:30.5123245Z ##[endgroup]
Build Dashboard Image	Build and push dashboard image	2026-03-23T23:03:30.5124089Z ##[group]Digest
Build Dashboard Image	Build and push dashboard image	2026-03-23T23:03:30.5124793Z sha256:fdf0e25ff792771d47a9246c15a86c80b8297fe14645d6588311fabeea706baf
Build Dashboard Image	Build and push dashboard image	2026-03-23T23:03:30.5126469Z ##[endgroup]
Build Dashboard Image	Build and push dashboard image	2026-03-23T23:03:30.5127451Z ##[group]Metadata
Build Dashboard Image	Build and push dashboard image	2026-03-23T23:03:30.5127918Z {
Build Dashboard Image	Build and push dashboard image	2026-03-23T23:03:30.5128530Z   "buildx.build.provenance": {
Build Dashboard Image	Build and push dashboard image	2026-03-23T23:03:30.5129097Z     "builder": {
Build Dashboard Image	Build and push dashboard image	2026-03-23T23:03:30.5129509Z       "id": ""
Build Dashboard Image	Build and push dashboard image	2026-03-23T23:03:30.5129922Z     },
Build Dashboard Image	Build and push dashboard image	2026-03-23T23:03:30.5130551Z     "buildType": "https://mobyproject.org/buildkit@v1",
Build Dashboard Image	Build and push dashboard image	2026-03-23T23:03:30.5131375Z     "materials": [
Build Dashboard Image	Build and push dashboard image	2026-03-23T23:03:30.5131839Z       {
Build Dashboard Image	Build and push dashboard image	2026-03-23T23:03:30.5132483Z         "uri": "pkg:docker/node@20-alpine?platform=linux%2Famd64",
Build Dashboard Image	Build and push dashboard image	2026-03-23T23:03:30.5133154Z         "digest": {
Build Dashboard Image	Build and push dashboard image	2026-03-23T23:03:30.5134002Z           "sha256": "b88333c42c23fbd91596ebd7fd10de239cedab9617de04142dde7315e3bc0afa"
Build Dashboard Image	Build and push dashboard image	2026-03-23T23:03:30.5164184Z         }
Build Dashboard Image	Build and push dashboard image	2026-03-23T23:03:30.5164464Z       }
Build Dashboard Image	Build and push dashboard image	2026-03-23T23:03:30.5164722Z     ],
Build Dashboard Image	Build and push dashboard image	2026-03-23T23:03:30.5165226Z     "invocation": {
Build Dashboard Image	Build and push dashboard image	2026-03-23T23:03:30.5165542Z       "configSource": {
Build Dashboard Image	Build and push dashboard image	2026-03-23T23:03:30.5165886Z         "entryPoint": "Dockerfile"
Build Dashboard Image	Build and push dashboard image	2026-03-23T23:03:30.5166267Z       },
Build Dashboard Image	Build and push dashboard image	2026-03-23T23:03:30.5166519Z       "parameters": {
Build Dashboard Image	Build and push dashboard image	2026-03-23T23:03:30.5166851Z         "frontend": "dockerfile.v0",
Build Dashboard Image	Build and push dashboard image	2026-03-23T23:03:30.5167233Z         "locals": [
Build Dashboard Image	Build and push dashboard image	2026-03-23T23:03:30.5167511Z           {
Build Dashboard Image	Build and push dashboard image	2026-03-23T23:03:30.5167774Z             "name": "context"
Build Dashboard Image	Build and push dashboard image	2026-03-23T23:03:30.5168098Z           },
Build Dashboard Image	Build and push dashboard image	2026-03-23T23:03:30.5168350Z           {
Build Dashboard Image	Build and push dashboard image	2026-03-23T23:03:30.5168613Z             "name": "dockerfile"
Build Dashboard Image	Build and push dashboard image	2026-03-23T23:03:30.5168947Z           }
Build Dashboard Image	Build and push dashboard image	2026-03-23T23:03:30.5169197Z         ]
Build Dashboard Image	Build and push dashboard image	2026-03-23T23:03:30.5169432Z       },
Build Dashboard Image	Build and push dashboard image	2026-03-23T23:03:30.5169688Z       "environment": {
Build Dashboard Image	Build and push dashboard image	2026-03-23T23:03:30.5170009Z         "platform": "linux/amd64"
Build Dashboard Image	Build and push dashboard image	2026-03-23T23:03:30.5170352Z       }
Build Dashboard Image	Build and push dashboard image	2026-03-23T23:03:30.5170591Z     }
Build Dashboard Image	Build and push dashboard image	2026-03-23T23:03:30.5170820Z   },
Build Dashboard Image	Build and push dashboard image	2026-03-23T23:03:30.5171227Z   "buildx.build.ref": "default/default/nqickit3mm4rg6lgytnkxrn36",
Build Dashboard Image	Build and push dashboard image	2026-03-23T23:03:30.5172266Z   "containerimage.config.digest": "sha256:e8f11fe9ac38060964c44986ed34787533493f36cd67b45e2d2a6c2c41a36138",
Build Dashboard Image	Build and push dashboard image	2026-03-23T23:03:30.5173483Z   "containerimage.digest": "sha256:fdf0e25ff792771d47a9246c15a86c80b8297fe14645d6588311fabeea706baf",
Build Dashboard Image	Build and push dashboard image	2026-03-23T23:03:30.5175192Z   "image.name": "ghcr.io/whitehatd/thesis-dashboard:latest,ghcr.io/whitehatd/thesis-dashboard:ed74cd31e83301abb2b4d417c7477d2e37e9ac60"
Build Dashboard Image	Build and push dashboard image	2026-03-23T23:03:30.5176248Z }
Build Dashboard Image	Build and push dashboard image	2026-03-23T23:03:30.5176770Z ##[endgroup]
Build Dashboard Image	Post Build and push dashboard image	´╗┐2026-03-23T23:03:30.5291510Z Post job cleanup.
Build Dashboard Image	Post Build and push dashboard image	2026-03-23T23:03:30.7391506Z ##[group]Removing temp folder /home/runner/work/_temp/docker-actions-toolkit-kJvZAn
Build Dashboard Image	Post Build and push dashboard image	2026-03-23T23:03:30.7404665Z ##[endgroup]
Build Dashboard Image	Post Build and push dashboard image	2026-03-23T23:03:30.7405394Z ##[group]Post cache
Build Dashboard Image	Post Build and push dashboard image	2026-03-23T23:03:30.7409418Z State not set
Build Dashboard Image	Post Build and push dashboard image	2026-03-23T23:03:30.7410831Z ##[endgroup]
Build Dashboard Image	Post Log in to GitHub Container Registry	´╗┐2026-03-23T23:03:30.7521700Z Post job cleanup.
Build Dashboard Image	Post Log in to GitHub Container Registry	2026-03-23T23:03:31.0368955Z ##[group]Logout from ghcr.io
Build Dashboard Image	Post Log in to GitHub Container Registry	2026-03-23T23:03:31.0411869Z [command]/usr/bin/docker logout ghcr.io
Build Dashboard Image	Post Log in to GitHub Container Registry	2026-03-23T23:03:31.0532798Z Removing login credentials for ghcr.io
Build Dashboard Image	Post Log in to GitHub Container Registry	2026-03-23T23:03:31.0564506Z ##[endgroup]
Build Dashboard Image	Post Log in to GitHub Container Registry	2026-03-23T23:03:31.0564865Z ##[group]Post cache
Build Dashboard Image	Post Log in to GitHub Container Registry	2026-03-23T23:03:31.0567176Z State not set
Build Dashboard Image	Post Log in to GitHub Container Registry	2026-03-23T23:03:31.0568033Z ##[endgroup]
Build Dashboard Image	Post Run actions/checkout@v4	´╗┐2026-03-23T23:03:31.0736820Z Post job cleanup.
Build Dashboard Image	Post Run actions/checkout@v4	2026-03-23T23:03:31.1671375Z [command]/usr/bin/git version
Build Dashboard Image	Post Run actions/checkout@v4	2026-03-23T23:03:31.1707164Z git version 2.53.0
Build Dashboard Image	Post Run actions/checkout@v4	2026-03-23T23:03:31.1750544Z Temporarily overriding HOME='/home/runner/work/_temp/42871bfa-05aa-4c8c-b519-8b3c6d0a6a25' before making global git config changes
Build Dashboard Image	Post Run actions/checkout@v4	2026-03-23T23:03:31.1751855Z Adding repository directory to the temporary git global config as a safe directory
Build Dashboard Image	Post Run actions/checkout@v4	2026-03-23T23:03:31.1758031Z [command]/usr/bin/git config --global --add safe.directory /home/runner/work/thesis-iot-monitoring/thesis-iot-monitoring
Build Dashboard Image	Post Run actions/checkout@v4	2026-03-23T23:03:31.1806687Z [command]/usr/bin/git config --local --name-only --get-regexp core\.sshCommand
Build Dashboard Image	Post Run actions/checkout@v4	2026-03-23T23:03:31.1843103Z [command]/usr/bin/git submodule foreach --recursive sh -c "git config --local --name-only --get-regexp 'core\.sshCommand' && git config --local --unset-all 'core.sshCommand' || :"
Build Dashboard Image	Post Run actions/checkout@v4	2026-03-23T23:03:31.2108198Z [command]/usr/bin/git config --local --name-only --get-regexp http\.https\:\/\/github\.com\/\.extraheader
Build Dashboard Image	Post Run actions/checkout@v4	2026-03-23T23:03:31.2131821Z http.https://github.com/.extraheader
Build Dashboard Image	Post Run actions/checkout@v4	2026-03-23T23:03:31.2148491Z [command]/usr/bin/git config --local --unset-all http.https://github.com/.extraheader
Build Dashboard Image	Post Run actions/checkout@v4	2026-03-23T23:03:31.2183955Z [command]/usr/bin/git submodule foreach --recursive sh -c "git config --local --name-only --get-regexp 'http\.https\:\/\/github\.com\/\.extraheader' && git config --local --unset-all 'http.https://github.com/.extraheader' || :"
Build Dashboard Image	Post Run actions/checkout@v4	2026-03-23T23:03:31.2432644Z [command]/usr/bin/git config --local --name-only --get-regexp ^includeIf\.gitdir:
Build Dashboard Image	Post Run actions/checkout@v4	2026-03-23T23:03:31.2463998Z [command]/usr/bin/git submodule foreach --recursive git config --local --show-origin --name-only --get-regexp remote.origin.url
Build Dashboard Image	Complete job	´╗┐2026-03-23T23:03:31.2799131Z Cleaning up orphan processes
Build Dashboard Image	Complete job	2026-03-23T23:03:31.3105859Z ##[warning]Node.js 20 actions are deprecated. The following actions are running on Node.js 20 and may not work as expected: actions/checkout@v4, docker/build-push-action@v5, docker/login-action@v3. Actions will be forced to run with Node.js 24 by default starting June 2nd, 2026. Please check if updated versions of these actions are available that support Node.js 24. To opt into Node.js 24 now, set the FORCE_JAVASCRIPT_ACTIONS_TO_NODE24=true environment variable on the runner or in your workflow file. Once Node.js 24 becomes the default, you can temporarily opt out by setting ACTIONS_ALLOW_USE_UNSECURE_NODE_VERSION=true. For more information see: https://github.blog/changelog/2025-09-19-deprecation-of-node-20-on-github-actions-runners/
Notify Board (OTA)	Set up job	´╗┐2026-03-23T23:03:54.2872893Z Current runner version: '2.332.0'
Notify Board (OTA)	Set up job	2026-03-23T23:03:54.2900497Z ##[group]Runner Image Provisioner
Notify Board (OTA)	Set up job	2026-03-23T23:03:54.2901482Z Hosted Compute Agent
Notify Board (OTA)	Set up job	2026-03-23T23:03:54.2902377Z Version: 20260213.493
Notify Board (OTA)	Set up job	2026-03-23T23:03:54.2902998Z Commit: 5c115507f6dd24b8de37d8bbe0bb4509d0cc0fa3
Notify Board (OTA)	Set up job	2026-03-23T23:03:54.2903738Z Build Date: 2026-02-13T00:28:41Z
Notify Board (OTA)	Set up job	2026-03-23T23:03:54.2904553Z Worker ID: {7bdb298d-3de9-4281-b9cf-3e220f2fb6ed}
Notify Board (OTA)	Set up job	2026-03-23T23:03:54.2905374Z Azure Region: centralus
Notify Board (OTA)	Set up job	2026-03-23T23:03:54.2905966Z ##[endgroup]
Notify Board (OTA)	Set up job	2026-03-23T23:03:54.2907959Z ##[group]Operating System
Notify Board (OTA)	Set up job	2026-03-23T23:03:54.2908620Z Ubuntu
Notify Board (OTA)	Set up job	2026-03-23T23:03:54.2909071Z 24.04.3
Notify Board (OTA)	Set up job	2026-03-23T23:03:54.2910037Z LTS
Notify Board (OTA)	Set up job	2026-03-23T23:03:54.2910561Z ##[endgroup]
Notify Board (OTA)	Set up job	2026-03-23T23:03:54.2911082Z ##[group]Runner Image
Notify Board (OTA)	Set up job	2026-03-23T23:03:54.2911765Z Image: ubuntu-24.04
Notify Board (OTA)	Set up job	2026-03-23T23:03:54.2912331Z Version: 20260309.50.1
Notify Board (OTA)	Set up job	2026-03-23T23:03:54.2913307Z Included Software: https://github.com/actions/runner-images/blob/ubuntu24/20260309.50/images/ubuntu/Ubuntu2404-Readme.md
Notify Board (OTA)	Set up job	2026-03-23T23:03:54.2915315Z Image Release: https://github.com/actions/runner-images/releases/tag/ubuntu24%2F20260309.50
Notify Board (OTA)	Set up job	2026-03-23T23:03:54.2916328Z ##[endgroup]
Notify Board (OTA)	Set up job	2026-03-23T23:03:54.2917569Z ##[group]GITHUB_TOKEN Permissions
Notify Board (OTA)	Set up job	2026-03-23T23:03:54.2920036Z Contents: read
Notify Board (OTA)	Set up job	2026-03-23T23:03:54.2920638Z Metadata: read
Notify Board (OTA)	Set up job	2026-03-23T23:03:54.2921245Z Packages: read
Notify Board (OTA)	Set up job	2026-03-23T23:03:54.2921840Z ##[endgroup]
Notify Board (OTA)	Set up job	2026-03-23T23:03:54.2923959Z Secret source: Actions
Notify Board (OTA)	Set up job	2026-03-23T23:03:54.2925281Z Prepare workflow directory
Notify Board (OTA)	Set up job	2026-03-23T23:03:54.3329711Z Prepare all required actions
Notify Board (OTA)	Set up job	2026-03-23T23:03:54.3389581Z Complete job name: Notify Board (OTA)
Notify Board (OTA)	Wait for container auto-update	´╗┐2026-03-23T23:03:54.4096935Z ##[group]Run echo "ÔÅ│ Waiting 30s for Watchtower to pull new images..."
Notify Board (OTA)	Wait for container auto-update	2026-03-23T23:03:54.4097982Z [36;1mecho "ÔÅ│ Waiting 30s for Watchtower to pull new images..."[0m
Notify Board (OTA)	Wait for container auto-update	2026-03-23T23:03:54.4098756Z [36;1msleep 30[0m
Notify Board (OTA)	Wait for container auto-update	2026-03-23T23:03:54.4912251Z shell: /usr/bin/bash -e {0}
Notify Board (OTA)	Wait for container auto-update	2026-03-23T23:03:54.4914191Z env:
Notify Board (OTA)	Wait for container auto-update	2026-03-23T23:03:54.4915167Z   REGISTRY: ghcr.io
Notify Board (OTA)	Wait for container auto-update	2026-03-23T23:03:54.4916190Z ##[endgroup]
Notify Board (OTA)	Wait for container auto-update	2026-03-23T23:03:54.5309256Z ÔÅ│ Waiting 30s for Watchtower to pull new images...
Notify Board (OTA)	Trigger OTA notification via server API	´╗┐2026-03-23T23:04:24.5446696Z ##[group]Run if [ -z "$DEPLOY_URL" ]; then
Notify Board (OTA)	Trigger OTA notification via server API	2026-03-23T23:04:24.5447177Z [36;1mif [ -z "$DEPLOY_URL" ]; then[0m
Notify Board (OTA)	Trigger OTA notification via server API	2026-03-23T23:04:24.5447631Z [36;1m  echo "ÔÜá´©Å  DEPLOY_SERVER_URL secret not configured ÔÇö skipping notification"[0m
Notify Board (OTA)	Trigger OTA notification via server API	2026-03-23T23:04:24.5448218Z [36;1m  echo "   Set this secret in repo settings to enable OTA notifications"[0m
Notify Board (OTA)	Trigger OTA notification via server API	2026-03-23T23:04:24.5448631Z [36;1m  exit 0[0m
Notify Board (OTA)	Trigger OTA notification via server API	2026-03-23T23:04:24.5448868Z [36;1mfi[0m
Notify Board (OTA)	Trigger OTA notification via server API	2026-03-23T23:04:24.5449087Z [36;1m[0m
Notify Board (OTA)	Trigger OTA notification via server API	2026-03-23T23:04:24.5449325Z [36;1mfor attempt in 1 2 3; do[0m
Notify Board (OTA)	Trigger OTA notification via server API	2026-03-23T23:04:24.5449731Z [36;1m  echo "­ƒôí Attempt $attempt/3: POST ${DEPLOY_URL}/api/firmware/notify"[0m
Notify Board (OTA)	Trigger OTA notification via server API	2026-03-23T23:04:24.5450124Z [36;1m[0m
Notify Board (OTA)	Trigger OTA notification via server API	2026-03-23T23:04:24.5450453Z [36;1m  HTTP_CODE=$(curl -s -o /tmp/response.json -w "%{http_code}" \[0m
Notify Board (OTA)	Trigger OTA notification via server API	2026-03-23T23:04:24.5451084Z [36;1m    -X POST "${DEPLOY_URL}/api/firmware/notify?commit_sha=ed74cd31e83301abb2b4d417c7477d2e37e9ac60" \[0m
Notify Board (OTA)	Trigger OTA notification via server API	2026-03-23T23:04:24.5451686Z [36;1m    -H "X-Firmware-Token: ${FIRMWARE_TOKEN}" \[0m
Notify Board (OTA)	Trigger OTA notification via server API	2026-03-23T23:04:24.5452101Z [36;1m    -H "Content-Type: application/json" \[0m
Notify Board (OTA)	Trigger OTA notification via server API	2026-03-23T23:04:24.5452431Z [36;1m    --connect-timeout 10 \[0m
Notify Board (OTA)	Trigger OTA notification via server API	2026-03-23T23:04:24.5452737Z [36;1m    --max-time 30) || true[0m
Notify Board (OTA)	Trigger OTA notification via server API	2026-03-23T23:04:24.5453006Z [36;1m[0m
Notify Board (OTA)	Trigger OTA notification via server API	2026-03-23T23:04:24.5453248Z [36;1m  if [ "$HTTP_CODE" = "200" ]; then[0m
Notify Board (OTA)	Trigger OTA notification via server API	2026-03-23T23:04:24.5453811Z [36;1m    echo "Ô£à Board notified successfully"[0m
Notify Board (OTA)	Trigger OTA notification via server API	2026-03-23T23:04:24.5454360Z [36;1m    echo "ÔöÇÔöÇ Response ÔöÇÔöÇ"[0m
Notify Board (OTA)	Trigger OTA notification via server API	2026-03-23T23:04:24.5454990Z [36;1m    cat /tmp/response.json[0m
Notify Board (OTA)	Trigger OTA notification via server API	2026-03-23T23:04:24.5455455Z [36;1m    echo ""[0m
Notify Board (OTA)	Trigger OTA notification via server API	2026-03-23T23:04:24.5455783Z [36;1m    exit 0[0m
Notify Board (OTA)	Trigger OTA notification via server API	2026-03-23T23:04:24.5456082Z [36;1m  fi[0m
Notify Board (OTA)	Trigger OTA notification via server API	2026-03-23T23:04:24.5456363Z [36;1m[0m
Notify Board (OTA)	Trigger OTA notification via server API	2026-03-23T23:04:24.5456684Z [36;1m  echo "ÔÜá´©Å  HTTP $HTTP_CODE ÔÇö response:"[0m
Notify Board (OTA)	Trigger OTA notification via server API	2026-03-23T23:04:24.5457293Z [36;1m  cat /tmp/response.json 2>/dev/null || echo "(no response body)"[0m
Notify Board (OTA)	Trigger OTA notification via server API	2026-03-23T23:04:24.5458298Z [36;1m  echo ""[0m
Notify Board (OTA)	Trigger OTA notification via server API	2026-03-23T23:04:24.5458658Z [36;1m[0m
Notify Board (OTA)	Trigger OTA notification via server API	2026-03-23T23:04:24.5459055Z [36;1m  if [ "$attempt" -lt 3 ]; then[0m
Notify Board (OTA)	Trigger OTA notification via server API	2026-03-23T23:04:24.5459412Z [36;1m    WAIT=$((attempt * 10))[0m
Notify Board (OTA)	Trigger OTA notification via server API	2026-03-23T23:04:24.5459721Z [36;1m    echo "   Retrying in ${WAIT}s..."[0m
Notify Board (OTA)	Trigger OTA notification via server API	2026-03-23T23:04:24.5460026Z [36;1m    sleep $WAIT[0m
Notify Board (OTA)	Trigger OTA notification via server API	2026-03-23T23:04:24.5460278Z [36;1m  fi[0m
Notify Board (OTA)	Trigger OTA notification via server API	2026-03-23T23:04:24.5460496Z [36;1mdone[0m
Notify Board (OTA)	Trigger OTA notification via server API	2026-03-23T23:04:24.5460710Z [36;1m[0m
Notify Board (OTA)	Trigger OTA notification via server API	2026-03-23T23:04:24.5460996Z [36;1mecho "ÔØî Failed to notify board after 3 attempts"[0m
Notify Board (OTA)	Trigger OTA notification via server API	2026-03-23T23:04:24.5461345Z [36;1mexit 1[0m
Notify Board (OTA)	Trigger OTA notification via server API	2026-03-23T23:04:24.5514386Z shell: /usr/bin/bash -e {0}
Notify Board (OTA)	Trigger OTA notification via server API	2026-03-23T23:04:24.5514691Z env:
Notify Board (OTA)	Trigger OTA notification via server API	2026-03-23T23:04:24.5515091Z   REGISTRY: ghcr.io
Notify Board (OTA)	Trigger OTA notification via server API	2026-03-23T23:04:24.5515804Z   DEPLOY_URL: ***
Notify Board (OTA)	Trigger OTA notification via server API	2026-03-23T23:04:24.5516081Z   FIRMWARE_TOKEN: ***
Notify Board (OTA)	Trigger OTA notification via server API	2026-03-23T23:04:24.5516336Z ##[endgroup]
Notify Board (OTA)	Trigger OTA notification via server API	2026-03-23T23:04:24.5592118Z ­ƒôí Attempt 1/3: POST ***/api/firmware/notify
Notify Board (OTA)	Trigger OTA notification via server API	2026-03-23T23:04:24.8503553Z Ô£à Board notified successfully
Notify Board (OTA)	Trigger OTA notification via server API	2026-03-23T23:04:24.8504270Z ÔöÇÔöÇ Response ÔöÇÔöÇ
Notify Board (OTA)	Trigger OTA notification via server API	2026-03-23T23:04:24.8518146Z {"status":"notified","topic":"device/stm32/commands","commit":"ed74cd31e83301abb2b4d417c7477d2e37e9ac60","timestamp":"2026-03-23T23:04:24.780834+00:00"}
Notify Board (OTA)	Complete job	´╗┐2026-03-23T23:04:24.8570588Z Cleaning up orphan processes
